[info] using task orders [0, 1, 2, 3, 4, 5, 6, 7, 8, 9]
[info] using task orders [0, 1, 2, 3, 4, 5, 6, 7, 8, 9]
[info] using task orders [0, 1, 2, 3, 4, 5, 6, 7, 8, 9]
[info] using task orders [0, 1, 2, 3, 4, 5, 6, 7, 8, 9]
[info] using task orders [0, 1, 2, 3, 4, 5, 6, 7, 8, 9]
[info] using task orders [0, 1, 2, 3, 4, 5, 6, 7, 8, 9]
[info] using task orders [0, 1, 2, 3, 4, 5, 6, 7, 8, 9]
[info] using task orders [0, 1, 2, 3, 4, 5, 6, 7, 8, 9]
2026-07-16 19:47:28,386 [INFO] worker rank=1/8 physical_gpu=1 device=cuda:0 tasks=5 model=/mnt/afs/zhengmingkai/raozf/models/fastwam_libero
2026-07-16 19:47:56,707 [INFO] Initialized MoT with experts: ['video', 'action'], num_layers=30
2026-07-16 19:47:56,710 [INFO]   Expert 'video': num_params=5.00 B
2026-07-16 19:47:56,713 [INFO]   Expert 'action': num_params=1.02 B
2026-07-16 19:48:46,136 [INFO] Loading UMT5 sidecar: /mnt/afs/zhengmingkai/raozf/models/fastwam_libero/models_t5_umt5-xxl-enc-bf16.safetensors
2026-07-16 19:49:50,934 [INFO] Loading Wan VAE sidecar: /mnt/afs/zhengmingkai/raozf/models/fastwam_libero/Wan2.2_VAE.safetensors
2026-07-16 19:49:59,232 [INFO] Loading policy weights: /mnt/afs/zhengmingkai/raozf/models/fastwam_libero/model.safetensors
[info] using task orders [0, 1, 2, 3, 4, 5, 6, 7, 8, 9]
2026-07-16 19:51:06,038 [INFO] No OpenGL_accelerate module loaded: No module named 'OpenGL_accelerate'
/root/envs/fastwam_libero/lib/python3.10/site-packages/torch/nn/functional.py:5991: UserWarning: 1Torch was not compiled with memory efficient attention. (Triggered internally at /workspace/framework/mcPytorch/aten/src/ATen/native/transformers/cuda/sdp_utils.cpp:725.)
  return _scaled_dot_product_attention(query, key, value, attn_mask, dropout_p, is_causal, scale = scale, enable_gqa = enable_gqa)
2026-07-16 19:51:48,258 [INFO] seed=1 suite=libero_spatial task=1 episode=0 success=True
2026-07-16 19:52:20,478 [INFO] seed=1 suite=libero_spatial task=1 episode=1 success=True
2026-07-16 19:52:55,270 [INFO] seed=1 suite=libero_spatial task=1 episode=2 success=True
2026-07-16 19:53:29,626 [INFO] seed=1 suite=libero_spatial task=1 episode=3 success=True
2026-07-16 19:54:05,823 [INFO] seed=1 suite=libero_spatial task=1 episode=4 success=True
2026-07-16 19:54:40,189 [INFO] seed=1 suite=libero_spatial task=1 episode=5 success=True
2026-07-16 19:55:15,309 [INFO] seed=1 suite=libero_spatial task=1 episode=6 success=True
2026-07-16 19:55:48,135 [INFO] seed=1 suite=libero_spatial task=1 episode=7 success=True
2026-07-16 19:56:22,606 [INFO] seed=1 suite=libero_spatial task=1 episode=8 success=True
2026-07-16 19:56:57,232 [INFO] seed=1 suite=libero_spatial task=1 episode=9 success=True
2026-07-16 19:57:30,918 [INFO] seed=1 suite=libero_spatial task=1 episode=10 success=True
2026-07-16 19:58:06,615 [INFO] seed=1 suite=libero_spatial task=1 episode=11 success=True
2026-07-16 19:58:41,861 [INFO] seed=1 suite=libero_spatial task=1 episode=12 success=True
2026-07-16 19:59:18,217 [INFO] seed=1 suite=libero_spatial task=1 episode=13 success=True
2026-07-16 19:59:53,728 [INFO] seed=1 suite=libero_spatial task=1 episode=14 success=True
2026-07-16 20:00:27,850 [INFO] seed=1 suite=libero_spatial task=1 episode=15 success=True
2026-07-16 20:01:04,835 [INFO] seed=1 suite=libero_spatial task=1 episode=16 success=True
2026-07-16 20:01:40,937 [INFO] seed=1 suite=libero_spatial task=1 episode=17 success=True
2026-07-16 20:02:15,514 [INFO] seed=1 suite=libero_spatial task=1 episode=18 success=True
2026-07-16 20:02:52,301 [INFO] seed=1 suite=libero_spatial task=1 episode=19 success=True
2026-07-16 20:03:27,502 [INFO] seed=1 suite=libero_spatial task=1 episode=20 success=True
2026-07-16 20:04:03,033 [INFO] seed=1 suite=libero_spatial task=1 episode=21 success=True
2026-07-16 20:04:36,980 [INFO] seed=1 suite=libero_spatial task=1 episode=22 success=True
2026-07-16 20:05:11,937 [INFO] seed=1 suite=libero_spatial task=1 episode=23 success=True
2026-07-16 20:05:47,334 [INFO] seed=1 suite=libero_spatial task=1 episode=24 success=True
2026-07-16 20:06:22,387 [INFO] seed=1 suite=libero_spatial task=1 episode=25 success=True
2026-07-16 20:06:59,828 [INFO] seed=1 suite=libero_spatial task=1 episode=26 success=True
2026-07-16 20:07:34,310 [INFO] seed=1 suite=libero_spatial task=1 episode=27 success=True
2026-07-16 20:08:12,764 [INFO] seed=1 suite=libero_spatial task=1 episode=28 success=True
2026-07-16 20:08:50,205 [INFO] seed=1 suite=libero_spatial task=1 episode=29 success=True
2026-07-16 20:09:25,092 [INFO] seed=1 suite=libero_spatial task=1 episode=30 success=True
2026-07-16 20:10:00,844 [INFO] seed=1 suite=libero_spatial task=1 episode=31 success=True
2026-07-16 20:10:35,740 [INFO] seed=1 suite=libero_spatial task=1 episode=32 success=True
2026-07-16 20:11:11,917 [INFO] seed=1 suite=libero_spatial task=1 episode=33 success=True
2026-07-16 20:11:45,061 [INFO] seed=1 suite=libero_spatial task=1 episode=34 success=True
2026-07-16 20:12:19,856 [INFO] seed=1 suite=libero_spatial task=1 episode=35 success=True
2026-07-16 20:12:58,774 [INFO] seed=1 suite=libero_spatial task=1 episode=36 success=True
2026-07-16 20:13:35,655 [INFO] seed=1 suite=libero_spatial task=1 episode=37 success=True
2026-07-16 20:14:09,937 [INFO] seed=1 suite=libero_spatial task=1 episode=38 success=True
2026-07-16 20:14:44,675 [INFO] seed=1 suite=libero_spatial task=1 episode=39 success=True
2026-07-16 20:15:19,566 [INFO] seed=1 suite=libero_spatial task=1 episode=40 success=True
2026-07-16 20:15:53,932 [INFO] seed=1 suite=libero_spatial task=1 episode=41 success=True
2026-07-16 20:16:29,532 [INFO] seed=1 suite=libero_spatial task=1 episode=42 success=True
2026-07-16 20:17:04,654 [INFO] seed=1 suite=libero_spatial task=1 episode=43 success=True
2026-07-16 20:17:37,968 [INFO] seed=1 suite=libero_spatial task=1 episode=44 success=True
2026-07-16 20:18:13,411 [INFO] seed=1 suite=libero_spatial task=1 episode=45 success=True
2026-07-16 20:18:48,943 [INFO] seed=1 suite=libero_spatial task=1 episode=46 success=True
2026-07-16 20:19:27,704 [INFO] seed=1 suite=libero_spatial task=1 episode=47 success=True
2026-07-16 20:21:12,018 [INFO] seed=1 suite=libero_spatial task=1 episode=48 success=False
2026-07-16 20:21:47,196 [INFO] seed=1 suite=libero_spatial task=1 episode=49 success=True
[info] using task orders [0, 1, 2, 3, 4, 5, 6, 7, 8, 9]
2026-07-16 20:22:27,346 [INFO] seed=1 suite=libero_spatial task=9 episode=0 success=True
2026-07-16 20:24:14,409 [INFO] seed=1 suite=libero_spatial task=9 episode=1 success=False
2026-07-16 20:24:52,626 [INFO] seed=1 suite=libero_spatial task=9 episode=2 success=True
2026-07-16 20:26:16,055 [INFO] seed=1 suite=libero_spatial task=9 episode=3 success=True
2026-07-16 20:26:55,372 [INFO] seed=1 suite=libero_spatial task=9 episode=4 success=True
2026-07-16 20:27:35,215 [INFO] seed=1 suite=libero_spatial task=9 episode=5 success=True
2026-07-16 20:28:13,492 [INFO] seed=1 suite=libero_spatial task=9 episode=6 success=True
2026-07-16 20:28:51,364 [INFO] seed=1 suite=libero_spatial task=9 episode=7 success=True
2026-07-16 20:29:45,402 [INFO] seed=1 suite=libero_spatial task=9 episode=8 success=True
2026-07-16 20:30:25,813 [INFO] seed=1 suite=libero_spatial task=9 episode=9 success=True
2026-07-16 20:31:04,603 [INFO] seed=1 suite=libero_spatial task=9 episode=10 success=True
2026-07-16 20:31:44,275 [INFO] seed=1 suite=libero_spatial task=9 episode=11 success=True
2026-07-16 20:32:23,224 [INFO] seed=1 suite=libero_spatial task=9 episode=12 success=True
2026-07-16 20:33:01,751 [INFO] seed=1 suite=libero_spatial task=9 episode=13 success=True
2026-07-16 20:33:40,092 [INFO] seed=1 suite=libero_spatial task=9 episode=14 success=True
2026-07-16 20:34:16,993 [INFO] seed=1 suite=libero_spatial task=9 episode=15 success=True
2026-07-16 20:34:56,549 [INFO] seed=1 suite=libero_spatial task=9 episode=16 success=True
2026-07-16 20:35:32,990 [INFO] seed=1 suite=libero_spatial task=9 episode=17 success=True
2026-07-16 20:36:12,898 [INFO] seed=1 suite=libero_spatial task=9 episode=18 success=True
2026-07-16 20:36:52,699 [INFO] seed=1 suite=libero_spatial task=9 episode=19 success=True
2026-07-16 20:37:31,345 [INFO] seed=1 suite=libero_spatial task=9 episode=20 success=True
2026-07-16 20:38:08,871 [INFO] seed=1 suite=libero_spatial task=9 episode=21 success=True
2026-07-16 20:38:45,459 [INFO] seed=1 suite=libero_spatial task=9 episode=22 success=True
2026-07-16 20:39:23,903 [INFO] seed=1 suite=libero_spatial task=9 episode=23 success=True
2026-07-16 20:40:03,328 [INFO] seed=1 suite=libero_spatial task=9 episode=24 success=True
2026-07-16 20:40:43,060 [INFO] seed=1 suite=libero_spatial task=9 episode=25 success=True
2026-07-16 20:41:22,086 [INFO] seed=1 suite=libero_spatial task=9 episode=26 success=True
2026-07-16 20:42:01,809 [INFO] seed=1 suite=libero_spatial task=9 episode=27 success=True
2026-07-16 20:43:54,821 [INFO] seed=1 suite=libero_spatial task=9 episode=28 success=False
2026-07-16 20:44:34,544 [INFO] seed=1 suite=libero_spatial task=9 episode=29 success=True
2026-07-16 20:45:11,697 [INFO] seed=1 suite=libero_spatial task=9 episode=30 success=True
2026-07-16 20:45:50,732 [INFO] seed=1 suite=libero_spatial task=9 episode=31 success=True
2026-07-16 20:46:30,225 [INFO] seed=1 suite=libero_spatial task=9 episode=32 success=True
2026-07-16 20:47:07,574 [INFO] seed=1 suite=libero_spatial task=9 episode=33 success=True
2026-07-16 20:47:45,627 [INFO] seed=1 suite=libero_spatial task=9 episode=34 success=True
2026-07-16 20:48:26,059 [INFO] seed=1 suite=libero_spatial task=9 episode=35 success=True
2026-07-16 20:49:04,155 [INFO] seed=1 suite=libero_spatial task=9 episode=36 success=True
2026-07-16 20:49:41,751 [INFO] seed=1 suite=libero_spatial task=9 episode=37 success=True
2026-07-16 20:50:23,613 [INFO] seed=1 suite=libero_spatial task=9 episode=38 success=True
2026-07-16 20:51:02,273 [INFO] seed=1 suite=libero_spatial task=9 episode=39 success=True
2026-07-16 20:51:41,391 [INFO] seed=1 suite=libero_spatial task=9 episode=40 success=True
2026-07-16 20:53:33,376 [INFO] seed=1 suite=libero_spatial task=9 episode=41 success=False
2026-07-16 20:54:14,353 [INFO] seed=1 suite=libero_spatial task=9 episode=42 success=True
2026-07-16 20:54:53,587 [INFO] seed=1 suite=libero_spatial task=9 episode=43 success=True
2026-07-16 20:55:33,503 [INFO] seed=1 suite=libero_spatial task=9 episode=44 success=True
2026-07-16 20:56:13,433 [INFO] seed=1 suite=libero_spatial task=9 episode=45 success=True
2026-07-16 20:56:54,049 [INFO] seed=1 suite=libero_spatial task=9 episode=46 success=True
2026-07-16 20:57:33,212 [INFO] seed=1 suite=libero_spatial task=9 episode=47 success=True
2026-07-16 20:58:12,955 [INFO] seed=1 suite=libero_spatial task=9 episode=48 success=True
2026-07-16 20:58:52,288 [INFO] seed=1 suite=libero_spatial task=9 episode=49 success=True
[info] using task orders [0, 1, 2, 3, 4, 5, 6, 7, 8, 9]
2026-07-16 20:59:24,707 [INFO] seed=1 suite=libero_object task=7 episode=0 success=True
2026-07-16 20:59:54,705 [INFO] seed=1 suite=libero_object task=7 episode=1 success=True
2026-07-16 21:00:24,690 [INFO] seed=1 suite=libero_object task=7 episode=2 success=True
2026-07-16 21:00:53,711 [INFO] seed=1 suite=libero_object task=7 episode=3 success=True
2026-07-16 21:01:23,666 [INFO] seed=1 suite=libero_object task=7 episode=4 success=True
2026-07-16 21:01:56,198 [INFO] seed=1 suite=libero_object task=7 episode=5 success=True
2026-07-16 21:02:28,124 [INFO] seed=1 suite=libero_object task=7 episode=6 success=True
2026-07-16 21:03:01,612 [INFO] seed=1 suite=libero_object task=7 episode=7 success=True
2026-07-16 21:03:38,408 [INFO] seed=1 suite=libero_object task=7 episode=8 success=True
2026-07-16 21:04:11,566 [INFO] seed=1 suite=libero_object task=7 episode=9 success=True
2026-07-16 21:04:45,074 [INFO] seed=1 suite=libero_object task=7 episode=10 success=True
2026-07-16 21:05:13,781 [INFO] seed=1 suite=libero_object task=7 episode=11 success=True
2026-07-16 21:05:40,090 [INFO] seed=1 suite=libero_object task=7 episode=12 success=True
2026-07-16 21:06:09,695 [INFO] seed=1 suite=libero_object task=7 episode=13 success=True
2026-07-16 21:06:36,015 [INFO] seed=1 suite=libero_object task=7 episode=14 success=True
2026-07-16 21:07:02,341 [INFO] seed=1 suite=libero_object task=7 episode=15 success=True
2026-07-16 21:07:34,415 [INFO] seed=1 suite=libero_object task=7 episode=16 success=True
2026-07-16 21:08:02,928 [INFO] seed=1 suite=libero_object task=7 episode=17 success=True
2026-07-16 21:08:31,422 [INFO] seed=1 suite=libero_object task=7 episode=18 success=True
2026-07-16 21:09:00,051 [INFO] seed=1 suite=libero_object task=7 episode=19 success=True
2026-07-16 21:09:28,302 [INFO] seed=1 suite=libero_object task=7 episode=20 success=True
2026-07-16 21:09:58,367 [INFO] seed=1 suite=libero_object task=7 episode=21 success=True
2026-07-16 21:10:25,527 [INFO] seed=1 suite=libero_object task=7 episode=22 success=True
2026-07-16 21:10:54,555 [INFO] seed=1 suite=libero_object task=7 episode=23 success=True
2026-07-16 21:11:24,107 [INFO] seed=1 suite=libero_object task=7 episode=24 success=True
2026-07-16 21:11:52,752 [INFO] seed=1 suite=libero_object task=7 episode=25 success=True
2026-07-16 21:12:20,852 [INFO] seed=1 suite=libero_object task=7 episode=26 success=True
2026-07-16 21:12:48,566 [INFO] seed=1 suite=libero_object task=7 episode=27 success=True
2026-07-16 21:13:15,678 [INFO] seed=1 suite=libero_object task=7 episode=28 success=True
2026-07-16 21:13:42,698 [INFO] seed=1 suite=libero_object task=7 episode=29 success=True
2026-07-16 21:14:16,940 [INFO] seed=1 suite=libero_object task=7 episode=30 success=True
2026-07-16 21:14:45,636 [INFO] seed=1 suite=libero_object task=7 episode=31 success=True
2026-07-16 21:15:13,218 [INFO] seed=1 suite=libero_object task=7 episode=32 success=True
2026-07-16 21:15:41,823 [INFO] seed=1 suite=libero_object task=7 episode=33 success=True
2026-07-16 21:16:08,021 [INFO] seed=1 suite=libero_object task=7 episode=34 success=True
2026-07-16 21:16:35,428 [INFO] seed=1 suite=libero_object task=7 episode=35 success=True
2026-07-16 21:17:03,040 [INFO] seed=1 suite=libero_object task=7 episode=36 success=True
2026-07-16 21:17:30,925 [INFO] seed=1 suite=libero_object task=7 episode=37 success=True
2026-07-16 21:18:01,016 [INFO] seed=1 suite=libero_object task=7 episode=38 success=True
2026-07-16 21:18:30,569 [INFO] seed=1 suite=libero_object task=7 episode=39 success=True
2026-07-16 21:18:58,558 [INFO] seed=1 suite=libero_object task=7 episode=40 success=True
2026-07-16 21:19:26,162 [INFO] seed=1 suite=libero_object task=7 episode=41 success=True
2026-07-16 21:19:54,062 [INFO] seed=1 suite=libero_object task=7 episode=42 success=True
2026-07-16 21:20:21,487 [INFO] seed=1 suite=libero_object task=7 episode=43 success=True
2026-07-16 21:20:50,686 [INFO] seed=1 suite=libero_object task=7 episode=44 success=True
2026-07-16 21:21:19,341 [INFO] seed=1 suite=libero_object task=7 episode=45 success=True
2026-07-16 21:21:47,124 [INFO] seed=1 suite=libero_object task=7 episode=46 success=True
2026-07-16 21:22:15,963 [INFO] seed=1 suite=libero_object task=7 episode=47 success=True
2026-07-16 21:22:43,026 [INFO] seed=1 suite=libero_object task=7 episode=48 success=True
2026-07-16 21:23:08,415 [INFO] seed=1 suite=libero_object task=7 episode=49 success=True
[info] using task orders [0, 1, 2, 3, 4, 5, 6, 7, 8, 9]
2026-07-16 21:23:48,057 [INFO] seed=1 suite=libero_goal task=5 episode=0 success=True
2026-07-16 21:24:25,664 [INFO] seed=1 suite=libero_goal task=5 episode=1 success=True
2026-07-16 21:25:02,205 [INFO] seed=1 suite=libero_goal task=5 episode=2 success=True
2026-07-16 21:25:39,267 [INFO] seed=1 suite=libero_goal task=5 episode=3 success=True
2026-07-16 21:26:17,817 [INFO] seed=1 suite=libero_goal task=5 episode=4 success=True
2026-07-16 21:26:52,571 [INFO] seed=1 suite=libero_goal task=5 episode=5 success=True
2026-07-16 21:27:25,068 [INFO] seed=1 suite=libero_goal task=5 episode=6 success=True
2026-07-16 21:28:07,807 [INFO] seed=1 suite=libero_goal task=5 episode=7 success=True
2026-07-16 21:28:45,418 [INFO] seed=1 suite=libero_goal task=5 episode=8 success=True
2026-07-16 21:29:27,097 [INFO] seed=1 suite=libero_goal task=5 episode=9 success=True
2026-07-16 21:30:02,569 [INFO] seed=1 suite=libero_goal task=5 episode=10 success=True
2026-07-16 21:30:40,929 [INFO] seed=1 suite=libero_goal task=5 episode=11 success=True
2026-07-16 21:31:14,177 [INFO] seed=1 suite=libero_goal task=5 episode=12 success=True
2026-07-16 21:32:51,797 [INFO] seed=1 suite=libero_goal task=5 episode=13 success=False
2026-07-16 21:33:25,016 [INFO] seed=1 suite=libero_goal task=5 episode=14 success=True
2026-07-16 21:33:58,127 [INFO] seed=1 suite=libero_goal task=5 episode=15 success=True
2026-07-16 21:34:34,701 [INFO] seed=1 suite=libero_goal task=5 episode=16 success=True
2026-07-16 21:35:09,809 [INFO] seed=1 suite=libero_goal task=5 episode=17 success=True
2026-07-16 21:35:45,965 [INFO] seed=1 suite=libero_goal task=5 episode=18 success=True
2026-07-16 21:36:22,160 [INFO] seed=1 suite=libero_goal task=5 episode=19 success=True
2026-07-16 21:36:56,533 [INFO] seed=1 suite=libero_goal task=5 episode=20 success=True
2026-07-16 21:37:30,227 [INFO] seed=1 suite=libero_goal task=5 episode=21 success=True
2026-07-16 21:38:05,967 [INFO] seed=1 suite=libero_goal task=5 episode=22 success=True
2026-07-16 21:38:44,157 [INFO] seed=1 suite=libero_goal task=5 episode=23 success=True
2026-07-16 21:39:21,127 [INFO] seed=1 suite=libero_goal task=5 episode=24 success=True
2026-07-16 21:39:55,703 [INFO] seed=1 suite=libero_goal task=5 episode=25 success=True
2026-07-16 21:40:31,715 [INFO] seed=1 suite=libero_goal task=5 episode=26 success=True
2026-07-16 21:41:06,414 [INFO] seed=1 suite=libero_goal task=5 episode=27 success=True
2026-07-16 21:41:40,475 [INFO] seed=1 suite=libero_goal task=5 episode=28 success=True
2026-07-16 21:42:17,661 [INFO] seed=1 suite=libero_goal task=5 episode=29 success=True
2026-07-16 21:42:58,508 [INFO] seed=1 suite=libero_goal task=5 episode=30 success=True
2026-07-16 21:44:11,037 [INFO] seed=1 suite=libero_goal task=5 episode=31 success=True
2026-07-16 21:44:46,334 [INFO] seed=1 suite=libero_goal task=5 episode=32 success=True
2026-07-16 21:45:23,536 [INFO] seed=1 suite=libero_goal task=5 episode=33 success=True
2026-07-16 21:46:02,797 [INFO] seed=1 suite=libero_goal task=5 episode=34 success=True
2026-07-16 21:46:42,837 [INFO] seed=1 suite=libero_goal task=5 episode=35 success=True
2026-07-16 21:47:22,522 [INFO] seed=1 suite=libero_goal task=5 episode=36 success=True
2026-07-16 21:47:58,820 [INFO] seed=1 suite=libero_goal task=5 episode=37 success=True
2026-07-16 21:48:34,062 [INFO] seed=1 suite=libero_goal task=5 episode=38 success=True
2026-07-16 21:49:07,487 [INFO] seed=1 suite=libero_goal task=5 episode=39 success=True
2026-07-16 21:49:45,257 [INFO] seed=1 suite=libero_goal task=5 episode=40 success=True
2026-07-16 21:50:22,596 [INFO] seed=1 suite=libero_goal task=5 episode=41 success=True
2026-07-16 21:51:02,336 [INFO] seed=1 suite=libero_goal task=5 episode=42 success=True
2026-07-16 21:51:40,124 [INFO] seed=1 suite=libero_goal task=5 episode=43 success=True
2026-07-16 21:52:16,740 [INFO] seed=1 suite=libero_goal task=5 episode=44 success=True
2026-07-16 21:52:54,777 [INFO] seed=1 suite=libero_goal task=5 episode=45 success=True
2026-07-16 21:53:31,815 [INFO] seed=1 suite=libero_goal task=5 episode=46 success=True
2026-07-16 21:54:08,516 [INFO] seed=1 suite=libero_goal task=5 episode=47 success=True
2026-07-16 21:54:43,512 [INFO] seed=1 suite=libero_goal task=5 episode=48 success=True
2026-07-16 21:55:19,089 [INFO] seed=1 suite=libero_goal task=5 episode=49 success=True
[info] using task orders [0, 1, 2, 3, 4, 5, 6, 7, 8, 9]
2026-07-16 21:57:33,578 [INFO] seed=1 suite=libero_10 task=3 episode=0 success=False
2026-07-16 21:58:23,289 [INFO] seed=1 suite=libero_10 task=3 episode=1 success=True
2026-07-16 22:00:36,500 [INFO] seed=1 suite=libero_10 task=3 episode=2 success=False
2026-07-16 22:01:18,698 [INFO] seed=1 suite=libero_10 task=3 episode=3 success=True
2026-07-16 22:02:02,944 [INFO] seed=1 suite=libero_10 task=3 episode=4 success=True
2026-07-16 22:02:46,669 [INFO] seed=1 suite=libero_10 task=3 episode=5 success=True
2026-07-16 22:03:30,386 [INFO] seed=1 suite=libero_10 task=3 episode=6 success=True
2026-07-16 22:04:14,374 [INFO] seed=1 suite=libero_10 task=3 episode=7 success=True
2026-07-16 22:05:01,816 [INFO] seed=1 suite=libero_10 task=3 episode=8 success=True
2026-07-16 22:05:44,390 [INFO] seed=1 suite=libero_10 task=3 episode=9 success=True
2026-07-16 22:06:36,040 [INFO] seed=1 suite=libero_10 task=3 episode=10 success=True
2026-07-16 22:07:34,213 [INFO] seed=1 suite=libero_10 task=3 episode=11 success=True
2026-07-16 22:08:21,659 [INFO] seed=1 suite=libero_10 task=3 episode=12 success=True
2026-07-16 22:10:33,197 [INFO] seed=1 suite=libero_10 task=3 episode=13 success=False
2026-07-16 22:11:22,934 [INFO] seed=1 suite=libero_10 task=3 episode=14 success=True
2026-07-16 22:13:30,419 [INFO] seed=1 suite=libero_10 task=3 episode=15 success=False
2026-07-16 22:14:13,721 [INFO] seed=1 suite=libero_10 task=3 episode=16 success=True
2026-07-16 22:15:00,506 [INFO] seed=1 suite=libero_10 task=3 episode=17 success=True
2026-07-16 22:15:44,968 [INFO] seed=1 suite=libero_10 task=3 episode=18 success=True
2026-07-16 22:16:29,164 [INFO] seed=1 suite=libero_10 task=3 episode=19 success=True
2026-07-16 22:17:11,406 [INFO] seed=1 suite=libero_10 task=3 episode=20 success=True
2026-07-16 22:17:52,121 [INFO] seed=1 suite=libero_10 task=3 episode=21 success=True
2026-07-16 22:18:35,845 [INFO] seed=1 suite=libero_10 task=3 episode=22 success=True
2026-07-16 22:19:18,175 [INFO] seed=1 suite=libero_10 task=3 episode=23 success=True
2026-07-16 22:21:31,799 [INFO] seed=1 suite=libero_10 task=3 episode=24 success=False
2026-07-16 22:22:19,027 [INFO] seed=1 suite=libero_10 task=3 episode=25 success=True
2026-07-16 22:24:16,114 [INFO] seed=1 suite=libero_10 task=3 episode=26 success=False
2026-07-16 22:24:55,835 [INFO] seed=1 suite=libero_10 task=3 episode=27 success=True
2026-07-16 22:25:35,168 [INFO] seed=1 suite=libero_10 task=3 episode=28 success=True
2026-07-16 22:26:45,379 [INFO] seed=1 suite=libero_10 task=3 episode=29 success=True
2026-07-16 22:27:24,210 [INFO] seed=1 suite=libero_10 task=3 episode=30 success=True
2026-07-16 22:29:26,142 [INFO] seed=1 suite=libero_10 task=3 episode=31 success=False
2026-07-16 22:30:29,255 [INFO] seed=1 suite=libero_10 task=3 episode=32 success=True
2026-07-16 22:31:08,986 [INFO] seed=1 suite=libero_10 task=3 episode=33 success=True
2026-07-16 22:31:44,878 [INFO] seed=1 suite=libero_10 task=3 episode=34 success=True
2026-07-16 22:32:22,926 [INFO] seed=1 suite=libero_10 task=3 episode=35 success=True
2026-07-16 22:34:15,902 [INFO] seed=1 suite=libero_10 task=3 episode=36 success=False
2026-07-16 22:34:52,836 [INFO] seed=1 suite=libero_10 task=3 episode=37 success=True
2026-07-16 22:35:30,731 [INFO] seed=1 suite=libero_10 task=3 episode=38 success=True
2026-07-16 22:36:06,709 [INFO] seed=1 suite=libero_10 task=3 episode=39 success=True
2026-07-16 22:37:54,888 [INFO] seed=1 suite=libero_10 task=3 episode=40 success=False
2026-07-16 22:38:31,553 [INFO] seed=1 suite=libero_10 task=3 episode=41 success=True
2026-07-16 22:39:07,941 [INFO] seed=1 suite=libero_10 task=3 episode=42 success=True
2026-07-16 22:40:03,036 [INFO] seed=1 suite=libero_10 task=3 episode=43 success=True
2026-07-16 22:40:40,643 [INFO] seed=1 suite=libero_10 task=3 episode=44 success=True
2026-07-16 22:41:41,114 [INFO] seed=1 suite=libero_10 task=3 episode=45 success=True
2026-07-16 22:42:20,275 [INFO] seed=1 suite=libero_10 task=3 episode=46 success=True
2026-07-16 22:42:55,901 [INFO] seed=1 suite=libero_10 task=3 episode=47 success=True
2026-07-16 22:43:40,401 [INFO] seed=1 suite=libero_10 task=3 episode=48 success=True
2026-07-16 22:44:18,731 [INFO] seed=1 suite=libero_10 task=3 episode=49 success=True
2026-07-16 22:44:18,927 [INFO] Wrote /mnt/afs/zhengmingkai/raozf/benchmark/FastWAM/result/libero_3seeds/20260716_194717/seed1/worker_001.json: 236/250 (0.9440)
