[info] using task orders [0, 1, 2, 3, 4, 5, 6, 7, 8, 9]
[info] using task orders [0, 1, 2, 3, 4, 5, 6, 7, 8, 9]
[info] using task orders [0, 1, 2, 3, 4, 5, 6, 7, 8, 9]
[info] using task orders [0, 1, 2, 3, 4, 5, 6, 7, 8, 9]
[info] using task orders [0, 1, 2, 3, 4, 5, 6, 7, 8, 9]
[info] using task orders [0, 1, 2, 3, 4, 5, 6, 7, 8, 9]
[info] using task orders [0, 1, 2, 3, 4, 5, 6, 7, 8, 9]
[info] using task orders [0, 1, 2, 3, 4, 5, 6, 7, 8, 9]
2026-07-16 19:47:28,500 [INFO] worker rank=0/8 physical_gpu=0 device=cuda:0 tasks=5 model=/mnt/afs/zhengmingkai/raozf/models/fastwam_libero
2026-07-16 19:47:57,304 [INFO] Initialized MoT with experts: ['video', 'action'], num_layers=30
2026-07-16 19:47:57,307 [INFO]   Expert 'video': num_params=5.00 B
2026-07-16 19:47:57,309 [INFO]   Expert 'action': num_params=1.02 B
2026-07-16 19:48:46,578 [INFO] Loading UMT5 sidecar: /mnt/afs/zhengmingkai/raozf/models/fastwam_libero/models_t5_umt5-xxl-enc-bf16.safetensors
2026-07-16 19:49:50,945 [INFO] Loading Wan VAE sidecar: /mnt/afs/zhengmingkai/raozf/models/fastwam_libero/Wan2.2_VAE.safetensors
2026-07-16 19:49:59,232 [INFO] Loading policy weights: /mnt/afs/zhengmingkai/raozf/models/fastwam_libero/model.safetensors
[info] using task orders [0, 1, 2, 3, 4, 5, 6, 7, 8, 9]
2026-07-16 19:51:06,254 [INFO] No OpenGL_accelerate module loaded: No module named 'OpenGL_accelerate'
/root/envs/fastwam_libero/lib/python3.10/site-packages/torch/nn/functional.py:5991: UserWarning: 1Torch was not compiled with memory efficient attention. (Triggered internally at /workspace/framework/mcPytorch/aten/src/ATen/native/transformers/cuda/sdp_utils.cpp:725.)
  return _scaled_dot_product_attention(query, key, value, attn_mask, dropout_p, is_causal, scale = scale, enable_gqa = enable_gqa)
2026-07-16 19:51:39,344 [INFO] seed=1 suite=libero_spatial task=0 episode=0 success=True
2026-07-16 19:52:05,204 [INFO] seed=1 suite=libero_spatial task=0 episode=1 success=True
2026-07-16 19:52:32,566 [INFO] seed=1 suite=libero_spatial task=0 episode=2 success=True
2026-07-16 19:52:59,551 [INFO] seed=1 suite=libero_spatial task=0 episode=3 success=True
2026-07-16 19:53:27,263 [INFO] seed=1 suite=libero_spatial task=0 episode=4 success=True
2026-07-16 19:53:53,788 [INFO] seed=1 suite=libero_spatial task=0 episode=5 success=True
2026-07-16 19:54:24,578 [INFO] seed=1 suite=libero_spatial task=0 episode=6 success=True
2026-07-16 19:54:54,045 [INFO] seed=1 suite=libero_spatial task=0 episode=7 success=True
2026-07-16 19:55:23,949 [INFO] seed=1 suite=libero_spatial task=0 episode=8 success=True
2026-07-16 19:55:51,644 [INFO] seed=1 suite=libero_spatial task=0 episode=9 success=True
2026-07-16 19:56:19,033 [INFO] seed=1 suite=libero_spatial task=0 episode=10 success=True
2026-07-16 19:56:46,101 [INFO] seed=1 suite=libero_spatial task=0 episode=11 success=True
2026-07-16 19:57:13,620 [INFO] seed=1 suite=libero_spatial task=0 episode=12 success=True
2026-07-16 19:58:01,001 [INFO] seed=1 suite=libero_spatial task=0 episode=13 success=True
2026-07-16 19:58:28,570 [INFO] seed=1 suite=libero_spatial task=0 episode=14 success=True
2026-07-16 19:58:55,431 [INFO] seed=1 suite=libero_spatial task=0 episode=15 success=True
2026-07-16 19:59:23,580 [INFO] seed=1 suite=libero_spatial task=0 episode=16 success=True
2026-07-16 19:59:49,493 [INFO] seed=1 suite=libero_spatial task=0 episode=17 success=True
2026-07-16 20:00:18,944 [INFO] seed=1 suite=libero_spatial task=0 episode=18 success=True
2026-07-16 20:00:48,706 [INFO] seed=1 suite=libero_spatial task=0 episode=19 success=True
2026-07-16 20:01:17,718 [INFO] seed=1 suite=libero_spatial task=0 episode=20 success=True
2026-07-16 20:01:45,925 [INFO] seed=1 suite=libero_spatial task=0 episode=21 success=True
2026-07-16 20:02:13,045 [INFO] seed=1 suite=libero_spatial task=0 episode=22 success=True
2026-07-16 20:02:39,422 [INFO] seed=1 suite=libero_spatial task=0 episode=23 success=True
2026-07-16 20:03:07,039 [INFO] seed=1 suite=libero_spatial task=0 episode=24 success=True
2026-07-16 20:03:34,604 [INFO] seed=1 suite=libero_spatial task=0 episode=25 success=True
2026-07-16 20:04:03,899 [INFO] seed=1 suite=libero_spatial task=0 episode=26 success=True
2026-07-16 20:04:31,737 [INFO] seed=1 suite=libero_spatial task=0 episode=27 success=True
2026-07-16 20:04:58,801 [INFO] seed=1 suite=libero_spatial task=0 episode=28 success=True
2026-07-16 20:05:24,977 [INFO] seed=1 suite=libero_spatial task=0 episode=29 success=True
2026-07-16 20:05:51,050 [INFO] seed=1 suite=libero_spatial task=0 episode=30 success=True
2026-07-16 20:06:18,686 [INFO] seed=1 suite=libero_spatial task=0 episode=31 success=True
2026-07-16 20:06:48,579 [INFO] seed=1 suite=libero_spatial task=0 episode=32 success=True
2026-07-16 20:07:18,389 [INFO] seed=1 suite=libero_spatial task=0 episode=33 success=True
2026-07-16 20:07:47,990 [INFO] seed=1 suite=libero_spatial task=0 episode=34 success=True
2026-07-16 20:08:18,217 [INFO] seed=1 suite=libero_spatial task=0 episode=35 success=True
2026-07-16 20:08:48,223 [INFO] seed=1 suite=libero_spatial task=0 episode=36 success=True
2026-07-16 20:09:18,927 [INFO] seed=1 suite=libero_spatial task=0 episode=37 success=True
2026-07-16 20:09:45,710 [INFO] seed=1 suite=libero_spatial task=0 episode=38 success=True
2026-07-16 20:10:12,455 [INFO] seed=1 suite=libero_spatial task=0 episode=39 success=True
2026-07-16 20:10:38,964 [INFO] seed=1 suite=libero_spatial task=0 episode=40 success=True
2026-07-16 20:11:06,276 [INFO] seed=1 suite=libero_spatial task=0 episode=41 success=True
2026-07-16 20:11:33,455 [INFO] seed=1 suite=libero_spatial task=0 episode=42 success=True
2026-07-16 20:12:00,224 [INFO] seed=1 suite=libero_spatial task=0 episode=43 success=True
2026-07-16 20:12:26,628 [INFO] seed=1 suite=libero_spatial task=0 episode=44 success=True
2026-07-16 20:12:55,020 [INFO] seed=1 suite=libero_spatial task=0 episode=45 success=True
2026-07-16 20:13:20,875 [INFO] seed=1 suite=libero_spatial task=0 episode=46 success=True
2026-07-16 20:13:55,567 [INFO] seed=1 suite=libero_spatial task=0 episode=47 success=True
2026-07-16 20:14:22,921 [INFO] seed=1 suite=libero_spatial task=0 episode=48 success=True
2026-07-16 20:14:48,954 [INFO] seed=1 suite=libero_spatial task=0 episode=49 success=True
[info] using task orders [0, 1, 2, 3, 4, 5, 6, 7, 8, 9]
2026-07-16 20:15:23,125 [INFO] seed=1 suite=libero_spatial task=8 episode=0 success=True
2026-07-16 20:15:55,743 [INFO] seed=1 suite=libero_spatial task=8 episode=1 success=True
2026-07-16 20:16:28,995 [INFO] seed=1 suite=libero_spatial task=8 episode=2 success=True
2026-07-16 20:17:24,491 [INFO] seed=1 suite=libero_spatial task=8 episode=3 success=True
2026-07-16 20:19:05,605 [INFO] seed=1 suite=libero_spatial task=8 episode=4 success=True
2026-07-16 20:19:36,187 [INFO] seed=1 suite=libero_spatial task=8 episode=5 success=True
2026-07-16 20:20:07,438 [INFO] seed=1 suite=libero_spatial task=8 episode=6 success=True
2026-07-16 20:20:39,140 [INFO] seed=1 suite=libero_spatial task=8 episode=7 success=True
2026-07-16 20:21:12,020 [INFO] seed=1 suite=libero_spatial task=8 episode=8 success=True
2026-07-16 20:21:45,124 [INFO] seed=1 suite=libero_spatial task=8 episode=9 success=True
2026-07-16 20:22:16,976 [INFO] seed=1 suite=libero_spatial task=8 episode=10 success=True
2026-07-16 20:22:51,756 [INFO] seed=1 suite=libero_spatial task=8 episode=11 success=True
2026-07-16 20:23:23,791 [INFO] seed=1 suite=libero_spatial task=8 episode=12 success=True
2026-07-16 20:23:55,315 [INFO] seed=1 suite=libero_spatial task=8 episode=13 success=True
2026-07-16 20:24:26,202 [INFO] seed=1 suite=libero_spatial task=8 episode=14 success=True
2026-07-16 20:24:56,731 [INFO] seed=1 suite=libero_spatial task=8 episode=15 success=True
2026-07-16 20:25:27,398 [INFO] seed=1 suite=libero_spatial task=8 episode=16 success=True
2026-07-16 20:26:00,883 [INFO] seed=1 suite=libero_spatial task=8 episode=17 success=True
2026-07-16 20:26:33,239 [INFO] seed=1 suite=libero_spatial task=8 episode=18 success=True
2026-07-16 20:27:08,433 [INFO] seed=1 suite=libero_spatial task=8 episode=19 success=True
2026-07-16 20:27:41,340 [INFO] seed=1 suite=libero_spatial task=8 episode=20 success=True
2026-07-16 20:28:15,485 [INFO] seed=1 suite=libero_spatial task=8 episode=21 success=True
2026-07-16 20:28:49,100 [INFO] seed=1 suite=libero_spatial task=8 episode=22 success=True
2026-07-16 20:29:23,896 [INFO] seed=1 suite=libero_spatial task=8 episode=23 success=True
2026-07-16 20:29:56,385 [INFO] seed=1 suite=libero_spatial task=8 episode=24 success=True
2026-07-16 20:30:31,140 [INFO] seed=1 suite=libero_spatial task=8 episode=25 success=True
2026-07-16 20:31:01,374 [INFO] seed=1 suite=libero_spatial task=8 episode=26 success=True
2026-07-16 20:31:33,311 [INFO] seed=1 suite=libero_spatial task=8 episode=27 success=True
2026-07-16 20:32:05,687 [INFO] seed=1 suite=libero_spatial task=8 episode=28 success=True
2026-07-16 20:32:39,546 [INFO] seed=1 suite=libero_spatial task=8 episode=29 success=True
2026-07-16 20:33:10,293 [INFO] seed=1 suite=libero_spatial task=8 episode=30 success=True
2026-07-16 20:33:43,886 [INFO] seed=1 suite=libero_spatial task=8 episode=31 success=True
2026-07-16 20:34:48,819 [INFO] seed=1 suite=libero_spatial task=8 episode=32 success=True
2026-07-16 20:35:20,596 [INFO] seed=1 suite=libero_spatial task=8 episode=33 success=True
2026-07-16 20:35:50,015 [INFO] seed=1 suite=libero_spatial task=8 episode=34 success=True
2026-07-16 20:36:22,181 [INFO] seed=1 suite=libero_spatial task=8 episode=35 success=True
2026-07-16 20:36:56,131 [INFO] seed=1 suite=libero_spatial task=8 episode=36 success=True
2026-07-16 20:37:27,503 [INFO] seed=1 suite=libero_spatial task=8 episode=37 success=True
2026-07-16 20:37:59,566 [INFO] seed=1 suite=libero_spatial task=8 episode=38 success=True
2026-07-16 20:38:31,602 [INFO] seed=1 suite=libero_spatial task=8 episode=39 success=True
2026-07-16 20:39:05,672 [INFO] seed=1 suite=libero_spatial task=8 episode=40 success=True
2026-07-16 20:39:36,704 [INFO] seed=1 suite=libero_spatial task=8 episode=41 success=True
2026-07-16 20:40:08,015 [INFO] seed=1 suite=libero_spatial task=8 episode=42 success=True
2026-07-16 20:41:58,503 [INFO] seed=1 suite=libero_spatial task=8 episode=43 success=False
2026-07-16 20:42:30,002 [INFO] seed=1 suite=libero_spatial task=8 episode=44 success=True
2026-07-16 20:43:03,094 [INFO] seed=1 suite=libero_spatial task=8 episode=45 success=True
2026-07-16 20:43:37,553 [INFO] seed=1 suite=libero_spatial task=8 episode=46 success=True
2026-07-16 20:44:11,249 [INFO] seed=1 suite=libero_spatial task=8 episode=47 success=True
2026-07-16 20:44:42,257 [INFO] seed=1 suite=libero_spatial task=8 episode=48 success=True
2026-07-16 20:45:16,981 [INFO] seed=1 suite=libero_spatial task=8 episode=49 success=True
[info] using task orders [0, 1, 2, 3, 4, 5, 6, 7, 8, 9]
2026-07-16 20:45:50,811 [INFO] seed=1 suite=libero_object task=6 episode=0 success=True
2026-07-16 20:46:21,533 [INFO] seed=1 suite=libero_object task=6 episode=1 success=True
2026-07-16 20:46:51,570 [INFO] seed=1 suite=libero_object task=6 episode=2 success=True
2026-07-16 20:47:21,976 [INFO] seed=1 suite=libero_object task=6 episode=3 success=True
2026-07-16 20:47:51,603 [INFO] seed=1 suite=libero_object task=6 episode=4 success=True
2026-07-16 20:48:23,810 [INFO] seed=1 suite=libero_object task=6 episode=5 success=True
2026-07-16 20:48:52,842 [INFO] seed=1 suite=libero_object task=6 episode=6 success=True
2026-07-16 20:49:24,176 [INFO] seed=1 suite=libero_object task=6 episode=7 success=True
2026-07-16 20:49:56,618 [INFO] seed=1 suite=libero_object task=6 episode=8 success=True
2026-07-16 20:50:29,387 [INFO] seed=1 suite=libero_object task=6 episode=9 success=True
2026-07-16 20:51:01,067 [INFO] seed=1 suite=libero_object task=6 episode=10 success=True
2026-07-16 20:51:34,648 [INFO] seed=1 suite=libero_object task=6 episode=11 success=True
2026-07-16 20:52:05,429 [INFO] seed=1 suite=libero_object task=6 episode=12 success=True
2026-07-16 20:52:38,983 [INFO] seed=1 suite=libero_object task=6 episode=13 success=True
2026-07-16 20:53:10,883 [INFO] seed=1 suite=libero_object task=6 episode=14 success=True
2026-07-16 20:53:43,380 [INFO] seed=1 suite=libero_object task=6 episode=15 success=True
2026-07-16 20:54:17,395 [INFO] seed=1 suite=libero_object task=6 episode=16 success=True
2026-07-16 20:54:50,807 [INFO] seed=1 suite=libero_object task=6 episode=17 success=True
2026-07-16 20:55:52,375 [INFO] seed=1 suite=libero_object task=6 episode=18 success=True
2026-07-16 20:56:27,951 [INFO] seed=1 suite=libero_object task=6 episode=19 success=True
2026-07-16 20:56:58,689 [INFO] seed=1 suite=libero_object task=6 episode=20 success=True
2026-07-16 20:57:32,544 [INFO] seed=1 suite=libero_object task=6 episode=21 success=True
2026-07-16 20:58:03,484 [INFO] seed=1 suite=libero_object task=6 episode=22 success=True
2026-07-16 20:58:34,310 [INFO] seed=1 suite=libero_object task=6 episode=23 success=True
2026-07-16 20:59:05,259 [INFO] seed=1 suite=libero_object task=6 episode=24 success=True
2026-07-16 20:59:40,705 [INFO] seed=1 suite=libero_object task=6 episode=25 success=True
2026-07-16 21:00:13,095 [INFO] seed=1 suite=libero_object task=6 episode=26 success=True
2026-07-16 21:00:47,440 [INFO] seed=1 suite=libero_object task=6 episode=27 success=True
2026-07-16 21:01:21,863 [INFO] seed=1 suite=libero_object task=6 episode=28 success=True
2026-07-16 21:01:58,583 [INFO] seed=1 suite=libero_object task=6 episode=29 success=True
2026-07-16 21:02:37,547 [INFO] seed=1 suite=libero_object task=6 episode=30 success=True
2026-07-16 21:03:15,322 [INFO] seed=1 suite=libero_object task=6 episode=31 success=True
2026-07-16 21:03:56,261 [INFO] seed=1 suite=libero_object task=6 episode=32 success=True
2026-07-16 21:04:34,458 [INFO] seed=1 suite=libero_object task=6 episode=33 success=True
2026-07-16 21:05:09,699 [INFO] seed=1 suite=libero_object task=6 episode=34 success=True
2026-07-16 21:05:44,307 [INFO] seed=1 suite=libero_object task=6 episode=35 success=True
2026-07-16 21:06:18,577 [INFO] seed=1 suite=libero_object task=6 episode=36 success=True
2026-07-16 21:06:50,924 [INFO] seed=1 suite=libero_object task=6 episode=37 success=True
2026-07-16 21:07:25,744 [INFO] seed=1 suite=libero_object task=6 episode=38 success=True
2026-07-16 21:07:59,535 [INFO] seed=1 suite=libero_object task=6 episode=39 success=True
2026-07-16 21:08:30,525 [INFO] seed=1 suite=libero_object task=6 episode=40 success=True
2026-07-16 21:09:01,570 [INFO] seed=1 suite=libero_object task=6 episode=41 success=True
2026-07-16 21:09:33,713 [INFO] seed=1 suite=libero_object task=6 episode=42 success=True
2026-07-16 21:10:05,326 [INFO] seed=1 suite=libero_object task=6 episode=43 success=True
2026-07-16 21:10:37,501 [INFO] seed=1 suite=libero_object task=6 episode=44 success=True
2026-07-16 21:11:10,516 [INFO] seed=1 suite=libero_object task=6 episode=45 success=True
2026-07-16 21:11:42,772 [INFO] seed=1 suite=libero_object task=6 episode=46 success=True
2026-07-16 21:12:16,029 [INFO] seed=1 suite=libero_object task=6 episode=47 success=True
2026-07-16 21:12:47,098 [INFO] seed=1 suite=libero_object task=6 episode=48 success=True
2026-07-16 21:13:18,741 [INFO] seed=1 suite=libero_object task=6 episode=49 success=True
[info] using task orders [0, 1, 2, 3, 4, 5, 6, 7, 8, 9]
2026-07-16 21:13:50,801 [INFO] seed=1 suite=libero_goal task=4 episode=0 success=True
2026-07-16 21:14:19,681 [INFO] seed=1 suite=libero_goal task=4 episode=1 success=True
2026-07-16 21:14:49,772 [INFO] seed=1 suite=libero_goal task=4 episode=2 success=True
2026-07-16 21:15:18,993 [INFO] seed=1 suite=libero_goal task=4 episode=3 success=True
2026-07-16 21:15:46,457 [INFO] seed=1 suite=libero_goal task=4 episode=4 success=True
2026-07-16 21:16:13,987 [INFO] seed=1 suite=libero_goal task=4 episode=5 success=True
2026-07-16 21:16:44,313 [INFO] seed=1 suite=libero_goal task=4 episode=6 success=True
2026-07-16 21:17:13,497 [INFO] seed=1 suite=libero_goal task=4 episode=7 success=True
2026-07-16 21:17:42,283 [INFO] seed=1 suite=libero_goal task=4 episode=8 success=True
2026-07-16 21:18:10,635 [INFO] seed=1 suite=libero_goal task=4 episode=9 success=True
2026-07-16 21:18:40,550 [INFO] seed=1 suite=libero_goal task=4 episode=10 success=True
2026-07-16 21:19:07,287 [INFO] seed=1 suite=libero_goal task=4 episode=11 success=True
2026-07-16 21:19:34,498 [INFO] seed=1 suite=libero_goal task=4 episode=12 success=True
2026-07-16 21:20:01,644 [INFO] seed=1 suite=libero_goal task=4 episode=13 success=True
2026-07-16 21:20:30,529 [INFO] seed=1 suite=libero_goal task=4 episode=14 success=True
2026-07-16 21:20:57,412 [INFO] seed=1 suite=libero_goal task=4 episode=15 success=True
2026-07-16 21:21:25,056 [INFO] seed=1 suite=libero_goal task=4 episode=16 success=True
2026-07-16 21:21:52,627 [INFO] seed=1 suite=libero_goal task=4 episode=17 success=True
2026-07-16 21:22:20,406 [INFO] seed=1 suite=libero_goal task=4 episode=18 success=True
2026-07-16 21:22:48,757 [INFO] seed=1 suite=libero_goal task=4 episode=19 success=True
2026-07-16 21:23:16,154 [INFO] seed=1 suite=libero_goal task=4 episode=20 success=True
2026-07-16 21:23:42,547 [INFO] seed=1 suite=libero_goal task=4 episode=21 success=True
2026-07-16 21:24:10,783 [INFO] seed=1 suite=libero_goal task=4 episode=22 success=True
2026-07-16 21:24:39,189 [INFO] seed=1 suite=libero_goal task=4 episode=23 success=True
2026-07-16 21:25:09,893 [INFO] seed=1 suite=libero_goal task=4 episode=24 success=True
2026-07-16 21:25:39,616 [INFO] seed=1 suite=libero_goal task=4 episode=25 success=True
2026-07-16 21:26:10,034 [INFO] seed=1 suite=libero_goal task=4 episode=26 success=True
2026-07-16 21:26:37,180 [INFO] seed=1 suite=libero_goal task=4 episode=27 success=True
2026-07-16 21:27:06,221 [INFO] seed=1 suite=libero_goal task=4 episode=28 success=True
2026-07-16 21:27:32,717 [INFO] seed=1 suite=libero_goal task=4 episode=29 success=True
2026-07-16 21:28:01,835 [INFO] seed=1 suite=libero_goal task=4 episode=30 success=True
2026-07-16 21:28:29,413 [INFO] seed=1 suite=libero_goal task=4 episode=31 success=True
2026-07-16 21:28:58,282 [INFO] seed=1 suite=libero_goal task=4 episode=32 success=True
2026-07-16 21:29:26,843 [INFO] seed=1 suite=libero_goal task=4 episode=33 success=True
2026-07-16 21:29:54,441 [INFO] seed=1 suite=libero_goal task=4 episode=34 success=True
2026-07-16 21:30:21,401 [INFO] seed=1 suite=libero_goal task=4 episode=35 success=True
2026-07-16 21:30:51,477 [INFO] seed=1 suite=libero_goal task=4 episode=36 success=True
2026-07-16 21:31:19,701 [INFO] seed=1 suite=libero_goal task=4 episode=37 success=True
2026-07-16 21:31:48,274 [INFO] seed=1 suite=libero_goal task=4 episode=38 success=True
2026-07-16 21:32:15,324 [INFO] seed=1 suite=libero_goal task=4 episode=39 success=True
2026-07-16 21:32:43,630 [INFO] seed=1 suite=libero_goal task=4 episode=40 success=True
2026-07-16 21:34:25,649 [INFO] seed=1 suite=libero_goal task=4 episode=41 success=False
2026-07-16 21:34:54,911 [INFO] seed=1 suite=libero_goal task=4 episode=42 success=True
2026-07-16 21:35:22,762 [INFO] seed=1 suite=libero_goal task=4 episode=43 success=True
2026-07-16 21:35:48,379 [INFO] seed=1 suite=libero_goal task=4 episode=44 success=True
2026-07-16 21:36:16,454 [INFO] seed=1 suite=libero_goal task=4 episode=45 success=True
2026-07-16 21:36:44,323 [INFO] seed=1 suite=libero_goal task=4 episode=46 success=True
2026-07-16 21:37:12,468 [INFO] seed=1 suite=libero_goal task=4 episode=47 success=True
2026-07-16 21:37:40,555 [INFO] seed=1 suite=libero_goal task=4 episode=48 success=True
2026-07-16 21:38:08,163 [INFO] seed=1 suite=libero_goal task=4 episode=49 success=True
[info] using task orders [0, 1, 2, 3, 4, 5, 6, 7, 8, 9]
2026-07-16 21:39:15,742 [INFO] seed=1 suite=libero_10 task=2 episode=0 success=True
2026-07-16 21:40:19,141 [INFO] seed=1 suite=libero_10 task=2 episode=1 success=True
2026-07-16 21:41:25,539 [INFO] seed=1 suite=libero_10 task=2 episode=2 success=True
2026-07-16 21:42:28,463 [INFO] seed=1 suite=libero_10 task=2 episode=3 success=True
2026-07-16 21:43:33,107 [INFO] seed=1 suite=libero_10 task=2 episode=4 success=True
2026-07-16 21:44:42,046 [INFO] seed=1 suite=libero_10 task=2 episode=5 success=True
2026-07-16 21:45:49,518 [INFO] seed=1 suite=libero_10 task=2 episode=6 success=True
2026-07-16 21:46:57,732 [INFO] seed=1 suite=libero_10 task=2 episode=7 success=True
2026-07-16 21:47:58,468 [INFO] seed=1 suite=libero_10 task=2 episode=8 success=True
2026-07-16 21:50:57,759 [INFO] seed=1 suite=libero_10 task=2 episode=9 success=False
2026-07-16 21:52:06,511 [INFO] seed=1 suite=libero_10 task=2 episode=10 success=True
2026-07-16 21:53:12,135 [INFO] seed=1 suite=libero_10 task=2 episode=11 success=True
2026-07-16 21:54:17,684 [INFO] seed=1 suite=libero_10 task=2 episode=12 success=True
2026-07-16 21:55:23,346 [INFO] seed=1 suite=libero_10 task=2 episode=13 success=True
2026-07-16 21:56:39,699 [INFO] seed=1 suite=libero_10 task=2 episode=14 success=True
2026-07-16 21:57:38,400 [INFO] seed=1 suite=libero_10 task=2 episode=15 success=True
2026-07-16 21:58:44,857 [INFO] seed=1 suite=libero_10 task=2 episode=16 success=True
2026-07-16 21:59:48,042 [INFO] seed=1 suite=libero_10 task=2 episode=17 success=True
2026-07-16 22:00:53,562 [INFO] seed=1 suite=libero_10 task=2 episode=18 success=True
2026-07-16 22:01:59,850 [INFO] seed=1 suite=libero_10 task=2 episode=19 success=True
2026-07-16 22:03:06,008 [INFO] seed=1 suite=libero_10 task=2 episode=20 success=True
2026-07-16 22:04:05,410 [INFO] seed=1 suite=libero_10 task=2 episode=21 success=True
2026-07-16 22:05:01,185 [INFO] seed=1 suite=libero_10 task=2 episode=22 success=True
2026-07-16 22:06:12,783 [INFO] seed=1 suite=libero_10 task=2 episode=23 success=True
2026-07-16 22:07:28,648 [INFO] seed=1 suite=libero_10 task=2 episode=24 success=True
2026-07-16 22:08:32,512 [INFO] seed=1 suite=libero_10 task=2 episode=25 success=True
2026-07-16 22:09:40,540 [INFO] seed=1 suite=libero_10 task=2 episode=26 success=True
2026-07-16 22:10:43,436 [INFO] seed=1 suite=libero_10 task=2 episode=27 success=True
2026-07-16 22:11:49,664 [INFO] seed=1 suite=libero_10 task=2 episode=28 success=True
2026-07-16 22:12:50,486 [INFO] seed=1 suite=libero_10 task=2 episode=29 success=True
2026-07-16 22:13:50,554 [INFO] seed=1 suite=libero_10 task=2 episode=30 success=True
2026-07-16 22:14:53,076 [INFO] seed=1 suite=libero_10 task=2 episode=31 success=True
2026-07-16 22:15:56,166 [INFO] seed=1 suite=libero_10 task=2 episode=32 success=True
2026-07-16 22:18:47,916 [INFO] seed=1 suite=libero_10 task=2 episode=33 success=False
2026-07-16 22:21:04,344 [INFO] seed=1 suite=libero_10 task=2 episode=34 success=True
2026-07-16 22:23:43,649 [INFO] seed=1 suite=libero_10 task=2 episode=35 success=False
2026-07-16 22:24:43,326 [INFO] seed=1 suite=libero_10 task=2 episode=36 success=True
2026-07-16 22:25:45,350 [INFO] seed=1 suite=libero_10 task=2 episode=37 success=True
2026-07-16 22:26:46,578 [INFO] seed=1 suite=libero_10 task=2 episode=38 success=True
2026-07-16 22:27:45,480 [INFO] seed=1 suite=libero_10 task=2 episode=39 success=True
2026-07-16 22:28:52,062 [INFO] seed=1 suite=libero_10 task=2 episode=40 success=True
2026-07-16 22:29:54,034 [INFO] seed=1 suite=libero_10 task=2 episode=41 success=True
2026-07-16 22:32:14,216 [INFO] seed=1 suite=libero_10 task=2 episode=42 success=True
2026-07-16 22:33:10,421 [INFO] seed=1 suite=libero_10 task=2 episode=43 success=True
2026-07-16 22:34:11,360 [INFO] seed=1 suite=libero_10 task=2 episode=44 success=True
2026-07-16 22:35:06,357 [INFO] seed=1 suite=libero_10 task=2 episode=45 success=True
2026-07-16 22:36:00,180 [INFO] seed=1 suite=libero_10 task=2 episode=46 success=True
2026-07-16 22:36:54,204 [INFO] seed=1 suite=libero_10 task=2 episode=47 success=True
2026-07-16 22:37:51,238 [INFO] seed=1 suite=libero_10 task=2 episode=48 success=True
2026-07-16 22:38:44,440 [INFO] seed=1 suite=libero_10 task=2 episode=49 success=True
2026-07-16 22:38:44,625 [INFO] Wrote /mnt/afs/zhengmingkai/raozf/benchmark/FastWAM/result/libero_3seeds/20260716_194717/seed1/worker_000.json: 245/250 (0.9800)
