[info] using task orders [0, 1, 2, 3, 4, 5, 6, 7, 8, 9]
[info] using task orders [0, 1, 2, 3, 4, 5, 6, 7, 8, 9]
[info] using task orders [0, 1, 2, 3, 4, 5, 6, 7, 8, 9]
[info] using task orders [0, 1, 2, 3, 4, 5, 6, 7, 8, 9]
[info] using task orders [0, 1, 2, 3, 4, 5, 6, 7, 8, 9]
[info] using task orders [0, 1, 2, 3, 4, 5, 6, 7, 8, 9]
[info] using task orders [0, 1, 2, 3, 4, 5, 6, 7, 8, 9]
[info] using task orders [0, 1, 2, 3, 4, 5, 6, 7, 8, 9]
2026-07-17 03:03:24,010 [INFO] worker rank=0/8 physical_gpu=0 device=cuda:0 tasks=5 model=/mnt/afs/zhengmingkai/raozf/models/fastwam_libero
2026-07-17 03:03:58,610 [INFO] Initialized MoT with experts: ['video', 'action'], num_layers=30
2026-07-17 03:03:58,613 [INFO]   Expert 'video': num_params=5.00 B
2026-07-17 03:03:58,624 [INFO]   Expert 'action': num_params=1.02 B
2026-07-17 03:04:56,797 [INFO] Loading UMT5 sidecar: /mnt/afs/zhengmingkai/raozf/models/fastwam_libero/models_t5_umt5-xxl-enc-bf16.safetensors
2026-07-17 03:06:05,330 [INFO] Loading Wan VAE sidecar: /mnt/afs/zhengmingkai/raozf/models/fastwam_libero/Wan2.2_VAE.safetensors
2026-07-17 03:06:13,835 [INFO] Loading policy weights: /mnt/afs/zhengmingkai/raozf/models/fastwam_libero/model.safetensors
[info] using task orders [0, 1, 2, 3, 4, 5, 6, 7, 8, 9]
2026-07-17 03:07:34,644 [INFO] No OpenGL_accelerate module loaded: No module named 'OpenGL_accelerate'
/root/envs/fastwam_libero/lib/python3.10/site-packages/torch/nn/functional.py:5991: UserWarning: 1Torch was not compiled with memory efficient attention. (Triggered internally at /workspace/framework/mcPytorch/aten/src/ATen/native/transformers/cuda/sdp_utils.cpp:725.)
  return _scaled_dot_product_attention(query, key, value, attn_mask, dropout_p, is_causal, scale = scale, enable_gqa = enable_gqa)
2026-07-17 03:08:14,292 [INFO] seed=42 suite=libero_spatial task=0 episode=0 success=True
2026-07-17 03:08:43,832 [INFO] seed=42 suite=libero_spatial task=0 episode=1 success=True
2026-07-17 03:09:15,709 [INFO] seed=42 suite=libero_spatial task=0 episode=2 success=True
2026-07-17 03:09:46,011 [INFO] seed=42 suite=libero_spatial task=0 episode=3 success=True
2026-07-17 03:10:14,735 [INFO] seed=42 suite=libero_spatial task=0 episode=4 success=True
2026-07-17 03:10:41,366 [INFO] seed=42 suite=libero_spatial task=0 episode=5 success=True
2026-07-17 03:11:09,521 [INFO] seed=42 suite=libero_spatial task=0 episode=6 success=True
2026-07-17 03:11:40,293 [INFO] seed=42 suite=libero_spatial task=0 episode=7 success=True
2026-07-17 03:12:10,889 [INFO] seed=42 suite=libero_spatial task=0 episode=8 success=True
2026-07-17 03:12:40,634 [INFO] seed=42 suite=libero_spatial task=0 episode=9 success=True
2026-07-17 03:13:09,485 [INFO] seed=42 suite=libero_spatial task=0 episode=10 success=True
2026-07-17 03:13:37,486 [INFO] seed=42 suite=libero_spatial task=0 episode=11 success=True
2026-07-17 03:14:08,612 [INFO] seed=42 suite=libero_spatial task=0 episode=12 success=True
2026-07-17 03:16:09,125 [INFO] seed=42 suite=libero_spatial task=0 episode=13 success=False
2026-07-17 03:16:38,931 [INFO] seed=42 suite=libero_spatial task=0 episode=14 success=True
2026-07-17 03:17:09,713 [INFO] seed=42 suite=libero_spatial task=0 episode=15 success=True
2026-07-17 03:17:39,801 [INFO] seed=42 suite=libero_spatial task=0 episode=16 success=True
2026-07-17 03:18:08,809 [INFO] seed=42 suite=libero_spatial task=0 episode=17 success=True
2026-07-17 03:18:38,193 [INFO] seed=42 suite=libero_spatial task=0 episode=18 success=True
2026-07-17 03:19:09,364 [INFO] seed=42 suite=libero_spatial task=0 episode=19 success=True
2026-07-17 03:19:37,011 [INFO] seed=42 suite=libero_spatial task=0 episode=20 success=True
2026-07-17 03:20:06,004 [INFO] seed=42 suite=libero_spatial task=0 episode=21 success=True
2026-07-17 03:20:33,830 [INFO] seed=42 suite=libero_spatial task=0 episode=22 success=True
2026-07-17 03:21:01,182 [INFO] seed=42 suite=libero_spatial task=0 episode=23 success=True
2026-07-17 03:21:29,940 [INFO] seed=42 suite=libero_spatial task=0 episode=24 success=True
2026-07-17 03:21:57,712 [INFO] seed=42 suite=libero_spatial task=0 episode=25 success=True
2026-07-17 03:22:27,741 [INFO] seed=42 suite=libero_spatial task=0 episode=26 success=True
2026-07-17 03:22:57,713 [INFO] seed=42 suite=libero_spatial task=0 episode=27 success=True
2026-07-17 03:23:27,633 [INFO] seed=42 suite=libero_spatial task=0 episode=28 success=True
2026-07-17 03:23:55,424 [INFO] seed=42 suite=libero_spatial task=0 episode=29 success=True
2026-07-17 03:24:22,868 [INFO] seed=42 suite=libero_spatial task=0 episode=30 success=True
2026-07-17 03:24:52,006 [INFO] seed=42 suite=libero_spatial task=0 episode=31 success=True
2026-07-17 03:25:20,773 [INFO] seed=42 suite=libero_spatial task=0 episode=32 success=True
2026-07-17 03:25:48,184 [INFO] seed=42 suite=libero_spatial task=0 episode=33 success=True
2026-07-17 03:26:44,161 [INFO] seed=42 suite=libero_spatial task=0 episode=34 success=True
2026-07-17 03:27:12,479 [INFO] seed=42 suite=libero_spatial task=0 episode=35 success=True
2026-07-17 03:27:40,160 [INFO] seed=42 suite=libero_spatial task=0 episode=36 success=True
2026-07-17 03:28:09,936 [INFO] seed=42 suite=libero_spatial task=0 episode=37 success=True
2026-07-17 03:28:38,904 [INFO] seed=42 suite=libero_spatial task=0 episode=38 success=True
2026-07-17 03:29:05,447 [INFO] seed=42 suite=libero_spatial task=0 episode=39 success=True
2026-07-17 03:29:32,349 [INFO] seed=42 suite=libero_spatial task=0 episode=40 success=True
2026-07-17 03:30:00,277 [INFO] seed=42 suite=libero_spatial task=0 episode=41 success=True
2026-07-17 03:30:28,675 [INFO] seed=42 suite=libero_spatial task=0 episode=42 success=True
2026-07-17 03:30:54,355 [INFO] seed=42 suite=libero_spatial task=0 episode=43 success=True
2026-07-17 03:31:19,465 [INFO] seed=42 suite=libero_spatial task=0 episode=44 success=True
2026-07-17 03:31:44,853 [INFO] seed=42 suite=libero_spatial task=0 episode=45 success=True
2026-07-17 03:32:09,416 [INFO] seed=42 suite=libero_spatial task=0 episode=46 success=True
2026-07-17 03:32:43,560 [INFO] seed=42 suite=libero_spatial task=0 episode=47 success=True
2026-07-17 03:33:13,760 [INFO] seed=42 suite=libero_spatial task=0 episode=48 success=True
2026-07-17 03:33:38,135 [INFO] seed=42 suite=libero_spatial task=0 episode=49 success=True
[info] using task orders [0, 1, 2, 3, 4, 5, 6, 7, 8, 9]
2026-07-17 03:34:10,648 [INFO] seed=42 suite=libero_spatial task=8 episode=0 success=True
2026-07-17 03:34:42,649 [INFO] seed=42 suite=libero_spatial task=8 episode=1 success=True
2026-07-17 03:35:14,677 [INFO] seed=42 suite=libero_spatial task=8 episode=2 success=True
2026-07-17 03:35:45,354 [INFO] seed=42 suite=libero_spatial task=8 episode=3 success=True
2026-07-17 03:37:31,889 [INFO] seed=42 suite=libero_spatial task=8 episode=4 success=False
2026-07-17 03:38:02,561 [INFO] seed=42 suite=libero_spatial task=8 episode=5 success=True
2026-07-17 03:38:32,235 [INFO] seed=42 suite=libero_spatial task=8 episode=6 success=True
2026-07-17 03:39:02,384 [INFO] seed=42 suite=libero_spatial task=8 episode=7 success=True
2026-07-17 03:39:33,452 [INFO] seed=42 suite=libero_spatial task=8 episode=8 success=True
2026-07-17 03:40:03,652 [INFO] seed=42 suite=libero_spatial task=8 episode=9 success=True
2026-07-17 03:40:34,547 [INFO] seed=42 suite=libero_spatial task=8 episode=10 success=True
2026-07-17 03:41:05,436 [INFO] seed=42 suite=libero_spatial task=8 episode=11 success=True
2026-07-17 03:41:38,603 [INFO] seed=42 suite=libero_spatial task=8 episode=12 success=True
2026-07-17 03:42:07,861 [INFO] seed=42 suite=libero_spatial task=8 episode=13 success=True
2026-07-17 03:42:39,205 [INFO] seed=42 suite=libero_spatial task=8 episode=14 success=True
2026-07-17 03:43:12,395 [INFO] seed=42 suite=libero_spatial task=8 episode=15 success=True
2026-07-17 03:43:45,710 [INFO] seed=42 suite=libero_spatial task=8 episode=16 success=True
2026-07-17 03:44:18,294 [INFO] seed=42 suite=libero_spatial task=8 episode=17 success=True
2026-07-17 03:44:51,338 [INFO] seed=42 suite=libero_spatial task=8 episode=18 success=True
2026-07-17 03:45:24,222 [INFO] seed=42 suite=libero_spatial task=8 episode=19 success=True
2026-07-17 03:45:54,996 [INFO] seed=42 suite=libero_spatial task=8 episode=20 success=True
2026-07-17 03:46:28,180 [INFO] seed=42 suite=libero_spatial task=8 episode=21 success=True
2026-07-17 03:47:00,990 [INFO] seed=42 suite=libero_spatial task=8 episode=22 success=True
2026-07-17 03:47:34,777 [INFO] seed=42 suite=libero_spatial task=8 episode=23 success=True
2026-07-17 03:48:06,464 [INFO] seed=42 suite=libero_spatial task=8 episode=24 success=True
2026-07-17 03:48:45,967 [INFO] seed=42 suite=libero_spatial task=8 episode=25 success=True
2026-07-17 03:49:20,221 [INFO] seed=42 suite=libero_spatial task=8 episode=26 success=True
2026-07-17 03:49:56,136 [INFO] seed=42 suite=libero_spatial task=8 episode=27 success=True
2026-07-17 03:50:32,691 [INFO] seed=42 suite=libero_spatial task=8 episode=28 success=True
2026-07-17 03:51:09,836 [INFO] seed=42 suite=libero_spatial task=8 episode=29 success=True
2026-07-17 03:51:46,876 [INFO] seed=42 suite=libero_spatial task=8 episode=30 success=True
2026-07-17 03:52:23,847 [INFO] seed=42 suite=libero_spatial task=8 episode=31 success=True
2026-07-17 03:52:59,696 [INFO] seed=42 suite=libero_spatial task=8 episode=32 success=True
2026-07-17 03:53:38,901 [INFO] seed=42 suite=libero_spatial task=8 episode=33 success=True
2026-07-17 03:54:12,780 [INFO] seed=42 suite=libero_spatial task=8 episode=34 success=True
2026-07-17 03:54:47,277 [INFO] seed=42 suite=libero_spatial task=8 episode=35 success=True
2026-07-17 03:55:21,943 [INFO] seed=42 suite=libero_spatial task=8 episode=36 success=True
2026-07-17 03:55:58,067 [INFO] seed=42 suite=libero_spatial task=8 episode=37 success=True
2026-07-17 03:56:36,090 [INFO] seed=42 suite=libero_spatial task=8 episode=38 success=True
2026-07-17 03:57:12,630 [INFO] seed=42 suite=libero_spatial task=8 episode=39 success=True
2026-07-17 03:57:46,997 [INFO] seed=42 suite=libero_spatial task=8 episode=40 success=True
2026-07-17 03:58:23,194 [INFO] seed=42 suite=libero_spatial task=8 episode=41 success=True
2026-07-17 03:58:58,662 [INFO] seed=42 suite=libero_spatial task=8 episode=42 success=True
2026-07-17 04:01:07,621 [INFO] seed=42 suite=libero_spatial task=8 episode=43 success=False
2026-07-17 04:01:43,512 [INFO] seed=42 suite=libero_spatial task=8 episode=44 success=True
2026-07-17 04:02:21,504 [INFO] seed=42 suite=libero_spatial task=8 episode=45 success=True
2026-07-17 04:02:59,697 [INFO] seed=42 suite=libero_spatial task=8 episode=46 success=True
2026-07-17 04:03:38,584 [INFO] seed=42 suite=libero_spatial task=8 episode=47 success=True
2026-07-17 04:04:11,536 [INFO] seed=42 suite=libero_spatial task=8 episode=48 success=True
2026-07-17 04:04:48,912 [INFO] seed=42 suite=libero_spatial task=8 episode=49 success=True
[info] using task orders [0, 1, 2, 3, 4, 5, 6, 7, 8, 9]
2026-07-17 04:05:27,261 [INFO] seed=42 suite=libero_object task=6 episode=0 success=True
2026-07-17 04:06:02,012 [INFO] seed=42 suite=libero_object task=6 episode=1 success=True
2026-07-17 04:06:36,061 [INFO] seed=42 suite=libero_object task=6 episode=2 success=True
2026-07-17 04:07:10,993 [INFO] seed=42 suite=libero_object task=6 episode=3 success=True
2026-07-17 04:07:44,367 [INFO] seed=42 suite=libero_object task=6 episode=4 success=True
2026-07-17 04:08:19,991 [INFO] seed=42 suite=libero_object task=6 episode=5 success=True
2026-07-17 04:08:57,645 [INFO] seed=42 suite=libero_object task=6 episode=6 success=True
2026-07-17 04:09:43,193 [INFO] seed=42 suite=libero_object task=6 episode=7 success=True
2026-07-17 04:10:25,400 [INFO] seed=42 suite=libero_object task=6 episode=8 success=True
2026-07-17 04:11:11,716 [INFO] seed=42 suite=libero_object task=6 episode=9 success=True
2026-07-17 04:11:55,228 [INFO] seed=42 suite=libero_object task=6 episode=10 success=True
2026-07-17 04:12:40,475 [INFO] seed=42 suite=libero_object task=6 episode=11 success=True
2026-07-17 04:13:25,598 [INFO] seed=42 suite=libero_object task=6 episode=12 success=True
2026-07-17 04:14:12,160 [INFO] seed=42 suite=libero_object task=6 episode=13 success=True
2026-07-17 04:14:56,214 [INFO] seed=42 suite=libero_object task=6 episode=14 success=True
2026-07-17 04:15:44,801 [INFO] seed=42 suite=libero_object task=6 episode=15 success=True
2026-07-17 04:16:28,154 [INFO] seed=42 suite=libero_object task=6 episode=16 success=True
2026-07-17 04:17:14,921 [INFO] seed=42 suite=libero_object task=6 episode=17 success=True
2026-07-17 04:17:57,970 [INFO] seed=42 suite=libero_object task=6 episode=18 success=True
2026-07-17 04:18:39,278 [INFO] seed=42 suite=libero_object task=6 episode=19 success=True
2026-07-17 04:19:13,048 [INFO] seed=42 suite=libero_object task=6 episode=20 success=True
2026-07-17 04:19:48,090 [INFO] seed=42 suite=libero_object task=6 episode=21 success=True
2026-07-17 04:20:18,961 [INFO] seed=42 suite=libero_object task=6 episode=22 success=True
2026-07-17 04:20:50,628 [INFO] seed=42 suite=libero_object task=6 episode=23 success=True
2026-07-17 04:21:25,061 [INFO] seed=42 suite=libero_object task=6 episode=24 success=True
2026-07-17 04:21:56,502 [INFO] seed=42 suite=libero_object task=6 episode=25 success=True
2026-07-17 04:22:25,180 [INFO] seed=42 suite=libero_object task=6 episode=26 success=True
2026-07-17 04:22:55,033 [INFO] seed=42 suite=libero_object task=6 episode=27 success=True
2026-07-17 04:23:25,631 [INFO] seed=42 suite=libero_object task=6 episode=28 success=True
2026-07-17 04:23:55,289 [INFO] seed=42 suite=libero_object task=6 episode=29 success=True
2026-07-17 04:24:25,151 [INFO] seed=42 suite=libero_object task=6 episode=30 success=True
2026-07-17 04:24:59,267 [INFO] seed=42 suite=libero_object task=6 episode=31 success=True
2026-07-17 04:25:34,882 [INFO] seed=42 suite=libero_object task=6 episode=32 success=True
2026-07-17 04:26:11,028 [INFO] seed=42 suite=libero_object task=6 episode=33 success=True
2026-07-17 04:26:45,114 [INFO] seed=42 suite=libero_object task=6 episode=34 success=True
2026-07-17 04:27:23,129 [INFO] seed=42 suite=libero_object task=6 episode=35 success=True
2026-07-17 04:27:59,893 [INFO] seed=42 suite=libero_object task=6 episode=36 success=True
2026-07-17 04:28:34,738 [INFO] seed=42 suite=libero_object task=6 episode=37 success=True
2026-07-17 04:29:10,956 [INFO] seed=42 suite=libero_object task=6 episode=38 success=True
2026-07-17 04:29:46,809 [INFO] seed=42 suite=libero_object task=6 episode=39 success=True
2026-07-17 04:30:20,908 [INFO] seed=42 suite=libero_object task=6 episode=40 success=True
2026-07-17 04:30:55,061 [INFO] seed=42 suite=libero_object task=6 episode=41 success=True
2026-07-17 04:31:30,561 [INFO] seed=42 suite=libero_object task=6 episode=42 success=True
2026-07-17 04:32:04,896 [INFO] seed=42 suite=libero_object task=6 episode=43 success=True
2026-07-17 04:32:40,023 [INFO] seed=42 suite=libero_object task=6 episode=44 success=True
2026-07-17 04:33:16,302 [INFO] seed=42 suite=libero_object task=6 episode=45 success=True
2026-07-17 04:33:50,511 [INFO] seed=42 suite=libero_object task=6 episode=46 success=True
2026-07-17 04:34:26,308 [INFO] seed=42 suite=libero_object task=6 episode=47 success=True
2026-07-17 04:34:59,292 [INFO] seed=42 suite=libero_object task=6 episode=48 success=True
2026-07-17 04:35:34,116 [INFO] seed=42 suite=libero_object task=6 episode=49 success=True
[info] using task orders [0, 1, 2, 3, 4, 5, 6, 7, 8, 9]
2026-07-17 04:36:07,503 [INFO] seed=42 suite=libero_goal task=4 episode=0 success=True
2026-07-17 04:36:37,951 [INFO] seed=42 suite=libero_goal task=4 episode=1 success=True
2026-07-17 04:37:10,062 [INFO] seed=42 suite=libero_goal task=4 episode=2 success=True
2026-07-17 04:37:41,571 [INFO] seed=42 suite=libero_goal task=4 episode=3 success=True
2026-07-17 04:38:10,772 [INFO] seed=42 suite=libero_goal task=4 episode=4 success=True
2026-07-17 04:38:40,553 [INFO] seed=42 suite=libero_goal task=4 episode=5 success=True
2026-07-17 04:39:11,892 [INFO] seed=42 suite=libero_goal task=4 episode=6 success=True
2026-07-17 04:39:42,558 [INFO] seed=42 suite=libero_goal task=4 episode=7 success=True
2026-07-17 04:40:11,180 [INFO] seed=42 suite=libero_goal task=4 episode=8 success=True
2026-07-17 04:40:42,835 [INFO] seed=42 suite=libero_goal task=4 episode=9 success=True
2026-07-17 04:41:15,022 [INFO] seed=42 suite=libero_goal task=4 episode=10 success=True
2026-07-17 04:41:45,918 [INFO] seed=42 suite=libero_goal task=4 episode=11 success=True
2026-07-17 04:42:15,154 [INFO] seed=42 suite=libero_goal task=4 episode=12 success=True
2026-07-17 04:42:44,335 [INFO] seed=42 suite=libero_goal task=4 episode=13 success=True
2026-07-17 04:43:15,730 [INFO] seed=42 suite=libero_goal task=4 episode=14 success=True
2026-07-17 04:43:45,394 [INFO] seed=42 suite=libero_goal task=4 episode=15 success=True
2026-07-17 04:44:16,332 [INFO] seed=42 suite=libero_goal task=4 episode=16 success=True
2026-07-17 04:44:47,382 [INFO] seed=42 suite=libero_goal task=4 episode=17 success=True
2026-07-17 04:45:25,824 [INFO] seed=42 suite=libero_goal task=4 episode=18 success=True
2026-07-17 04:46:02,963 [INFO] seed=42 suite=libero_goal task=4 episode=19 success=True
2026-07-17 04:46:40,400 [INFO] seed=42 suite=libero_goal task=4 episode=20 success=True
2026-07-17 04:47:16,479 [INFO] seed=42 suite=libero_goal task=4 episode=21 success=True
2026-07-17 04:47:53,462 [INFO] seed=42 suite=libero_goal task=4 episode=22 success=True
2026-07-17 04:48:30,551 [INFO] seed=42 suite=libero_goal task=4 episode=23 success=True
2026-07-17 04:49:17,803 [INFO] seed=42 suite=libero_goal task=4 episode=24 success=True
2026-07-17 04:49:55,592 [INFO] seed=42 suite=libero_goal task=4 episode=25 success=True
2026-07-17 04:50:32,822 [INFO] seed=42 suite=libero_goal task=4 episode=26 success=True
2026-07-17 04:51:09,464 [INFO] seed=42 suite=libero_goal task=4 episode=27 success=True
2026-07-17 04:51:47,313 [INFO] seed=42 suite=libero_goal task=4 episode=28 success=True
2026-07-17 04:52:21,616 [INFO] seed=42 suite=libero_goal task=4 episode=29 success=True
2026-07-17 04:52:58,525 [INFO] seed=42 suite=libero_goal task=4 episode=30 success=True
2026-07-17 04:53:35,554 [INFO] seed=42 suite=libero_goal task=4 episode=31 success=True
2026-07-17 04:54:11,092 [INFO] seed=42 suite=libero_goal task=4 episode=32 success=True
2026-07-17 04:54:48,324 [INFO] seed=42 suite=libero_goal task=4 episode=33 success=True
2026-07-17 04:55:26,133 [INFO] seed=42 suite=libero_goal task=4 episode=34 success=True
2026-07-17 04:56:01,452 [INFO] seed=42 suite=libero_goal task=4 episode=35 success=True
2026-07-17 04:56:39,654 [INFO] seed=42 suite=libero_goal task=4 episode=36 success=True
2026-07-17 04:57:18,160 [INFO] seed=42 suite=libero_goal task=4 episode=37 success=True
2026-07-17 04:57:56,910 [INFO] seed=42 suite=libero_goal task=4 episode=38 success=True
2026-07-17 04:58:35,511 [INFO] seed=42 suite=libero_goal task=4 episode=39 success=True
2026-07-17 04:59:13,749 [INFO] seed=42 suite=libero_goal task=4 episode=40 success=True
2026-07-17 04:59:51,424 [INFO] seed=42 suite=libero_goal task=4 episode=41 success=True
2026-07-17 05:00:29,928 [INFO] seed=42 suite=libero_goal task=4 episode=42 success=True
2026-07-17 05:01:06,618 [INFO] seed=42 suite=libero_goal task=4 episode=43 success=True
2026-07-17 05:01:41,222 [INFO] seed=42 suite=libero_goal task=4 episode=44 success=True
2026-07-17 05:02:15,203 [INFO] seed=42 suite=libero_goal task=4 episode=45 success=True
2026-07-17 05:02:52,533 [INFO] seed=42 suite=libero_goal task=4 episode=46 success=True
2026-07-17 05:03:30,552 [INFO] seed=42 suite=libero_goal task=4 episode=47 success=True
2026-07-17 05:04:08,681 [INFO] seed=42 suite=libero_goal task=4 episode=48 success=True
2026-07-17 05:04:46,392 [INFO] seed=42 suite=libero_goal task=4 episode=49 success=True
[info] using task orders [0, 1, 2, 3, 4, 5, 6, 7, 8, 9]
2026-07-17 05:06:19,225 [INFO] seed=42 suite=libero_10 task=2 episode=0 success=True
2026-07-17 05:08:36,643 [INFO] seed=42 suite=libero_10 task=2 episode=1 success=True
2026-07-17 05:09:58,741 [INFO] seed=42 suite=libero_10 task=2 episode=2 success=True
2026-07-17 05:11:27,820 [INFO] seed=42 suite=libero_10 task=2 episode=3 success=True
2026-07-17 05:12:56,805 [INFO] seed=42 suite=libero_10 task=2 episode=4 success=True
2026-07-17 05:14:50,571 [INFO] seed=42 suite=libero_10 task=2 episode=5 success=True
2026-07-17 05:16:27,122 [INFO] seed=42 suite=libero_10 task=2 episode=6 success=True
2026-07-17 05:18:00,855 [INFO] seed=42 suite=libero_10 task=2 episode=7 success=True
2026-07-17 05:19:26,472 [INFO] seed=42 suite=libero_10 task=2 episode=8 success=True
2026-07-17 05:20:55,802 [INFO] seed=42 suite=libero_10 task=2 episode=9 success=True
2026-07-17 05:22:28,031 [INFO] seed=42 suite=libero_10 task=2 episode=10 success=True
2026-07-17 05:23:58,525 [INFO] seed=42 suite=libero_10 task=2 episode=11 success=True
2026-07-17 05:25:42,665 [INFO] seed=42 suite=libero_10 task=2 episode=12 success=True
2026-07-17 05:27:16,035 [INFO] seed=42 suite=libero_10 task=2 episode=13 success=True
2026-07-17 05:29:02,507 [INFO] seed=42 suite=libero_10 task=2 episode=14 success=True
2026-07-17 05:30:24,101 [INFO] seed=42 suite=libero_10 task=2 episode=15 success=True
2026-07-17 05:31:56,138 [INFO] seed=42 suite=libero_10 task=2 episode=16 success=True
2026-07-17 05:33:25,748 [INFO] seed=42 suite=libero_10 task=2 episode=17 success=True
2026-07-17 05:35:02,780 [INFO] seed=42 suite=libero_10 task=2 episode=18 success=True
2026-07-17 05:36:31,710 [INFO] seed=42 suite=libero_10 task=2 episode=19 success=True
2026-07-17 05:38:02,143 [INFO] seed=42 suite=libero_10 task=2 episode=20 success=True
2026-07-17 05:39:29,041 [INFO] seed=42 suite=libero_10 task=2 episode=21 success=True
2026-07-17 05:40:47,787 [INFO] seed=42 suite=libero_10 task=2 episode=22 success=True
2026-07-17 05:42:24,011 [INFO] seed=42 suite=libero_10 task=2 episode=23 success=True
2026-07-17 05:43:54,310 [INFO] seed=42 suite=libero_10 task=2 episode=24 success=True
2026-07-17 05:45:26,146 [INFO] seed=42 suite=libero_10 task=2 episode=25 success=True
2026-07-17 05:47:05,961 [INFO] seed=42 suite=libero_10 task=2 episode=26 success=True
2026-07-17 05:48:34,958 [INFO] seed=42 suite=libero_10 task=2 episode=27 success=True
2026-07-17 05:50:01,244 [INFO] seed=42 suite=libero_10 task=2 episode=28 success=True
2026-07-17 05:51:29,615 [INFO] seed=42 suite=libero_10 task=2 episode=29 success=True
2026-07-17 05:52:51,521 [INFO] seed=42 suite=libero_10 task=2 episode=30 success=True
2026-07-17 05:54:23,163 [INFO] seed=42 suite=libero_10 task=2 episode=31 success=True
2026-07-17 05:55:49,099 [INFO] seed=42 suite=libero_10 task=2 episode=32 success=True
2026-07-17 05:57:11,583 [INFO] seed=42 suite=libero_10 task=2 episode=33 success=True
2026-07-17 05:58:47,320 [INFO] seed=42 suite=libero_10 task=2 episode=34 success=True
2026-07-17 06:00:20,139 [INFO] seed=42 suite=libero_10 task=2 episode=35 success=True
2026-07-17 06:01:47,853 [INFO] seed=42 suite=libero_10 task=2 episode=36 success=True
2026-07-17 06:03:17,923 [INFO] seed=42 suite=libero_10 task=2 episode=37 success=True
2026-07-17 06:04:46,526 [INFO] seed=42 suite=libero_10 task=2 episode=38 success=True
2026-07-17 06:06:17,575 [INFO] seed=42 suite=libero_10 task=2 episode=39 success=True
2026-07-17 06:07:52,144 [INFO] seed=42 suite=libero_10 task=2 episode=40 success=True
2026-07-17 06:09:18,780 [INFO] seed=42 suite=libero_10 task=2 episode=41 success=True
2026-07-17 06:10:49,195 [INFO] seed=42 suite=libero_10 task=2 episode=42 success=True
2026-07-17 06:12:13,437 [INFO] seed=42 suite=libero_10 task=2 episode=43 success=True
2026-07-17 06:13:40,750 [INFO] seed=42 suite=libero_10 task=2 episode=44 success=True
2026-07-17 06:15:16,957 [INFO] seed=42 suite=libero_10 task=2 episode=45 success=True
2026-07-17 06:16:45,464 [INFO] seed=42 suite=libero_10 task=2 episode=46 success=True
2026-07-17 06:18:13,720 [INFO] seed=42 suite=libero_10 task=2 episode=47 success=True
2026-07-17 06:22:18,306 [INFO] seed=42 suite=libero_10 task=2 episode=48 success=False
2026-07-17 06:23:45,222 [INFO] seed=42 suite=libero_10 task=2 episode=49 success=True
2026-07-17 06:23:45,449 [INFO] Wrote /mnt/afs/zhengmingkai/raozf/benchmark/FastWAM/result/libero_3seeds/20260716_194717/seed42/worker_000.json: 246/250 (0.9840)
