[info] using task orders [0, 1, 2, 3, 4, 5, 6, 7, 8, 9]
[info] using task orders [0, 1, 2, 3, 4, 5, 6, 7, 8, 9]
[info] using task orders [0, 1, 2, 3, 4, 5, 6, 7, 8, 9]
[info] using task orders [0, 1, 2, 3, 4, 5, 6, 7, 8, 9]
[info] using task orders [0, 1, 2, 3, 4, 5, 6, 7, 8, 9]
[info] using task orders [0, 1, 2, 3, 4, 5, 6, 7, 8, 9]
[info] using task orders [0, 1, 2, 3, 4, 5, 6, 7, 8, 9]
[info] using task orders [0, 1, 2, 3, 4, 5, 6, 7, 8, 9]
2026-07-17 03:03:23,840 [INFO] worker rank=5/8 physical_gpu=5 device=cuda:0 tasks=5 model=/mnt/afs/zhengmingkai/raozf/models/fastwam_libero
2026-07-17 03:03:57,983 [INFO] Initialized MoT with experts: ['video', 'action'], num_layers=30
2026-07-17 03:03:57,986 [INFO]   Expert 'video': num_params=5.00 B
2026-07-17 03:03:57,989 [INFO]   Expert 'action': num_params=1.02 B
2026-07-17 03:04:54,371 [INFO] Loading UMT5 sidecar: /mnt/afs/zhengmingkai/raozf/models/fastwam_libero/models_t5_umt5-xxl-enc-bf16.safetensors
2026-07-17 03:06:05,334 [INFO] Loading Wan VAE sidecar: /mnt/afs/zhengmingkai/raozf/models/fastwam_libero/Wan2.2_VAE.safetensors
2026-07-17 03:06:13,834 [INFO] Loading policy weights: /mnt/afs/zhengmingkai/raozf/models/fastwam_libero/model.safetensors
[info] using task orders [0, 1, 2, 3, 4, 5, 6, 7, 8, 9]
2026-07-17 03:07:34,579 [INFO] No OpenGL_accelerate module loaded: No module named 'OpenGL_accelerate'
/root/envs/fastwam_libero/lib/python3.10/site-packages/torch/nn/functional.py:5991: UserWarning: 1Torch was not compiled with memory efficient attention. (Triggered internally at /workspace/framework/mcPytorch/aten/src/ATen/native/transformers/cuda/sdp_utils.cpp:725.)
  return _scaled_dot_product_attention(query, key, value, attn_mask, dropout_p, is_causal, scale = scale, enable_gqa = enable_gqa)
2026-07-17 03:08:23,350 [INFO] seed=42 suite=libero_spatial task=5 episode=0 success=True
2026-07-17 03:09:01,576 [INFO] seed=42 suite=libero_spatial task=5 episode=1 success=True
2026-07-17 03:09:34,657 [INFO] seed=42 suite=libero_spatial task=5 episode=2 success=True
2026-07-17 03:10:09,705 [INFO] seed=42 suite=libero_spatial task=5 episode=3 success=True
2026-07-17 03:10:46,585 [INFO] seed=42 suite=libero_spatial task=5 episode=4 success=True
2026-07-17 03:11:22,762 [INFO] seed=42 suite=libero_spatial task=5 episode=5 success=True
2026-07-17 03:12:00,753 [INFO] seed=42 suite=libero_spatial task=5 episode=6 success=True
2026-07-17 03:12:37,096 [INFO] seed=42 suite=libero_spatial task=5 episode=7 success=True
2026-07-17 03:13:15,777 [INFO] seed=42 suite=libero_spatial task=5 episode=8 success=True
2026-07-17 03:13:53,694 [INFO] seed=42 suite=libero_spatial task=5 episode=9 success=True
2026-07-17 03:14:30,341 [INFO] seed=42 suite=libero_spatial task=5 episode=10 success=True
2026-07-17 03:15:06,249 [INFO] seed=42 suite=libero_spatial task=5 episode=11 success=True
2026-07-17 03:15:42,135 [INFO] seed=42 suite=libero_spatial task=5 episode=12 success=True
2026-07-17 03:16:17,766 [INFO] seed=42 suite=libero_spatial task=5 episode=13 success=True
2026-07-17 03:16:55,388 [INFO] seed=42 suite=libero_spatial task=5 episode=14 success=True
2026-07-17 03:17:33,217 [INFO] seed=42 suite=libero_spatial task=5 episode=15 success=True
2026-07-17 03:18:08,774 [INFO] seed=42 suite=libero_spatial task=5 episode=16 success=True
2026-07-17 03:18:43,364 [INFO] seed=42 suite=libero_spatial task=5 episode=17 success=True
2026-07-17 03:19:21,035 [INFO] seed=42 suite=libero_spatial task=5 episode=18 success=True
2026-07-17 03:19:54,933 [INFO] seed=42 suite=libero_spatial task=5 episode=19 success=True
2026-07-17 03:20:31,726 [INFO] seed=42 suite=libero_spatial task=5 episode=20 success=True
2026-07-17 03:21:06,513 [INFO] seed=42 suite=libero_spatial task=5 episode=21 success=True
2026-07-17 03:21:44,237 [INFO] seed=42 suite=libero_spatial task=5 episode=22 success=True
2026-07-17 03:22:20,403 [INFO] seed=42 suite=libero_spatial task=5 episode=23 success=True
2026-07-17 03:22:56,230 [INFO] seed=42 suite=libero_spatial task=5 episode=24 success=True
2026-07-17 03:23:33,076 [INFO] seed=42 suite=libero_spatial task=5 episode=25 success=True
2026-07-17 03:24:09,917 [INFO] seed=42 suite=libero_spatial task=5 episode=26 success=True
2026-07-17 03:24:45,995 [INFO] seed=42 suite=libero_spatial task=5 episode=27 success=True
2026-07-17 03:25:18,151 [INFO] seed=42 suite=libero_spatial task=5 episode=28 success=True
2026-07-17 03:25:52,359 [INFO] seed=42 suite=libero_spatial task=5 episode=29 success=True
2026-07-17 03:26:26,915 [INFO] seed=42 suite=libero_spatial task=5 episode=30 success=True
2026-07-17 03:27:01,993 [INFO] seed=42 suite=libero_spatial task=5 episode=31 success=True
2026-07-17 03:27:38,816 [INFO] seed=42 suite=libero_spatial task=5 episode=32 success=True
2026-07-17 03:28:12,068 [INFO] seed=42 suite=libero_spatial task=5 episode=33 success=True
2026-07-17 03:30:03,992 [INFO] seed=42 suite=libero_spatial task=5 episode=34 success=False
2026-07-17 03:30:36,700 [INFO] seed=42 suite=libero_spatial task=5 episode=35 success=True
2026-07-17 03:31:07,516 [INFO] seed=42 suite=libero_spatial task=5 episode=36 success=True
2026-07-17 03:31:39,446 [INFO] seed=42 suite=libero_spatial task=5 episode=37 success=True
2026-07-17 03:32:11,195 [INFO] seed=42 suite=libero_spatial task=5 episode=38 success=True
2026-07-17 03:32:41,658 [INFO] seed=42 suite=libero_spatial task=5 episode=39 success=True
2026-07-17 03:33:14,955 [INFO] seed=42 suite=libero_spatial task=5 episode=40 success=True
2026-07-17 03:33:47,893 [INFO] seed=42 suite=libero_spatial task=5 episode=41 success=True
2026-07-17 03:34:19,483 [INFO] seed=42 suite=libero_spatial task=5 episode=42 success=True
2026-07-17 03:34:49,161 [INFO] seed=42 suite=libero_spatial task=5 episode=43 success=True
2026-07-17 03:35:20,745 [INFO] seed=42 suite=libero_spatial task=5 episode=44 success=True
2026-07-17 03:35:53,923 [INFO] seed=42 suite=libero_spatial task=5 episode=45 success=True
2026-07-17 03:36:26,429 [INFO] seed=42 suite=libero_spatial task=5 episode=46 success=True
2026-07-17 03:36:58,428 [INFO] seed=42 suite=libero_spatial task=5 episode=47 success=True
2026-07-17 03:38:56,437 [INFO] seed=42 suite=libero_spatial task=5 episode=48 success=True
2026-07-17 03:39:28,344 [INFO] seed=42 suite=libero_spatial task=5 episode=49 success=True
[info] using task orders [0, 1, 2, 3, 4, 5, 6, 7, 8, 9]
2026-07-17 03:39:55,409 [INFO] seed=42 suite=libero_object task=3 episode=0 success=True
2026-07-17 03:40:21,252 [INFO] seed=42 suite=libero_object task=3 episode=1 success=True
2026-07-17 03:40:46,074 [INFO] seed=42 suite=libero_object task=3 episode=2 success=True
2026-07-17 03:41:11,364 [INFO] seed=42 suite=libero_object task=3 episode=3 success=True
2026-07-17 03:41:37,749 [INFO] seed=42 suite=libero_object task=3 episode=4 success=True
2026-07-17 03:42:03,935 [INFO] seed=42 suite=libero_object task=3 episode=5 success=True
2026-07-17 03:42:29,072 [INFO] seed=42 suite=libero_object task=3 episode=6 success=True
2026-07-17 03:42:53,889 [INFO] seed=42 suite=libero_object task=3 episode=7 success=True
2026-07-17 03:43:18,483 [INFO] seed=42 suite=libero_object task=3 episode=8 success=True
2026-07-17 03:44:01,990 [INFO] seed=42 suite=libero_object task=3 episode=9 success=True
2026-07-17 03:44:26,917 [INFO] seed=42 suite=libero_object task=3 episode=10 success=True
2026-07-17 03:44:54,399 [INFO] seed=42 suite=libero_object task=3 episode=11 success=True
2026-07-17 03:45:18,683 [INFO] seed=42 suite=libero_object task=3 episode=12 success=True
2026-07-17 03:45:42,950 [INFO] seed=42 suite=libero_object task=3 episode=13 success=True
2026-07-17 03:46:13,259 [INFO] seed=42 suite=libero_object task=3 episode=14 success=True
2026-07-17 03:46:47,793 [INFO] seed=42 suite=libero_object task=3 episode=15 success=True
2026-07-17 03:47:12,398 [INFO] seed=42 suite=libero_object task=3 episode=16 success=True
2026-07-17 03:47:49,035 [INFO] seed=42 suite=libero_object task=3 episode=17 success=True
2026-07-17 03:48:17,050 [INFO] seed=42 suite=libero_object task=3 episode=18 success=True
2026-07-17 03:48:47,061 [INFO] seed=42 suite=libero_object task=3 episode=19 success=True
2026-07-17 03:49:24,451 [INFO] seed=42 suite=libero_object task=3 episode=20 success=True
2026-07-17 03:49:54,597 [INFO] seed=42 suite=libero_object task=3 episode=21 success=True
2026-07-17 03:50:25,311 [INFO] seed=42 suite=libero_object task=3 episode=22 success=True
2026-07-17 03:50:57,092 [INFO] seed=42 suite=libero_object task=3 episode=23 success=True
2026-07-17 03:51:26,239 [INFO] seed=42 suite=libero_object task=3 episode=24 success=True
2026-07-17 03:51:55,872 [INFO] seed=42 suite=libero_object task=3 episode=25 success=True
2026-07-17 03:52:25,135 [INFO] seed=42 suite=libero_object task=3 episode=26 success=True
2026-07-17 03:52:54,754 [INFO] seed=42 suite=libero_object task=3 episode=27 success=True
2026-07-17 03:53:23,206 [INFO] seed=42 suite=libero_object task=3 episode=28 success=True
2026-07-17 03:54:04,123 [INFO] seed=42 suite=libero_object task=3 episode=29 success=True
2026-07-17 03:54:32,906 [INFO] seed=42 suite=libero_object task=3 episode=30 success=True
2026-07-17 03:55:02,990 [INFO] seed=42 suite=libero_object task=3 episode=31 success=True
2026-07-17 03:55:33,945 [INFO] seed=42 suite=libero_object task=3 episode=32 success=True
2026-07-17 03:56:03,829 [INFO] seed=42 suite=libero_object task=3 episode=33 success=True
2026-07-17 03:56:35,585 [INFO] seed=42 suite=libero_object task=3 episode=34 success=True
2026-07-17 03:57:05,165 [INFO] seed=42 suite=libero_object task=3 episode=35 success=True
2026-07-17 03:57:44,485 [INFO] seed=42 suite=libero_object task=3 episode=36 success=True
2026-07-17 03:58:23,647 [INFO] seed=42 suite=libero_object task=3 episode=37 success=True
2026-07-17 03:58:53,156 [INFO] seed=42 suite=libero_object task=3 episode=38 success=True
2026-07-17 03:59:23,260 [INFO] seed=42 suite=libero_object task=3 episode=39 success=True
2026-07-17 04:00:04,451 [INFO] seed=42 suite=libero_object task=3 episode=40 success=True
2026-07-17 04:00:35,813 [INFO] seed=42 suite=libero_object task=3 episode=41 success=True
2026-07-17 04:01:03,239 [INFO] seed=42 suite=libero_object task=3 episode=42 success=True
2026-07-17 04:01:33,543 [INFO] seed=42 suite=libero_object task=3 episode=43 success=True
2026-07-17 04:02:12,687 [INFO] seed=42 suite=libero_object task=3 episode=44 success=True
2026-07-17 04:02:42,150 [INFO] seed=42 suite=libero_object task=3 episode=45 success=True
2026-07-17 04:03:12,776 [INFO] seed=42 suite=libero_object task=3 episode=46 success=True
2026-07-17 04:03:46,492 [INFO] seed=42 suite=libero_object task=3 episode=47 success=True
2026-07-17 04:04:24,723 [INFO] seed=42 suite=libero_object task=3 episode=48 success=True
2026-07-17 04:04:54,329 [INFO] seed=42 suite=libero_object task=3 episode=49 success=True
[info] using task orders [0, 1, 2, 3, 4, 5, 6, 7, 8, 9]
2026-07-17 04:05:27,360 [INFO] seed=42 suite=libero_goal task=1 episode=0 success=True
2026-07-17 04:05:58,762 [INFO] seed=42 suite=libero_goal task=1 episode=1 success=True
2026-07-17 04:06:27,253 [INFO] seed=42 suite=libero_goal task=1 episode=2 success=True
2026-07-17 04:06:57,266 [INFO] seed=42 suite=libero_goal task=1 episode=3 success=True
2026-07-17 04:07:27,811 [INFO] seed=42 suite=libero_goal task=1 episode=4 success=True
2026-07-17 04:07:57,709 [INFO] seed=42 suite=libero_goal task=1 episode=5 success=True
2026-07-17 04:08:30,952 [INFO] seed=42 suite=libero_goal task=1 episode=6 success=True
2026-07-17 04:09:02,728 [INFO] seed=42 suite=libero_goal task=1 episode=7 success=True
2026-07-17 04:09:40,648 [INFO] seed=42 suite=libero_goal task=1 episode=8 success=True
2026-07-17 04:10:17,608 [INFO] seed=42 suite=libero_goal task=1 episode=9 success=True
2026-07-17 04:10:55,443 [INFO] seed=42 suite=libero_goal task=1 episode=10 success=True
2026-07-17 04:11:30,461 [INFO] seed=42 suite=libero_goal task=1 episode=11 success=True
2026-07-17 04:12:07,860 [INFO] seed=42 suite=libero_goal task=1 episode=12 success=True
2026-07-17 04:12:44,615 [INFO] seed=42 suite=libero_goal task=1 episode=13 success=True
2026-07-17 04:13:20,409 [INFO] seed=42 suite=libero_goal task=1 episode=14 success=True
2026-07-17 04:13:58,091 [INFO] seed=42 suite=libero_goal task=1 episode=15 success=True
2026-07-17 04:14:35,502 [INFO] seed=42 suite=libero_goal task=1 episode=16 success=True
2026-07-17 04:15:12,311 [INFO] seed=42 suite=libero_goal task=1 episode=17 success=True
2026-07-17 04:15:50,648 [INFO] seed=42 suite=libero_goal task=1 episode=18 success=True
2026-07-17 04:16:28,936 [INFO] seed=42 suite=libero_goal task=1 episode=19 success=True
2026-07-17 04:17:07,291 [INFO] seed=42 suite=libero_goal task=1 episode=20 success=True
2026-07-17 04:17:44,471 [INFO] seed=42 suite=libero_goal task=1 episode=21 success=True
2026-07-17 04:18:23,618 [INFO] seed=42 suite=libero_goal task=1 episode=22 success=True
2026-07-17 04:18:55,125 [INFO] seed=42 suite=libero_goal task=1 episode=23 success=True
2026-07-17 04:19:25,737 [INFO] seed=42 suite=libero_goal task=1 episode=24 success=True
2026-07-17 04:19:57,169 [INFO] seed=42 suite=libero_goal task=1 episode=25 success=True
2026-07-17 04:20:26,975 [INFO] seed=42 suite=libero_goal task=1 episode=26 success=True
2026-07-17 04:20:58,562 [INFO] seed=42 suite=libero_goal task=1 episode=27 success=True
2026-07-17 04:21:30,760 [INFO] seed=42 suite=libero_goal task=1 episode=28 success=True
2026-07-17 04:21:57,748 [INFO] seed=42 suite=libero_goal task=1 episode=29 success=True
2026-07-17 04:22:25,736 [INFO] seed=42 suite=libero_goal task=1 episode=30 success=True
2026-07-17 04:22:52,737 [INFO] seed=42 suite=libero_goal task=1 episode=31 success=True
2026-07-17 04:23:20,567 [INFO] seed=42 suite=libero_goal task=1 episode=32 success=True
2026-07-17 04:23:47,894 [INFO] seed=42 suite=libero_goal task=1 episode=33 success=True
2026-07-17 04:24:15,780 [INFO] seed=42 suite=libero_goal task=1 episode=34 success=True
2026-07-17 04:24:44,702 [INFO] seed=42 suite=libero_goal task=1 episode=35 success=True
2026-07-17 04:25:16,734 [INFO] seed=42 suite=libero_goal task=1 episode=36 success=True
2026-07-17 04:27:15,076 [INFO] seed=42 suite=libero_goal task=1 episode=37 success=False
2026-07-17 04:27:45,872 [INFO] seed=42 suite=libero_goal task=1 episode=38 success=True
2026-07-17 04:28:19,368 [INFO] seed=42 suite=libero_goal task=1 episode=39 success=True
2026-07-17 04:28:51,353 [INFO] seed=42 suite=libero_goal task=1 episode=40 success=True
2026-07-17 04:29:22,117 [INFO] seed=42 suite=libero_goal task=1 episode=41 success=True
2026-07-17 04:29:55,039 [INFO] seed=42 suite=libero_goal task=1 episode=42 success=True
2026-07-17 04:30:27,883 [INFO] seed=42 suite=libero_goal task=1 episode=43 success=True
2026-07-17 04:31:00,395 [INFO] seed=42 suite=libero_goal task=1 episode=44 success=True
2026-07-17 04:31:32,938 [INFO] seed=42 suite=libero_goal task=1 episode=45 success=True
2026-07-17 04:32:05,311 [INFO] seed=42 suite=libero_goal task=1 episode=46 success=True
2026-07-17 04:32:37,306 [INFO] seed=42 suite=libero_goal task=1 episode=47 success=True
2026-07-17 04:33:08,632 [INFO] seed=42 suite=libero_goal task=1 episode=48 success=True
2026-07-17 04:33:39,765 [INFO] seed=42 suite=libero_goal task=1 episode=49 success=True
[info] using task orders [0, 1, 2, 3, 4, 5, 6, 7, 8, 9]
2026-07-17 04:34:22,935 [INFO] seed=42 suite=libero_goal task=9 episode=0 success=True
2026-07-17 04:35:07,940 [INFO] seed=42 suite=libero_goal task=9 episode=1 success=True
2026-07-17 04:35:55,296 [INFO] seed=42 suite=libero_goal task=9 episode=2 success=True
2026-07-17 04:37:51,581 [INFO] seed=42 suite=libero_goal task=9 episode=3 success=False
2026-07-17 04:38:33,938 [INFO] seed=42 suite=libero_goal task=9 episode=4 success=True
2026-07-17 04:39:16,689 [INFO] seed=42 suite=libero_goal task=9 episode=5 success=True
2026-07-17 04:39:59,043 [INFO] seed=42 suite=libero_goal task=9 episode=6 success=True
2026-07-17 04:40:41,100 [INFO] seed=42 suite=libero_goal task=9 episode=7 success=True
2026-07-17 04:41:20,058 [INFO] seed=42 suite=libero_goal task=9 episode=8 success=True
2026-07-17 04:42:06,056 [INFO] seed=42 suite=libero_goal task=9 episode=9 success=True
2026-07-17 04:42:46,834 [INFO] seed=42 suite=libero_goal task=9 episode=10 success=True
2026-07-17 04:43:27,027 [INFO] seed=42 suite=libero_goal task=9 episode=11 success=True
2026-07-17 04:44:08,011 [INFO] seed=42 suite=libero_goal task=9 episode=12 success=True
2026-07-17 04:44:56,808 [INFO] seed=42 suite=libero_goal task=9 episode=13 success=True
2026-07-17 04:45:46,845 [INFO] seed=42 suite=libero_goal task=9 episode=14 success=True
2026-07-17 04:48:03,763 [INFO] seed=42 suite=libero_goal task=9 episode=15 success=False
2026-07-17 04:50:19,284 [INFO] seed=42 suite=libero_goal task=9 episode=16 success=False
2026-07-17 04:51:08,268 [INFO] seed=42 suite=libero_goal task=9 episode=17 success=True
2026-07-17 04:52:01,380 [INFO] seed=42 suite=libero_goal task=9 episode=18 success=True
2026-07-17 04:52:58,404 [INFO] seed=42 suite=libero_goal task=9 episode=19 success=True
2026-07-17 04:53:49,076 [INFO] seed=42 suite=libero_goal task=9 episode=20 success=True
2026-07-17 04:56:08,503 [INFO] seed=42 suite=libero_goal task=9 episode=21 success=False
2026-07-17 04:56:59,995 [INFO] seed=42 suite=libero_goal task=9 episode=22 success=True
2026-07-17 04:57:49,937 [INFO] seed=42 suite=libero_goal task=9 episode=23 success=True
2026-07-17 04:58:40,178 [INFO] seed=42 suite=libero_goal task=9 episode=24 success=True
2026-07-17 04:59:34,830 [INFO] seed=42 suite=libero_goal task=9 episode=25 success=True
2026-07-17 05:00:24,835 [INFO] seed=42 suite=libero_goal task=9 episode=26 success=True
2026-07-17 05:01:18,640 [INFO] seed=42 suite=libero_goal task=9 episode=27 success=True
2026-07-17 05:02:12,931 [INFO] seed=42 suite=libero_goal task=9 episode=28 success=True
2026-07-17 05:03:45,387 [INFO] seed=42 suite=libero_goal task=9 episode=29 success=True
2026-07-17 05:04:36,514 [INFO] seed=42 suite=libero_goal task=9 episode=30 success=True
2026-07-17 05:05:29,869 [INFO] seed=42 suite=libero_goal task=9 episode=31 success=True
2026-07-17 05:06:36,259 [INFO] seed=42 suite=libero_goal task=9 episode=32 success=True
2026-07-17 05:07:41,400 [INFO] seed=42 suite=libero_goal task=9 episode=33 success=True
2026-07-17 05:08:34,418 [INFO] seed=42 suite=libero_goal task=9 episode=34 success=True
2026-07-17 05:09:20,814 [INFO] seed=42 suite=libero_goal task=9 episode=35 success=True
2026-07-17 05:10:11,239 [INFO] seed=42 suite=libero_goal task=9 episode=36 success=True
2026-07-17 05:10:59,111 [INFO] seed=42 suite=libero_goal task=9 episode=37 success=True
2026-07-17 05:11:49,244 [INFO] seed=42 suite=libero_goal task=9 episode=38 success=True
2026-07-17 05:12:40,881 [INFO] seed=42 suite=libero_goal task=9 episode=39 success=True
2026-07-17 05:13:30,930 [INFO] seed=42 suite=libero_goal task=9 episode=40 success=True
2026-07-17 05:14:24,075 [INFO] seed=42 suite=libero_goal task=9 episode=41 success=True
2026-07-17 05:15:19,654 [INFO] seed=42 suite=libero_goal task=9 episode=42 success=True
2026-07-17 05:16:11,719 [INFO] seed=42 suite=libero_goal task=9 episode=43 success=True
2026-07-17 05:17:04,988 [INFO] seed=42 suite=libero_goal task=9 episode=44 success=True
2026-07-17 05:17:55,362 [INFO] seed=42 suite=libero_goal task=9 episode=45 success=True
2026-07-17 05:18:47,934 [INFO] seed=42 suite=libero_goal task=9 episode=46 success=True
2026-07-17 05:19:36,583 [INFO] seed=42 suite=libero_goal task=9 episode=47 success=True
2026-07-17 05:20:23,565 [INFO] seed=42 suite=libero_goal task=9 episode=48 success=True
2026-07-17 05:21:13,856 [INFO] seed=42 suite=libero_goal task=9 episode=49 success=True
[info] using task orders [0, 1, 2, 3, 4, 5, 6, 7, 8, 9]
2026-07-17 05:22:19,799 [INFO] seed=42 suite=libero_10 task=7 episode=0 success=True
2026-07-17 05:23:26,540 [INFO] seed=42 suite=libero_10 task=7 episode=1 success=True
2026-07-17 05:24:35,360 [INFO] seed=42 suite=libero_10 task=7 episode=2 success=True
2026-07-17 05:25:43,606 [INFO] seed=42 suite=libero_10 task=7 episode=3 success=True
2026-07-17 05:26:50,672 [INFO] seed=42 suite=libero_10 task=7 episode=4 success=True
2026-07-17 05:30:00,846 [INFO] seed=42 suite=libero_10 task=7 episode=5 success=False
2026-07-17 05:31:09,927 [INFO] seed=42 suite=libero_10 task=7 episode=6 success=True
2026-07-17 05:32:18,128 [INFO] seed=42 suite=libero_10 task=7 episode=7 success=True
2026-07-17 05:33:29,555 [INFO] seed=42 suite=libero_10 task=7 episode=8 success=True
2026-07-17 05:34:37,721 [INFO] seed=42 suite=libero_10 task=7 episode=9 success=True
2026-07-17 05:35:50,077 [INFO] seed=42 suite=libero_10 task=7 episode=10 success=True
2026-07-17 05:37:01,654 [INFO] seed=42 suite=libero_10 task=7 episode=11 success=True
2026-07-17 05:38:11,964 [INFO] seed=42 suite=libero_10 task=7 episode=12 success=True
2026-07-17 05:39:31,892 [INFO] seed=42 suite=libero_10 task=7 episode=13 success=True
2026-07-17 05:40:43,449 [INFO] seed=42 suite=libero_10 task=7 episode=14 success=True
2026-07-17 05:41:54,450 [INFO] seed=42 suite=libero_10 task=7 episode=15 success=True
2026-07-17 05:43:03,419 [INFO] seed=42 suite=libero_10 task=7 episode=16 success=True
2026-07-17 05:44:11,663 [INFO] seed=42 suite=libero_10 task=7 episode=17 success=True
2026-07-17 05:45:19,653 [INFO] seed=42 suite=libero_10 task=7 episode=18 success=True
2026-07-17 05:46:25,392 [INFO] seed=42 suite=libero_10 task=7 episode=19 success=True
2026-07-17 05:47:32,632 [INFO] seed=42 suite=libero_10 task=7 episode=20 success=True
2026-07-17 05:48:42,643 [INFO] seed=42 suite=libero_10 task=7 episode=21 success=True
2026-07-17 05:49:56,550 [INFO] seed=42 suite=libero_10 task=7 episode=22 success=True
2026-07-17 05:51:27,827 [INFO] seed=42 suite=libero_10 task=7 episode=23 success=True
2026-07-17 05:52:36,817 [INFO] seed=42 suite=libero_10 task=7 episode=24 success=True
2026-07-17 05:53:40,720 [INFO] seed=42 suite=libero_10 task=7 episode=25 success=True
2026-07-17 05:54:53,773 [INFO] seed=42 suite=libero_10 task=7 episode=26 success=True
2026-07-17 05:56:07,529 [INFO] seed=42 suite=libero_10 task=7 episode=27 success=True
2026-07-17 05:57:14,728 [INFO] seed=42 suite=libero_10 task=7 episode=28 success=True
2026-07-17 05:58:22,515 [INFO] seed=42 suite=libero_10 task=7 episode=29 success=True
2026-07-17 05:59:29,463 [INFO] seed=42 suite=libero_10 task=7 episode=30 success=True
2026-07-17 06:00:34,497 [INFO] seed=42 suite=libero_10 task=7 episode=31 success=True
2026-07-17 06:01:44,525 [INFO] seed=42 suite=libero_10 task=7 episode=32 success=True
2026-07-17 06:02:56,381 [INFO] seed=42 suite=libero_10 task=7 episode=33 success=True
2026-07-17 06:04:06,239 [INFO] seed=42 suite=libero_10 task=7 episode=34 success=True
2026-07-17 06:05:17,603 [INFO] seed=42 suite=libero_10 task=7 episode=35 success=True
2026-07-17 06:06:24,494 [INFO] seed=42 suite=libero_10 task=7 episode=36 success=True
2026-07-17 06:07:36,983 [INFO] seed=42 suite=libero_10 task=7 episode=37 success=True
2026-07-17 06:08:52,714 [INFO] seed=42 suite=libero_10 task=7 episode=38 success=True
2026-07-17 06:10:03,099 [INFO] seed=42 suite=libero_10 task=7 episode=39 success=True
2026-07-17 06:11:04,893 [INFO] seed=42 suite=libero_10 task=7 episode=40 success=True
2026-07-17 06:12:13,865 [INFO] seed=42 suite=libero_10 task=7 episode=41 success=True
2026-07-17 06:13:26,305 [INFO] seed=42 suite=libero_10 task=7 episode=42 success=True
2026-07-17 06:14:33,729 [INFO] seed=42 suite=libero_10 task=7 episode=43 success=True
2026-07-17 06:15:46,574 [INFO] seed=42 suite=libero_10 task=7 episode=44 success=True
2026-07-17 06:16:55,817 [INFO] seed=42 suite=libero_10 task=7 episode=45 success=True
2026-07-17 06:18:03,382 [INFO] seed=42 suite=libero_10 task=7 episode=46 success=True
2026-07-17 06:19:11,044 [INFO] seed=42 suite=libero_10 task=7 episode=47 success=True
2026-07-17 06:20:16,733 [INFO] seed=42 suite=libero_10 task=7 episode=48 success=True
2026-07-17 06:21:27,460 [INFO] seed=42 suite=libero_10 task=7 episode=49 success=True
2026-07-17 06:21:27,747 [INFO] Wrote /mnt/afs/zhengmingkai/raozf/benchmark/FastWAM/result/libero_3seeds/20260716_194717/seed42/worker_005.json: 243/250 (0.9720)
