[info] using task orders [0, 1, 2, 3, 4, 5, 6, 7, 8, 9]
[info] using task orders [0, 1, 2, 3, 4, 5, 6, 7, 8, 9]
[info] using task orders [0, 1, 2, 3, 4, 5, 6, 7, 8, 9]
[info] using task orders [0, 1, 2, 3, 4, 5, 6, 7, 8, 9]
[info] using task orders [0, 1, 2, 3, 4, 5, 6, 7, 8, 9]
[info] using task orders [0, 1, 2, 3, 4, 5, 6, 7, 8, 9]
[info] using task orders [0, 1, 2, 3, 4, 5, 6, 7, 8, 9]
[info] using task orders [0, 1, 2, 3, 4, 5, 6, 7, 8, 9]
2026-07-17 03:03:23,662 [INFO] worker rank=3/8 physical_gpu=3 device=cuda:0 tasks=5 model=/mnt/afs/zhengmingkai/raozf/models/fastwam_libero
2026-07-17 03:03:58,025 [INFO] Initialized MoT with experts: ['video', 'action'], num_layers=30
2026-07-17 03:03:58,029 [INFO]   Expert 'video': num_params=5.00 B
2026-07-17 03:03:58,033 [INFO]   Expert 'action': num_params=1.02 B
2026-07-17 03:04:56,358 [INFO] Loading UMT5 sidecar: /mnt/afs/zhengmingkai/raozf/models/fastwam_libero/models_t5_umt5-xxl-enc-bf16.safetensors
2026-07-17 03:06:05,318 [INFO] Loading Wan VAE sidecar: /mnt/afs/zhengmingkai/raozf/models/fastwam_libero/Wan2.2_VAE.safetensors
2026-07-17 03:06:13,834 [INFO] Loading policy weights: /mnt/afs/zhengmingkai/raozf/models/fastwam_libero/model.safetensors
[info] using task orders [0, 1, 2, 3, 4, 5, 6, 7, 8, 9]
2026-07-17 03:07:34,550 [INFO] No OpenGL_accelerate module loaded: No module named 'OpenGL_accelerate'
/root/envs/fastwam_libero/lib/python3.10/site-packages/torch/nn/functional.py:5991: UserWarning: 1Torch was not compiled with memory efficient attention. (Triggered internally at /workspace/framework/mcPytorch/aten/src/ATen/native/transformers/cuda/sdp_utils.cpp:725.)
  return _scaled_dot_product_attention(query, key, value, attn_mask, dropout_p, is_causal, scale = scale, enable_gqa = enable_gqa)
2026-07-17 03:08:20,061 [INFO] seed=42 suite=libero_spatial task=3 episode=0 success=True
2026-07-17 03:08:53,474 [INFO] seed=42 suite=libero_spatial task=3 episode=1 success=True
2026-07-17 03:09:26,583 [INFO] seed=42 suite=libero_spatial task=3 episode=2 success=True
2026-07-17 03:09:57,992 [INFO] seed=42 suite=libero_spatial task=3 episode=3 success=True
2026-07-17 03:10:31,997 [INFO] seed=42 suite=libero_spatial task=3 episode=4 success=True
2026-07-17 03:11:06,300 [INFO] seed=42 suite=libero_spatial task=3 episode=5 success=True
2026-07-17 03:11:40,163 [INFO] seed=42 suite=libero_spatial task=3 episode=6 success=True
2026-07-17 03:12:12,766 [INFO] seed=42 suite=libero_spatial task=3 episode=7 success=True
2026-07-17 03:12:47,325 [INFO] seed=42 suite=libero_spatial task=3 episode=8 success=True
2026-07-17 03:13:21,672 [INFO] seed=42 suite=libero_spatial task=3 episode=9 success=True
2026-07-17 03:13:52,823 [INFO] seed=42 suite=libero_spatial task=3 episode=10 success=True
2026-07-17 03:14:25,664 [INFO] seed=42 suite=libero_spatial task=3 episode=11 success=True
2026-07-17 03:14:58,156 [INFO] seed=42 suite=libero_spatial task=3 episode=12 success=True
2026-07-17 03:15:28,172 [INFO] seed=42 suite=libero_spatial task=3 episode=13 success=True
2026-07-17 03:16:00,797 [INFO] seed=42 suite=libero_spatial task=3 episode=14 success=True
2026-07-17 03:16:31,419 [INFO] seed=42 suite=libero_spatial task=3 episode=15 success=True
2026-07-17 03:17:57,801 [INFO] seed=42 suite=libero_spatial task=3 episode=16 success=True
2026-07-17 03:18:28,974 [INFO] seed=42 suite=libero_spatial task=3 episode=17 success=True
2026-07-17 03:19:00,942 [INFO] seed=42 suite=libero_spatial task=3 episode=18 success=True
2026-07-17 03:19:33,783 [INFO] seed=42 suite=libero_spatial task=3 episode=19 success=True
2026-07-17 03:20:06,529 [INFO] seed=42 suite=libero_spatial task=3 episode=20 success=True
2026-07-17 03:20:35,197 [INFO] seed=42 suite=libero_spatial task=3 episode=21 success=True
2026-07-17 03:21:06,292 [INFO] seed=42 suite=libero_spatial task=3 episode=22 success=True
2026-07-17 03:21:37,156 [INFO] seed=42 suite=libero_spatial task=3 episode=23 success=True
2026-07-17 03:23:35,437 [INFO] seed=42 suite=libero_spatial task=3 episode=24 success=False
2026-07-17 03:24:07,720 [INFO] seed=42 suite=libero_spatial task=3 episode=25 success=True
2026-07-17 03:24:38,688 [INFO] seed=42 suite=libero_spatial task=3 episode=26 success=True
2026-07-17 03:25:08,907 [INFO] seed=42 suite=libero_spatial task=3 episode=27 success=True
2026-07-17 03:25:38,782 [INFO] seed=42 suite=libero_spatial task=3 episode=28 success=True
2026-07-17 03:26:08,138 [INFO] seed=42 suite=libero_spatial task=3 episode=29 success=True
2026-07-17 03:26:36,707 [INFO] seed=42 suite=libero_spatial task=3 episode=30 success=True
2026-07-17 03:27:06,789 [INFO] seed=42 suite=libero_spatial task=3 episode=31 success=True
2026-07-17 03:27:36,985 [INFO] seed=42 suite=libero_spatial task=3 episode=32 success=True
2026-07-17 03:28:06,086 [INFO] seed=42 suite=libero_spatial task=3 episode=33 success=True
2026-07-17 03:28:35,023 [INFO] seed=42 suite=libero_spatial task=3 episode=34 success=True
2026-07-17 03:29:05,762 [INFO] seed=42 suite=libero_spatial task=3 episode=35 success=True
2026-07-17 03:29:33,293 [INFO] seed=42 suite=libero_spatial task=3 episode=36 success=True
2026-07-17 03:30:03,489 [INFO] seed=42 suite=libero_spatial task=3 episode=37 success=True
2026-07-17 03:30:40,573 [INFO] seed=42 suite=libero_spatial task=3 episode=38 success=True
2026-07-17 03:32:25,547 [INFO] seed=42 suite=libero_spatial task=3 episode=39 success=False
2026-07-17 03:32:53,461 [INFO] seed=42 suite=libero_spatial task=3 episode=40 success=True
2026-07-17 03:33:20,203 [INFO] seed=42 suite=libero_spatial task=3 episode=41 success=True
2026-07-17 03:33:48,332 [INFO] seed=42 suite=libero_spatial task=3 episode=42 success=True
2026-07-17 03:35:30,484 [INFO] seed=42 suite=libero_spatial task=3 episode=43 success=False
2026-07-17 03:35:59,423 [INFO] seed=42 suite=libero_spatial task=3 episode=44 success=True
2026-07-17 03:36:28,794 [INFO] seed=42 suite=libero_spatial task=3 episode=45 success=True
2026-07-17 03:38:17,450 [INFO] seed=42 suite=libero_spatial task=3 episode=46 success=False
2026-07-17 03:38:46,452 [INFO] seed=42 suite=libero_spatial task=3 episode=47 success=True
2026-07-17 03:39:16,552 [INFO] seed=42 suite=libero_spatial task=3 episode=48 success=True
2026-07-17 03:41:04,981 [INFO] seed=42 suite=libero_spatial task=3 episode=49 success=False
[info] using task orders [0, 1, 2, 3, 4, 5, 6, 7, 8, 9]
2026-07-17 03:41:34,725 [INFO] seed=42 suite=libero_object task=1 episode=0 success=True
2026-07-17 03:42:00,697 [INFO] seed=42 suite=libero_object task=1 episode=1 success=True
2026-07-17 03:42:24,156 [INFO] seed=42 suite=libero_object task=1 episode=2 success=True
2026-07-17 03:42:59,645 [INFO] seed=42 suite=libero_object task=1 episode=3 success=True
2026-07-17 03:43:24,540 [INFO] seed=42 suite=libero_object task=1 episode=4 success=True
2026-07-17 03:44:00,856 [INFO] seed=42 suite=libero_object task=1 episode=5 success=True
2026-07-17 03:44:26,488 [INFO] seed=42 suite=libero_object task=1 episode=6 success=True
2026-07-17 03:44:52,415 [INFO] seed=42 suite=libero_object task=1 episode=7 success=True
2026-07-17 03:45:18,515 [INFO] seed=42 suite=libero_object task=1 episode=8 success=True
2026-07-17 03:45:44,624 [INFO] seed=42 suite=libero_object task=1 episode=9 success=True
2026-07-17 03:46:10,272 [INFO] seed=42 suite=libero_object task=1 episode=10 success=True
2026-07-17 03:46:37,953 [INFO] seed=42 suite=libero_object task=1 episode=11 success=True
2026-07-17 03:47:03,717 [INFO] seed=42 suite=libero_object task=1 episode=12 success=True
2026-07-17 03:47:30,616 [INFO] seed=42 suite=libero_object task=1 episode=13 success=True
2026-07-17 03:47:57,540 [INFO] seed=42 suite=libero_object task=1 episode=14 success=True
2026-07-17 03:48:26,274 [INFO] seed=42 suite=libero_object task=1 episode=15 success=True
2026-07-17 03:48:55,724 [INFO] seed=42 suite=libero_object task=1 episode=16 success=True
2026-07-17 03:49:25,829 [INFO] seed=42 suite=libero_object task=1 episode=17 success=True
2026-07-17 03:49:55,394 [INFO] seed=42 suite=libero_object task=1 episode=18 success=True
2026-07-17 03:50:27,593 [INFO] seed=42 suite=libero_object task=1 episode=19 success=True
2026-07-17 03:50:58,478 [INFO] seed=42 suite=libero_object task=1 episode=20 success=True
2026-07-17 03:51:30,769 [INFO] seed=42 suite=libero_object task=1 episode=21 success=True
2026-07-17 03:52:00,054 [INFO] seed=42 suite=libero_object task=1 episode=22 success=True
2026-07-17 03:52:30,324 [INFO] seed=42 suite=libero_object task=1 episode=23 success=True
2026-07-17 03:53:00,253 [INFO] seed=42 suite=libero_object task=1 episode=24 success=True
2026-07-17 03:53:32,374 [INFO] seed=42 suite=libero_object task=1 episode=25 success=True
2026-07-17 03:54:04,462 [INFO] seed=42 suite=libero_object task=1 episode=26 success=True
2026-07-17 03:54:35,035 [INFO] seed=42 suite=libero_object task=1 episode=27 success=True
2026-07-17 03:55:04,930 [INFO] seed=42 suite=libero_object task=1 episode=28 success=True
2026-07-17 03:55:35,277 [INFO] seed=42 suite=libero_object task=1 episode=29 success=True
2026-07-17 03:56:04,430 [INFO] seed=42 suite=libero_object task=1 episode=30 success=True
2026-07-17 03:56:35,032 [INFO] seed=42 suite=libero_object task=1 episode=31 success=True
2026-07-17 03:57:04,873 [INFO] seed=42 suite=libero_object task=1 episode=32 success=True
2026-07-17 03:57:37,173 [INFO] seed=42 suite=libero_object task=1 episode=33 success=True
2026-07-17 03:58:07,490 [INFO] seed=42 suite=libero_object task=1 episode=34 success=True
2026-07-17 03:58:39,157 [INFO] seed=42 suite=libero_object task=1 episode=35 success=True
2026-07-17 03:59:09,318 [INFO] seed=42 suite=libero_object task=1 episode=36 success=True
2026-07-17 03:59:41,130 [INFO] seed=42 suite=libero_object task=1 episode=37 success=True
2026-07-17 04:00:12,801 [INFO] seed=42 suite=libero_object task=1 episode=38 success=True
2026-07-17 04:00:45,160 [INFO] seed=42 suite=libero_object task=1 episode=39 success=True
2026-07-17 04:01:24,505 [INFO] seed=42 suite=libero_object task=1 episode=40 success=True
2026-07-17 04:01:54,924 [INFO] seed=42 suite=libero_object task=1 episode=41 success=True
2026-07-17 04:02:26,594 [INFO] seed=42 suite=libero_object task=1 episode=42 success=True
2026-07-17 04:02:55,095 [INFO] seed=42 suite=libero_object task=1 episode=43 success=True
2026-07-17 04:03:24,951 [INFO] seed=42 suite=libero_object task=1 episode=44 success=True
2026-07-17 04:03:55,363 [INFO] seed=42 suite=libero_object task=1 episode=45 success=True
2026-07-17 04:04:24,959 [INFO] seed=42 suite=libero_object task=1 episode=46 success=True
2026-07-17 04:04:55,706 [INFO] seed=42 suite=libero_object task=1 episode=47 success=True
2026-07-17 04:05:37,740 [INFO] seed=42 suite=libero_object task=1 episode=48 success=True
2026-07-17 04:06:07,931 [INFO] seed=42 suite=libero_object task=1 episode=49 success=True
[info] using task orders [0, 1, 2, 3, 4, 5, 6, 7, 8, 9]
2026-07-17 04:06:41,272 [INFO] seed=42 suite=libero_object task=9 episode=0 success=True
2026-07-17 04:07:16,823 [INFO] seed=42 suite=libero_object task=9 episode=1 success=True
2026-07-17 04:08:47,834 [INFO] seed=42 suite=libero_object task=9 episode=2 success=False
2026-07-17 04:09:24,263 [INFO] seed=42 suite=libero_object task=9 episode=3 success=True
2026-07-17 04:10:05,037 [INFO] seed=42 suite=libero_object task=9 episode=4 success=True
2026-07-17 04:10:39,052 [INFO] seed=42 suite=libero_object task=9 episode=5 success=True
2026-07-17 04:11:16,797 [INFO] seed=42 suite=libero_object task=9 episode=6 success=True
2026-07-17 04:11:51,399 [INFO] seed=42 suite=libero_object task=9 episode=7 success=True
2026-07-17 04:12:28,303 [INFO] seed=42 suite=libero_object task=9 episode=8 success=True
2026-07-17 04:13:07,367 [INFO] seed=42 suite=libero_object task=9 episode=9 success=True
2026-07-17 04:13:45,380 [INFO] seed=42 suite=libero_object task=9 episode=10 success=True
2026-07-17 04:14:23,606 [INFO] seed=42 suite=libero_object task=9 episode=11 success=True
2026-07-17 04:15:03,007 [INFO] seed=42 suite=libero_object task=9 episode=12 success=True
2026-07-17 04:15:40,726 [INFO] seed=42 suite=libero_object task=9 episode=13 success=True
2026-07-17 04:16:20,220 [INFO] seed=42 suite=libero_object task=9 episode=14 success=True
2026-07-17 04:16:58,891 [INFO] seed=42 suite=libero_object task=9 episode=15 success=True
2026-07-17 04:17:35,294 [INFO] seed=42 suite=libero_object task=9 episode=16 success=True
2026-07-17 04:18:12,617 [INFO] seed=42 suite=libero_object task=9 episode=17 success=True
2026-07-17 04:18:42,486 [INFO] seed=42 suite=libero_object task=9 episode=18 success=True
2026-07-17 04:19:11,743 [INFO] seed=42 suite=libero_object task=9 episode=19 success=True
2026-07-17 04:19:41,875 [INFO] seed=42 suite=libero_object task=9 episode=20 success=True
2026-07-17 04:20:10,402 [INFO] seed=42 suite=libero_object task=9 episode=21 success=True
2026-07-17 04:20:43,936 [INFO] seed=42 suite=libero_object task=9 episode=22 success=True
2026-07-17 04:21:11,850 [INFO] seed=42 suite=libero_object task=9 episode=23 success=True
2026-07-17 04:21:40,930 [INFO] seed=42 suite=libero_object task=9 episode=24 success=True
2026-07-17 04:22:06,321 [INFO] seed=42 suite=libero_object task=9 episode=25 success=True
2026-07-17 04:22:31,760 [INFO] seed=42 suite=libero_object task=9 episode=26 success=True
2026-07-17 04:22:58,330 [INFO] seed=42 suite=libero_object task=9 episode=27 success=True
2026-07-17 04:23:24,574 [INFO] seed=42 suite=libero_object task=9 episode=28 success=True
2026-07-17 04:23:51,630 [INFO] seed=42 suite=libero_object task=9 episode=29 success=True
2026-07-17 04:24:19,974 [INFO] seed=42 suite=libero_object task=9 episode=30 success=True
2026-07-17 04:24:50,456 [INFO] seed=42 suite=libero_object task=9 episode=31 success=True
2026-07-17 04:25:20,959 [INFO] seed=42 suite=libero_object task=9 episode=32 success=True
2026-07-17 04:25:50,901 [INFO] seed=42 suite=libero_object task=9 episode=33 success=True
2026-07-17 04:26:21,200 [INFO] seed=42 suite=libero_object task=9 episode=34 success=True
2026-07-17 04:26:51,511 [INFO] seed=42 suite=libero_object task=9 episode=35 success=True
2026-07-17 04:27:21,969 [INFO] seed=42 suite=libero_object task=9 episode=36 success=True
2026-07-17 04:27:53,561 [INFO] seed=42 suite=libero_object task=9 episode=37 success=True
2026-07-17 04:28:22,636 [INFO] seed=42 suite=libero_object task=9 episode=38 success=True
2026-07-17 04:28:52,268 [INFO] seed=42 suite=libero_object task=9 episode=39 success=True
2026-07-17 04:29:23,151 [INFO] seed=42 suite=libero_object task=9 episode=40 success=True
2026-07-17 04:29:53,131 [INFO] seed=42 suite=libero_object task=9 episode=41 success=True
2026-07-17 04:30:23,806 [INFO] seed=42 suite=libero_object task=9 episode=42 success=True
2026-07-17 04:30:56,090 [INFO] seed=42 suite=libero_object task=9 episode=43 success=True
2026-07-17 04:31:27,700 [INFO] seed=42 suite=libero_object task=9 episode=44 success=True
2026-07-17 04:31:56,490 [INFO] seed=42 suite=libero_object task=9 episode=45 success=True
2026-07-17 04:32:27,096 [INFO] seed=42 suite=libero_object task=9 episode=46 success=True
2026-07-17 04:32:59,464 [INFO] seed=42 suite=libero_object task=9 episode=47 success=True
2026-07-17 04:33:29,923 [INFO] seed=42 suite=libero_object task=9 episode=48 success=True
2026-07-17 04:34:00,335 [INFO] seed=42 suite=libero_object task=9 episode=49 success=True
[info] using task orders [0, 1, 2, 3, 4, 5, 6, 7, 8, 9]
2026-07-17 04:34:32,731 [INFO] seed=42 suite=libero_goal task=7 episode=0 success=True
2026-07-17 04:35:00,452 [INFO] seed=42 suite=libero_goal task=7 episode=1 success=True
2026-07-17 04:35:29,854 [INFO] seed=42 suite=libero_goal task=7 episode=2 success=True
2026-07-17 04:35:57,138 [INFO] seed=42 suite=libero_goal task=7 episode=3 success=True
2026-07-17 04:36:25,969 [INFO] seed=42 suite=libero_goal task=7 episode=4 success=True
2026-07-17 04:36:53,628 [INFO] seed=42 suite=libero_goal task=7 episode=5 success=True
2026-07-17 04:37:21,401 [INFO] seed=42 suite=libero_goal task=7 episode=6 success=True
2026-07-17 04:37:49,574 [INFO] seed=42 suite=libero_goal task=7 episode=7 success=True
2026-07-17 04:38:16,232 [INFO] seed=42 suite=libero_goal task=7 episode=8 success=True
2026-07-17 04:38:43,085 [INFO] seed=42 suite=libero_goal task=7 episode=9 success=True
2026-07-17 04:39:11,172 [INFO] seed=42 suite=libero_goal task=7 episode=10 success=True
2026-07-17 04:39:39,905 [INFO] seed=42 suite=libero_goal task=7 episode=11 success=True
2026-07-17 04:40:08,863 [INFO] seed=42 suite=libero_goal task=7 episode=12 success=True
2026-07-17 04:40:36,344 [INFO] seed=42 suite=libero_goal task=7 episode=13 success=True
2026-07-17 04:41:03,030 [INFO] seed=42 suite=libero_goal task=7 episode=14 success=True
2026-07-17 04:41:31,048 [INFO] seed=42 suite=libero_goal task=7 episode=15 success=True
2026-07-17 04:41:58,803 [INFO] seed=42 suite=libero_goal task=7 episode=16 success=True
2026-07-17 04:42:25,727 [INFO] seed=42 suite=libero_goal task=7 episode=17 success=True
2026-07-17 04:42:54,015 [INFO] seed=42 suite=libero_goal task=7 episode=18 success=True
2026-07-17 04:43:20,810 [INFO] seed=42 suite=libero_goal task=7 episode=19 success=True
2026-07-17 04:43:48,430 [INFO] seed=42 suite=libero_goal task=7 episode=20 success=True
2026-07-17 04:44:15,060 [INFO] seed=42 suite=libero_goal task=7 episode=21 success=True
2026-07-17 04:44:44,965 [INFO] seed=42 suite=libero_goal task=7 episode=22 success=True
2026-07-17 04:45:18,507 [INFO] seed=42 suite=libero_goal task=7 episode=23 success=True
2026-07-17 04:45:51,542 [INFO] seed=42 suite=libero_goal task=7 episode=24 success=True
2026-07-17 04:46:22,271 [INFO] seed=42 suite=libero_goal task=7 episode=25 success=True
2026-07-17 04:46:55,998 [INFO] seed=42 suite=libero_goal task=7 episode=26 success=True
2026-07-17 04:47:27,685 [INFO] seed=42 suite=libero_goal task=7 episode=27 success=True
2026-07-17 04:48:01,346 [INFO] seed=42 suite=libero_goal task=7 episode=28 success=True
2026-07-17 04:48:35,398 [INFO] seed=42 suite=libero_goal task=7 episode=29 success=True
2026-07-17 04:49:06,884 [INFO] seed=42 suite=libero_goal task=7 episode=30 success=True
2026-07-17 04:49:43,144 [INFO] seed=42 suite=libero_goal task=7 episode=31 success=True
2026-07-17 04:50:16,663 [INFO] seed=42 suite=libero_goal task=7 episode=32 success=True
2026-07-17 04:50:48,760 [INFO] seed=42 suite=libero_goal task=7 episode=33 success=True
2026-07-17 04:51:38,806 [INFO] seed=42 suite=libero_goal task=7 episode=34 success=True
2026-07-17 04:52:10,143 [INFO] seed=42 suite=libero_goal task=7 episode=35 success=True
2026-07-17 04:52:43,570 [INFO] seed=42 suite=libero_goal task=7 episode=36 success=True
2026-07-17 04:53:14,901 [INFO] seed=42 suite=libero_goal task=7 episode=37 success=True
2026-07-17 04:53:45,981 [INFO] seed=42 suite=libero_goal task=7 episode=38 success=True
2026-07-17 04:54:15,912 [INFO] seed=42 suite=libero_goal task=7 episode=39 success=True
2026-07-17 04:54:49,076 [INFO] seed=42 suite=libero_goal task=7 episode=40 success=True
2026-07-17 04:55:19,383 [INFO] seed=42 suite=libero_goal task=7 episode=41 success=True
2026-07-17 04:55:50,974 [INFO] seed=42 suite=libero_goal task=7 episode=42 success=True
2026-07-17 04:56:24,516 [INFO] seed=42 suite=libero_goal task=7 episode=43 success=True
2026-07-17 04:56:55,573 [INFO] seed=42 suite=libero_goal task=7 episode=44 success=True
2026-07-17 04:57:27,004 [INFO] seed=42 suite=libero_goal task=7 episode=45 success=True
2026-07-17 04:58:00,056 [INFO] seed=42 suite=libero_goal task=7 episode=46 success=True
2026-07-17 04:58:33,005 [INFO] seed=42 suite=libero_goal task=7 episode=47 success=True
2026-07-17 04:59:03,563 [INFO] seed=42 suite=libero_goal task=7 episode=48 success=True
2026-07-17 04:59:36,880 [INFO] seed=42 suite=libero_goal task=7 episode=49 success=True
[info] using task orders [0, 1, 2, 3, 4, 5, 6, 7, 8, 9]
2026-07-17 05:00:30,497 [INFO] seed=42 suite=libero_10 task=5 episode=0 success=True
2026-07-17 05:01:17,320 [INFO] seed=42 suite=libero_10 task=5 episode=1 success=True
2026-07-17 05:02:03,342 [INFO] seed=42 suite=libero_10 task=5 episode=2 success=True
2026-07-17 05:02:50,490 [INFO] seed=42 suite=libero_10 task=5 episode=3 success=True
2026-07-17 05:03:36,376 [INFO] seed=42 suite=libero_10 task=5 episode=4 success=True
2026-07-17 05:04:20,058 [INFO] seed=42 suite=libero_10 task=5 episode=5 success=True
2026-07-17 05:05:11,753 [INFO] seed=42 suite=libero_10 task=5 episode=6 success=True
2026-07-17 05:05:58,882 [INFO] seed=42 suite=libero_10 task=5 episode=7 success=True
2026-07-17 05:06:50,653 [INFO] seed=42 suite=libero_10 task=5 episode=8 success=True
2026-07-17 05:07:39,310 [INFO] seed=42 suite=libero_10 task=5 episode=9 success=True
2026-07-17 05:08:29,028 [INFO] seed=42 suite=libero_10 task=5 episode=10 success=True
2026-07-17 05:09:12,419 [INFO] seed=42 suite=libero_10 task=5 episode=11 success=True
2026-07-17 05:10:07,262 [INFO] seed=42 suite=libero_10 task=5 episode=12 success=True
2026-07-17 05:10:53,985 [INFO] seed=42 suite=libero_10 task=5 episode=13 success=True
2026-07-17 05:11:39,222 [INFO] seed=42 suite=libero_10 task=5 episode=14 success=True
2026-07-17 05:12:27,505 [INFO] seed=42 suite=libero_10 task=5 episode=15 success=True
2026-07-17 05:13:11,802 [INFO] seed=42 suite=libero_10 task=5 episode=16 success=True
2026-07-17 05:13:56,909 [INFO] seed=42 suite=libero_10 task=5 episode=17 success=True
2026-07-17 05:14:41,253 [INFO] seed=42 suite=libero_10 task=5 episode=18 success=True
2026-07-17 05:15:30,632 [INFO] seed=42 suite=libero_10 task=5 episode=19 success=True
2026-07-17 05:16:17,467 [INFO] seed=42 suite=libero_10 task=5 episode=20 success=True
2026-07-17 05:17:06,108 [INFO] seed=42 suite=libero_10 task=5 episode=21 success=True
2026-07-17 05:17:49,325 [INFO] seed=42 suite=libero_10 task=5 episode=22 success=True
2026-07-17 05:18:35,717 [INFO] seed=42 suite=libero_10 task=5 episode=23 success=True
2026-07-17 05:19:25,239 [INFO] seed=42 suite=libero_10 task=5 episode=24 success=True
2026-07-17 05:20:14,427 [INFO] seed=42 suite=libero_10 task=5 episode=25 success=True
2026-07-17 05:20:58,987 [INFO] seed=42 suite=libero_10 task=5 episode=26 success=True
2026-07-17 05:22:21,074 [INFO] seed=42 suite=libero_10 task=5 episode=27 success=True
2026-07-17 05:23:14,414 [INFO] seed=42 suite=libero_10 task=5 episode=28 success=True
2026-07-17 05:24:00,401 [INFO] seed=42 suite=libero_10 task=5 episode=29 success=True
2026-07-17 05:24:47,818 [INFO] seed=42 suite=libero_10 task=5 episode=30 success=True
2026-07-17 05:25:37,662 [INFO] seed=42 suite=libero_10 task=5 episode=31 success=True
2026-07-17 05:26:23,315 [INFO] seed=42 suite=libero_10 task=5 episode=32 success=True
2026-07-17 05:27:12,006 [INFO] seed=42 suite=libero_10 task=5 episode=33 success=True
2026-07-17 05:27:59,419 [INFO] seed=42 suite=libero_10 task=5 episode=34 success=True
2026-07-17 05:28:45,853 [INFO] seed=42 suite=libero_10 task=5 episode=35 success=True
2026-07-17 05:29:32,445 [INFO] seed=42 suite=libero_10 task=5 episode=36 success=True
2026-07-17 05:30:17,078 [INFO] seed=42 suite=libero_10 task=5 episode=37 success=True
2026-07-17 05:31:01,544 [INFO] seed=42 suite=libero_10 task=5 episode=38 success=True
2026-07-17 05:31:48,347 [INFO] seed=42 suite=libero_10 task=5 episode=39 success=True
2026-07-17 05:32:40,077 [INFO] seed=42 suite=libero_10 task=5 episode=40 success=True
2026-07-17 05:33:31,707 [INFO] seed=42 suite=libero_10 task=5 episode=41 success=True
2026-07-17 05:34:18,722 [INFO] seed=42 suite=libero_10 task=5 episode=42 success=True
2026-07-17 05:35:03,201 [INFO] seed=42 suite=libero_10 task=5 episode=43 success=True
2026-07-17 05:35:47,966 [INFO] seed=42 suite=libero_10 task=5 episode=44 success=True
2026-07-17 05:36:27,959 [INFO] seed=42 suite=libero_10 task=5 episode=45 success=True
2026-07-17 05:37:12,367 [INFO] seed=42 suite=libero_10 task=5 episode=46 success=True
2026-07-17 05:37:56,147 [INFO] seed=42 suite=libero_10 task=5 episode=47 success=True
2026-07-17 05:38:39,140 [INFO] seed=42 suite=libero_10 task=5 episode=48 success=True
2026-07-17 05:39:27,359 [INFO] seed=42 suite=libero_10 task=5 episode=49 success=True
2026-07-17 05:39:27,630 [INFO] Wrote /mnt/afs/zhengmingkai/raozf/benchmark/FastWAM/result/libero_3seeds/20260716_194717/seed42/worker_003.json: 244/250 (0.9760)
