[info] using task orders [0, 1, 2, 3, 4, 5, 6, 7, 8, 9]
[info] using task orders [0, 1, 2, 3, 4, 5, 6, 7, 8, 9]
[info] using task orders [0, 1, 2, 3, 4, 5, 6, 7, 8, 9]
[info] using task orders [0, 1, 2, 3, 4, 5, 6, 7, 8, 9]
[info] using task orders [0, 1, 2, 3, 4, 5, 6, 7, 8, 9]
[info] using task orders [0, 1, 2, 3, 4, 5, 6, 7, 8, 9]
[info] using task orders [0, 1, 2, 3, 4, 5, 6, 7, 8, 9]
[info] using task orders [0, 1, 2, 3, 4, 5, 6, 7, 8, 9]
2026-07-17 03:03:23,701 [INFO] worker rank=4/8 physical_gpu=4 device=cuda:0 tasks=5 model=/mnt/afs/zhengmingkai/raozf/models/fastwam_libero
2026-07-17 03:03:58,292 [INFO] Initialized MoT with experts: ['video', 'action'], num_layers=30
2026-07-17 03:03:58,297 [INFO]   Expert 'video': num_params=5.00 B
2026-07-17 03:03:58,299 [INFO]   Expert 'action': num_params=1.02 B
2026-07-17 03:04:56,784 [INFO] Loading UMT5 sidecar: /mnt/afs/zhengmingkai/raozf/models/fastwam_libero/models_t5_umt5-xxl-enc-bf16.safetensors
2026-07-17 03:06:05,305 [INFO] Loading Wan VAE sidecar: /mnt/afs/zhengmingkai/raozf/models/fastwam_libero/Wan2.2_VAE.safetensors
2026-07-17 03:06:13,834 [INFO] Loading policy weights: /mnt/afs/zhengmingkai/raozf/models/fastwam_libero/model.safetensors
[info] using task orders [0, 1, 2, 3, 4, 5, 6, 7, 8, 9]
2026-07-17 03:07:34,621 [INFO] No OpenGL_accelerate module loaded: No module named 'OpenGL_accelerate'
/root/envs/fastwam_libero/lib/python3.10/site-packages/torch/nn/functional.py:5991: UserWarning: 1Torch was not compiled with memory efficient attention. (Triggered internally at /workspace/framework/mcPytorch/aten/src/ATen/native/transformers/cuda/sdp_utils.cpp:725.)
  return _scaled_dot_product_attention(query, key, value, attn_mask, dropout_p, is_causal, scale = scale, enable_gqa = enable_gqa)
2026-07-17 03:08:31,443 [INFO] seed=42 suite=libero_spatial task=4 episode=0 success=True
2026-07-17 03:09:15,312 [INFO] seed=42 suite=libero_spatial task=4 episode=1 success=True
2026-07-17 03:09:54,968 [INFO] seed=42 suite=libero_spatial task=4 episode=2 success=True
2026-07-17 03:10:38,308 [INFO] seed=42 suite=libero_spatial task=4 episode=3 success=True
2026-07-17 03:11:21,629 [INFO] seed=42 suite=libero_spatial task=4 episode=4 success=True
2026-07-17 03:12:03,897 [INFO] seed=42 suite=libero_spatial task=4 episode=5 success=True
2026-07-17 03:12:48,334 [INFO] seed=42 suite=libero_spatial task=4 episode=6 success=True
2026-07-17 03:13:33,757 [INFO] seed=42 suite=libero_spatial task=4 episode=7 success=True
2026-07-17 03:14:19,650 [INFO] seed=42 suite=libero_spatial task=4 episode=8 success=True
2026-07-17 03:15:02,443 [INFO] seed=42 suite=libero_spatial task=4 episode=9 success=True
2026-07-17 03:15:45,054 [INFO] seed=42 suite=libero_spatial task=4 episode=10 success=True
2026-07-17 03:16:28,134 [INFO] seed=42 suite=libero_spatial task=4 episode=11 success=True
2026-07-17 03:17:17,192 [INFO] seed=42 suite=libero_spatial task=4 episode=12 success=True
2026-07-17 03:18:01,170 [INFO] seed=42 suite=libero_spatial task=4 episode=13 success=True
2026-07-17 03:18:46,577 [INFO] seed=42 suite=libero_spatial task=4 episode=14 success=True
2026-07-17 03:19:33,027 [INFO] seed=42 suite=libero_spatial task=4 episode=15 success=True
2026-07-17 03:21:19,089 [INFO] seed=42 suite=libero_spatial task=4 episode=16 success=True
2026-07-17 03:22:01,685 [INFO] seed=42 suite=libero_spatial task=4 episode=17 success=True
2026-07-17 03:22:45,746 [INFO] seed=42 suite=libero_spatial task=4 episode=18 success=True
2026-07-17 03:23:30,487 [INFO] seed=42 suite=libero_spatial task=4 episode=19 success=True
2026-07-17 03:25:27,710 [INFO] seed=42 suite=libero_spatial task=4 episode=20 success=False
2026-07-17 03:26:06,182 [INFO] seed=42 suite=libero_spatial task=4 episode=21 success=True
2026-07-17 03:26:47,499 [INFO] seed=42 suite=libero_spatial task=4 episode=22 success=True
2026-07-17 03:27:28,215 [INFO] seed=42 suite=libero_spatial task=4 episode=23 success=True
2026-07-17 03:28:08,564 [INFO] seed=42 suite=libero_spatial task=4 episode=24 success=True
2026-07-17 03:28:46,292 [INFO] seed=42 suite=libero_spatial task=4 episode=25 success=True
2026-07-17 03:29:28,060 [INFO] seed=42 suite=libero_spatial task=4 episode=26 success=True
2026-07-17 03:31:16,860 [INFO] seed=42 suite=libero_spatial task=4 episode=27 success=False
2026-07-17 03:31:58,671 [INFO] seed=42 suite=libero_spatial task=4 episode=28 success=True
2026-07-17 03:32:35,229 [INFO] seed=42 suite=libero_spatial task=4 episode=29 success=True
2026-07-17 03:33:14,109 [INFO] seed=42 suite=libero_spatial task=4 episode=30 success=True
2026-07-17 03:33:53,069 [INFO] seed=42 suite=libero_spatial task=4 episode=31 success=True
2026-07-17 03:34:30,936 [INFO] seed=42 suite=libero_spatial task=4 episode=32 success=True
2026-07-17 03:35:07,555 [INFO] seed=42 suite=libero_spatial task=4 episode=33 success=True
2026-07-17 03:35:45,652 [INFO] seed=42 suite=libero_spatial task=4 episode=34 success=True
2026-07-17 03:36:26,621 [INFO] seed=42 suite=libero_spatial task=4 episode=35 success=True
2026-07-17 03:37:06,637 [INFO] seed=42 suite=libero_spatial task=4 episode=36 success=True
2026-07-17 03:37:49,191 [INFO] seed=42 suite=libero_spatial task=4 episode=37 success=True
2026-07-17 03:38:31,430 [INFO] seed=42 suite=libero_spatial task=4 episode=38 success=True
2026-07-17 03:39:14,128 [INFO] seed=42 suite=libero_spatial task=4 episode=39 success=True
2026-07-17 03:39:52,499 [INFO] seed=42 suite=libero_spatial task=4 episode=40 success=True
2026-07-17 03:40:32,462 [INFO] seed=42 suite=libero_spatial task=4 episode=41 success=True
2026-07-17 03:41:12,759 [INFO] seed=42 suite=libero_spatial task=4 episode=42 success=True
2026-07-17 03:41:51,149 [INFO] seed=42 suite=libero_spatial task=4 episode=43 success=True
2026-07-17 03:42:34,910 [INFO] seed=42 suite=libero_spatial task=4 episode=44 success=True
2026-07-17 03:43:14,449 [INFO] seed=42 suite=libero_spatial task=4 episode=45 success=True
2026-07-17 03:45:03,230 [INFO] seed=42 suite=libero_spatial task=4 episode=46 success=False
2026-07-17 03:45:45,137 [INFO] seed=42 suite=libero_spatial task=4 episode=47 success=True
2026-07-17 03:46:24,896 [INFO] seed=42 suite=libero_spatial task=4 episode=48 success=True
2026-07-17 03:47:06,326 [INFO] seed=42 suite=libero_spatial task=4 episode=49 success=True
[info] using task orders [0, 1, 2, 3, 4, 5, 6, 7, 8, 9]
2026-07-17 03:47:35,240 [INFO] seed=42 suite=libero_object task=2 episode=0 success=True
2026-07-17 03:48:00,110 [INFO] seed=42 suite=libero_object task=2 episode=1 success=True
2026-07-17 03:48:29,515 [INFO] seed=42 suite=libero_object task=2 episode=2 success=True
2026-07-17 03:48:59,200 [INFO] seed=42 suite=libero_object task=2 episode=3 success=True
2026-07-17 03:49:27,398 [INFO] seed=42 suite=libero_object task=2 episode=4 success=True
2026-07-17 03:49:58,283 [INFO] seed=42 suite=libero_object task=2 episode=5 success=True
2026-07-17 03:50:27,890 [INFO] seed=42 suite=libero_object task=2 episode=6 success=True
2026-07-17 03:50:56,457 [INFO] seed=42 suite=libero_object task=2 episode=7 success=True
2026-07-17 03:51:26,050 [INFO] seed=42 suite=libero_object task=2 episode=8 success=True
2026-07-17 03:51:55,840 [INFO] seed=42 suite=libero_object task=2 episode=9 success=True
2026-07-17 03:52:24,798 [INFO] seed=42 suite=libero_object task=2 episode=10 success=True
2026-07-17 03:52:55,924 [INFO] seed=42 suite=libero_object task=2 episode=11 success=True
2026-07-17 03:53:25,474 [INFO] seed=42 suite=libero_object task=2 episode=12 success=True
2026-07-17 03:53:56,415 [INFO] seed=42 suite=libero_object task=2 episode=13 success=True
2026-07-17 03:54:27,065 [INFO] seed=42 suite=libero_object task=2 episode=14 success=True
2026-07-17 03:54:57,989 [INFO] seed=42 suite=libero_object task=2 episode=15 success=True
2026-07-17 03:55:26,620 [INFO] seed=42 suite=libero_object task=2 episode=16 success=True
2026-07-17 03:55:57,179 [INFO] seed=42 suite=libero_object task=2 episode=17 success=True
2026-07-17 03:56:27,098 [INFO] seed=42 suite=libero_object task=2 episode=18 success=True
2026-07-17 03:56:57,437 [INFO] seed=42 suite=libero_object task=2 episode=19 success=True
2026-07-17 03:57:28,269 [INFO] seed=42 suite=libero_object task=2 episode=20 success=True
2026-07-17 03:58:09,104 [INFO] seed=42 suite=libero_object task=2 episode=21 success=True
2026-07-17 03:58:37,890 [INFO] seed=42 suite=libero_object task=2 episode=22 success=True
2026-07-17 03:59:08,983 [INFO] seed=42 suite=libero_object task=2 episode=23 success=True
2026-07-17 03:59:39,499 [INFO] seed=42 suite=libero_object task=2 episode=24 success=True
2026-07-17 04:00:10,137 [INFO] seed=42 suite=libero_object task=2 episode=25 success=True
2026-07-17 04:00:41,073 [INFO] seed=42 suite=libero_object task=2 episode=26 success=True
2026-07-17 04:01:22,124 [INFO] seed=42 suite=libero_object task=2 episode=27 success=True
2026-07-17 04:01:53,064 [INFO] seed=42 suite=libero_object task=2 episode=28 success=True
2026-07-17 04:02:23,414 [INFO] seed=42 suite=libero_object task=2 episode=29 success=True
2026-07-17 04:02:53,555 [INFO] seed=42 suite=libero_object task=2 episode=30 success=True
2026-07-17 04:03:25,212 [INFO] seed=42 suite=libero_object task=2 episode=31 success=True
2026-07-17 04:03:55,900 [INFO] seed=42 suite=libero_object task=2 episode=32 success=True
2026-07-17 04:04:26,434 [INFO] seed=42 suite=libero_object task=2 episode=33 success=True
2026-07-17 04:04:56,915 [INFO] seed=42 suite=libero_object task=2 episode=34 success=True
2026-07-17 04:05:28,436 [INFO] seed=42 suite=libero_object task=2 episode=35 success=True
2026-07-17 04:05:58,081 [INFO] seed=42 suite=libero_object task=2 episode=36 success=True
2026-07-17 04:06:29,629 [INFO] seed=42 suite=libero_object task=2 episode=37 success=True
2026-07-17 04:06:59,736 [INFO] seed=42 suite=libero_object task=2 episode=38 success=True
2026-07-17 04:07:30,440 [INFO] seed=42 suite=libero_object task=2 episode=39 success=True
2026-07-17 04:08:01,415 [INFO] seed=42 suite=libero_object task=2 episode=40 success=True
2026-07-17 04:08:30,849 [INFO] seed=42 suite=libero_object task=2 episode=41 success=True
2026-07-17 04:09:04,208 [INFO] seed=42 suite=libero_object task=2 episode=42 success=True
2026-07-17 04:09:42,793 [INFO] seed=42 suite=libero_object task=2 episode=43 success=True
2026-07-17 04:10:19,767 [INFO] seed=42 suite=libero_object task=2 episode=44 success=True
2026-07-17 04:10:55,677 [INFO] seed=42 suite=libero_object task=2 episode=45 success=True
2026-07-17 04:11:33,885 [INFO] seed=42 suite=libero_object task=2 episode=46 success=True
2026-07-17 04:12:12,445 [INFO] seed=42 suite=libero_object task=2 episode=47 success=True
2026-07-17 04:12:50,165 [INFO] seed=42 suite=libero_object task=2 episode=48 success=True
2026-07-17 04:13:26,103 [INFO] seed=42 suite=libero_object task=2 episode=49 success=True
[info] using task orders [0, 1, 2, 3, 4, 5, 6, 7, 8, 9]
2026-07-17 04:14:21,776 [INFO] seed=42 suite=libero_goal task=0 episode=0 success=True
2026-07-17 04:15:08,260 [INFO] seed=42 suite=libero_goal task=0 episode=1 success=True
2026-07-17 04:15:52,365 [INFO] seed=42 suite=libero_goal task=0 episode=2 success=True
2026-07-17 04:16:40,786 [INFO] seed=42 suite=libero_goal task=0 episode=3 success=True
2026-07-17 04:17:23,542 [INFO] seed=42 suite=libero_goal task=0 episode=4 success=True
2026-07-17 04:18:11,821 [INFO] seed=42 suite=libero_goal task=0 episode=5 success=True
2026-07-17 04:18:48,593 [INFO] seed=42 suite=libero_goal task=0 episode=6 success=True
2026-07-17 04:19:25,337 [INFO] seed=42 suite=libero_goal task=0 episode=7 success=True
2026-07-17 04:20:01,604 [INFO] seed=42 suite=libero_goal task=0 episode=8 success=True
2026-07-17 04:20:40,915 [INFO] seed=42 suite=libero_goal task=0 episode=9 success=True
2026-07-17 04:21:20,284 [INFO] seed=42 suite=libero_goal task=0 episode=10 success=True
2026-07-17 04:21:52,891 [INFO] seed=42 suite=libero_goal task=0 episode=11 success=True
2026-07-17 04:22:25,151 [INFO] seed=42 suite=libero_goal task=0 episode=12 success=True
2026-07-17 04:22:57,510 [INFO] seed=42 suite=libero_goal task=0 episode=13 success=True
2026-07-17 04:23:30,502 [INFO] seed=42 suite=libero_goal task=0 episode=14 success=True
2026-07-17 04:24:03,874 [INFO] seed=42 suite=libero_goal task=0 episode=15 success=True
2026-07-17 04:24:41,201 [INFO] seed=42 suite=libero_goal task=0 episode=16 success=True
2026-07-17 04:25:18,338 [INFO] seed=42 suite=libero_goal task=0 episode=17 success=True
2026-07-17 04:25:56,419 [INFO] seed=42 suite=libero_goal task=0 episode=18 success=True
2026-07-17 04:26:33,924 [INFO] seed=42 suite=libero_goal task=0 episode=19 success=True
2026-07-17 04:27:11,016 [INFO] seed=42 suite=libero_goal task=0 episode=20 success=True
2026-07-17 04:27:50,215 [INFO] seed=42 suite=libero_goal task=0 episode=21 success=True
2026-07-17 04:28:30,573 [INFO] seed=42 suite=libero_goal task=0 episode=22 success=True
2026-07-17 04:29:08,544 [INFO] seed=42 suite=libero_goal task=0 episode=23 success=True
2026-07-17 04:29:47,753 [INFO] seed=42 suite=libero_goal task=0 episode=24 success=True
2026-07-17 04:30:27,733 [INFO] seed=42 suite=libero_goal task=0 episode=25 success=True
2026-07-17 04:31:08,009 [INFO] seed=42 suite=libero_goal task=0 episode=26 success=True
2026-07-17 04:31:45,121 [INFO] seed=42 suite=libero_goal task=0 episode=27 success=True
2026-07-17 04:32:22,811 [INFO] seed=42 suite=libero_goal task=0 episode=28 success=True
2026-07-17 04:33:01,037 [INFO] seed=42 suite=libero_goal task=0 episode=29 success=True
2026-07-17 04:33:40,308 [INFO] seed=42 suite=libero_goal task=0 episode=30 success=True
2026-07-17 04:34:20,233 [INFO] seed=42 suite=libero_goal task=0 episode=31 success=True
2026-07-17 04:34:59,236 [INFO] seed=42 suite=libero_goal task=0 episode=32 success=True
2026-07-17 04:35:37,125 [INFO] seed=42 suite=libero_goal task=0 episode=33 success=True
2026-07-17 04:36:14,322 [INFO] seed=42 suite=libero_goal task=0 episode=34 success=True
2026-07-17 04:36:52,406 [INFO] seed=42 suite=libero_goal task=0 episode=35 success=True
2026-07-17 04:37:28,788 [INFO] seed=42 suite=libero_goal task=0 episode=36 success=True
2026-07-17 04:38:07,051 [INFO] seed=42 suite=libero_goal task=0 episode=37 success=True
2026-07-17 04:38:47,290 [INFO] seed=42 suite=libero_goal task=0 episode=38 success=True
2026-07-17 04:39:28,270 [INFO] seed=42 suite=libero_goal task=0 episode=39 success=True
2026-07-17 04:40:10,779 [INFO] seed=42 suite=libero_goal task=0 episode=40 success=True
2026-07-17 04:40:48,697 [INFO] seed=42 suite=libero_goal task=0 episode=41 success=True
2026-07-17 04:41:26,406 [INFO] seed=42 suite=libero_goal task=0 episode=42 success=True
2026-07-17 04:42:05,384 [INFO] seed=42 suite=libero_goal task=0 episode=43 success=True
2026-07-17 04:42:43,011 [INFO] seed=42 suite=libero_goal task=0 episode=44 success=True
2026-07-17 04:43:22,215 [INFO] seed=42 suite=libero_goal task=0 episode=45 success=True
2026-07-17 04:44:03,858 [INFO] seed=42 suite=libero_goal task=0 episode=46 success=True
2026-07-17 04:44:44,389 [INFO] seed=42 suite=libero_goal task=0 episode=47 success=True
2026-07-17 04:45:28,295 [INFO] seed=42 suite=libero_goal task=0 episode=48 success=True
2026-07-17 04:46:11,745 [INFO] seed=42 suite=libero_goal task=0 episode=49 success=True
[info] using task orders [0, 1, 2, 3, 4, 5, 6, 7, 8, 9]
2026-07-17 04:46:48,243 [INFO] seed=42 suite=libero_goal task=8 episode=0 success=True
2026-07-17 04:47:22,214 [INFO] seed=42 suite=libero_goal task=8 episode=1 success=True
2026-07-17 04:47:53,983 [INFO] seed=42 suite=libero_goal task=8 episode=2 success=True
2026-07-17 04:48:27,474 [INFO] seed=42 suite=libero_goal task=8 episode=3 success=True
2026-07-17 04:49:01,098 [INFO] seed=42 suite=libero_goal task=8 episode=4 success=True
2026-07-17 04:49:34,716 [INFO] seed=42 suite=libero_goal task=8 episode=5 success=True
2026-07-17 04:50:07,132 [INFO] seed=42 suite=libero_goal task=8 episode=6 success=True
2026-07-17 04:50:41,013 [INFO] seed=42 suite=libero_goal task=8 episode=7 success=True
2026-07-17 04:51:11,980 [INFO] seed=42 suite=libero_goal task=8 episode=8 success=True
2026-07-17 04:51:44,585 [INFO] seed=42 suite=libero_goal task=8 episode=9 success=True
2026-07-17 04:52:17,980 [INFO] seed=42 suite=libero_goal task=8 episode=10 success=True
2026-07-17 04:52:51,341 [INFO] seed=42 suite=libero_goal task=8 episode=11 success=True
2026-07-17 04:53:24,577 [INFO] seed=42 suite=libero_goal task=8 episode=12 success=True
2026-07-17 04:53:59,247 [INFO] seed=42 suite=libero_goal task=8 episode=13 success=True
2026-07-17 04:54:33,368 [INFO] seed=42 suite=libero_goal task=8 episode=14 success=True
2026-07-17 04:55:08,345 [INFO] seed=42 suite=libero_goal task=8 episode=15 success=True
2026-07-17 04:55:41,952 [INFO] seed=42 suite=libero_goal task=8 episode=16 success=True
2026-07-17 04:56:13,782 [INFO] seed=42 suite=libero_goal task=8 episode=17 success=True
2026-07-17 04:56:45,733 [INFO] seed=42 suite=libero_goal task=8 episode=18 success=True
2026-07-17 04:57:20,592 [INFO] seed=42 suite=libero_goal task=8 episode=19 success=True
2026-07-17 04:57:54,749 [INFO] seed=42 suite=libero_goal task=8 episode=20 success=True
2026-07-17 04:58:28,065 [INFO] seed=42 suite=libero_goal task=8 episode=21 success=True
2026-07-17 04:58:59,783 [INFO] seed=42 suite=libero_goal task=8 episode=22 success=True
2026-07-17 04:59:31,238 [INFO] seed=42 suite=libero_goal task=8 episode=23 success=True
2026-07-17 05:00:03,122 [INFO] seed=42 suite=libero_goal task=8 episode=24 success=True
2026-07-17 05:00:37,253 [INFO] seed=42 suite=libero_goal task=8 episode=25 success=True
2026-07-17 05:01:11,985 [INFO] seed=42 suite=libero_goal task=8 episode=26 success=True
2026-07-17 05:01:44,433 [INFO] seed=42 suite=libero_goal task=8 episode=27 success=True
2026-07-17 05:02:17,853 [INFO] seed=42 suite=libero_goal task=8 episode=28 success=True
2026-07-17 05:02:52,306 [INFO] seed=42 suite=libero_goal task=8 episode=29 success=True
2026-07-17 05:03:26,164 [INFO] seed=42 suite=libero_goal task=8 episode=30 success=True
2026-07-17 05:04:01,495 [INFO] seed=42 suite=libero_goal task=8 episode=31 success=True
2026-07-17 05:04:32,368 [INFO] seed=42 suite=libero_goal task=8 episode=32 success=True
2026-07-17 05:05:05,598 [INFO] seed=42 suite=libero_goal task=8 episode=33 success=True
2026-07-17 05:05:38,940 [INFO] seed=42 suite=libero_goal task=8 episode=34 success=True
2026-07-17 05:06:13,509 [INFO] seed=42 suite=libero_goal task=8 episode=35 success=True
2026-07-17 05:06:45,261 [INFO] seed=42 suite=libero_goal task=8 episode=36 success=True
2026-07-17 05:07:20,263 [INFO] seed=42 suite=libero_goal task=8 episode=37 success=True
2026-07-17 05:07:54,668 [INFO] seed=42 suite=libero_goal task=8 episode=38 success=True
2026-07-17 05:08:30,114 [INFO] seed=42 suite=libero_goal task=8 episode=39 success=True
2026-07-17 05:09:04,346 [INFO] seed=42 suite=libero_goal task=8 episode=40 success=True
2026-07-17 05:09:38,883 [INFO] seed=42 suite=libero_goal task=8 episode=41 success=True
2026-07-17 05:10:14,125 [INFO] seed=42 suite=libero_goal task=8 episode=42 success=True
2026-07-17 05:11:17,131 [INFO] seed=42 suite=libero_goal task=8 episode=43 success=True
2026-07-17 05:11:49,682 [INFO] seed=42 suite=libero_goal task=8 episode=44 success=True
2026-07-17 05:12:23,178 [INFO] seed=42 suite=libero_goal task=8 episode=45 success=True
2026-07-17 05:12:56,402 [INFO] seed=42 suite=libero_goal task=8 episode=46 success=True
2026-07-17 05:13:30,618 [INFO] seed=42 suite=libero_goal task=8 episode=47 success=True
2026-07-17 05:14:04,154 [INFO] seed=42 suite=libero_goal task=8 episode=48 success=True
2026-07-17 05:14:38,257 [INFO] seed=42 suite=libero_goal task=8 episode=49 success=True
[info] using task orders [0, 1, 2, 3, 4, 5, 6, 7, 8, 9]
2026-07-17 05:17:40,620 [INFO] seed=42 suite=libero_10 task=6 episode=0 success=False
2026-07-17 05:18:40,321 [INFO] seed=42 suite=libero_10 task=6 episode=1 success=True
2026-07-17 05:21:38,513 [INFO] seed=42 suite=libero_10 task=6 episode=2 success=False
2026-07-17 05:22:33,496 [INFO] seed=42 suite=libero_10 task=6 episode=3 success=True
2026-07-17 05:25:30,906 [INFO] seed=42 suite=libero_10 task=6 episode=4 success=False
2026-07-17 05:26:28,073 [INFO] seed=42 suite=libero_10 task=6 episode=5 success=True
2026-07-17 05:27:26,706 [INFO] seed=42 suite=libero_10 task=6 episode=6 success=True
2026-07-17 05:28:20,736 [INFO] seed=42 suite=libero_10 task=6 episode=7 success=True
2026-07-17 05:29:17,176 [INFO] seed=42 suite=libero_10 task=6 episode=8 success=True
2026-07-17 05:30:17,274 [INFO] seed=42 suite=libero_10 task=6 episode=9 success=True
2026-07-17 05:33:14,325 [INFO] seed=42 suite=libero_10 task=6 episode=10 success=False
2026-07-17 05:34:14,924 [INFO] seed=42 suite=libero_10 task=6 episode=11 success=True
2026-07-17 05:37:14,288 [INFO] seed=42 suite=libero_10 task=6 episode=12 success=False
2026-07-17 05:38:17,312 [INFO] seed=42 suite=libero_10 task=6 episode=13 success=True
2026-07-17 05:41:16,187 [INFO] seed=42 suite=libero_10 task=6 episode=14 success=False
2026-07-17 05:42:14,683 [INFO] seed=42 suite=libero_10 task=6 episode=15 success=True
2026-07-17 05:43:21,845 [INFO] seed=42 suite=libero_10 task=6 episode=16 success=True
2026-07-17 05:46:19,569 [INFO] seed=42 suite=libero_10 task=6 episode=17 success=False
2026-07-17 05:47:16,500 [INFO] seed=42 suite=libero_10 task=6 episode=18 success=True
2026-07-17 05:48:10,851 [INFO] seed=42 suite=libero_10 task=6 episode=19 success=True
2026-07-17 05:49:12,442 [INFO] seed=42 suite=libero_10 task=6 episode=20 success=True
2026-07-17 05:52:08,125 [INFO] seed=42 suite=libero_10 task=6 episode=21 success=False
2026-07-17 05:53:01,560 [INFO] seed=42 suite=libero_10 task=6 episode=22 success=True
2026-07-17 05:54:19,961 [INFO] seed=42 suite=libero_10 task=6 episode=23 success=True
2026-07-17 05:55:15,345 [INFO] seed=42 suite=libero_10 task=6 episode=24 success=True
2026-07-17 05:56:11,243 [INFO] seed=42 suite=libero_10 task=6 episode=25 success=True
2026-07-17 05:57:23,411 [INFO] seed=42 suite=libero_10 task=6 episode=26 success=True
2026-07-17 05:58:17,480 [INFO] seed=42 suite=libero_10 task=6 episode=27 success=True
2026-07-17 06:01:14,011 [INFO] seed=42 suite=libero_10 task=6 episode=28 success=False
2026-07-17 06:02:22,708 [INFO] seed=42 suite=libero_10 task=6 episode=29 success=True
2026-07-17 06:03:23,852 [INFO] seed=42 suite=libero_10 task=6 episode=30 success=True
2026-07-17 06:04:20,777 [INFO] seed=42 suite=libero_10 task=6 episode=31 success=True
2026-07-17 06:05:19,518 [INFO] seed=42 suite=libero_10 task=6 episode=32 success=True
2026-07-17 06:06:19,094 [INFO] seed=42 suite=libero_10 task=6 episode=33 success=True
2026-07-17 06:07:12,040 [INFO] seed=42 suite=libero_10 task=6 episode=34 success=True
2026-07-17 06:08:10,485 [INFO] seed=42 suite=libero_10 task=6 episode=35 success=True
2026-07-17 06:09:09,104 [INFO] seed=42 suite=libero_10 task=6 episode=36 success=True
2026-07-17 06:10:03,473 [INFO] seed=42 suite=libero_10 task=6 episode=37 success=True
2026-07-17 06:12:58,540 [INFO] seed=42 suite=libero_10 task=6 episode=38 success=False
2026-07-17 06:13:51,942 [INFO] seed=42 suite=libero_10 task=6 episode=39 success=True
2026-07-17 06:14:47,923 [INFO] seed=42 suite=libero_10 task=6 episode=40 success=True
2026-07-17 06:15:43,232 [INFO] seed=42 suite=libero_10 task=6 episode=41 success=True
2026-07-17 06:16:36,687 [INFO] seed=42 suite=libero_10 task=6 episode=42 success=True
2026-07-17 06:17:50,217 [INFO] seed=42 suite=libero_10 task=6 episode=43 success=True
2026-07-17 06:19:12,903 [INFO] seed=42 suite=libero_10 task=6 episode=44 success=True
2026-07-17 06:20:51,617 [INFO] seed=42 suite=libero_10 task=6 episode=45 success=True
2026-07-17 06:21:59,354 [INFO] seed=42 suite=libero_10 task=6 episode=46 success=True
2026-07-17 06:22:57,624 [INFO] seed=42 suite=libero_10 task=6 episode=47 success=True
2026-07-17 06:23:50,222 [INFO] seed=42 suite=libero_10 task=6 episode=48 success=True
2026-07-17 06:24:45,362 [INFO] seed=42 suite=libero_10 task=6 episode=49 success=True
2026-07-17 06:24:45,582 [INFO] Wrote /mnt/afs/zhengmingkai/raozf/benchmark/FastWAM/result/libero_3seeds/20260716_194717/seed42/worker_004.json: 237/250 (0.9480)
