[info] using task orders [0, 1, 2, 3, 4, 5, 6, 7, 8, 9]
[info] using task orders [0, 1, 2, 3, 4, 5, 6, 7, 8, 9]
[info] using task orders [0, 1, 2, 3, 4, 5, 6, 7, 8, 9]
[info] using task orders [0, 1, 2, 3, 4, 5, 6, 7, 8, 9]
[info] using task orders [0, 1, 2, 3, 4, 5, 6, 7, 8, 9]
[info] using task orders [0, 1, 2, 3, 4, 5, 6, 7, 8, 9]
[info] using task orders [0, 1, 2, 3, 4, 5, 6, 7, 8, 9]
[info] using task orders [0, 1, 2, 3, 4, 5, 6, 7, 8, 9]
2026-07-17 03:03:23,658 [INFO] worker rank=2/8 physical_gpu=2 device=cuda:0 tasks=5 model=/mnt/afs/zhengmingkai/raozf/models/fastwam_libero
2026-07-17 03:03:57,968 [INFO] Initialized MoT with experts: ['video', 'action'], num_layers=30
2026-07-17 03:03:57,972 [INFO]   Expert 'video': num_params=5.00 B
2026-07-17 03:03:57,975 [INFO]   Expert 'action': num_params=1.02 B
2026-07-17 03:04:54,360 [INFO] Loading UMT5 sidecar: /mnt/afs/zhengmingkai/raozf/models/fastwam_libero/models_t5_umt5-xxl-enc-bf16.safetensors
2026-07-17 03:06:05,373 [INFO] Loading Wan VAE sidecar: /mnt/afs/zhengmingkai/raozf/models/fastwam_libero/Wan2.2_VAE.safetensors
2026-07-17 03:06:13,834 [INFO] Loading policy weights: /mnt/afs/zhengmingkai/raozf/models/fastwam_libero/model.safetensors
[info] using task orders [0, 1, 2, 3, 4, 5, 6, 7, 8, 9]
2026-07-17 03:07:34,652 [INFO] No OpenGL_accelerate module loaded: No module named 'OpenGL_accelerate'
/root/envs/fastwam_libero/lib/python3.10/site-packages/torch/nn/functional.py:5991: UserWarning: 1Torch was not compiled with memory efficient attention. (Triggered internally at /workspace/framework/mcPytorch/aten/src/ATen/native/transformers/cuda/sdp_utils.cpp:725.)
  return _scaled_dot_product_attention(query, key, value, attn_mask, dropout_p, is_causal, scale = scale, enable_gqa = enable_gqa)
2026-07-17 03:08:18,598 [INFO] seed=42 suite=libero_spatial task=2 episode=0 success=True
2026-07-17 03:08:54,059 [INFO] seed=42 suite=libero_spatial task=2 episode=1 success=True
2026-07-17 03:09:29,543 [INFO] seed=42 suite=libero_spatial task=2 episode=2 success=True
2026-07-17 03:10:05,364 [INFO] seed=42 suite=libero_spatial task=2 episode=3 success=True
2026-07-17 03:10:40,388 [INFO] seed=42 suite=libero_spatial task=2 episode=4 success=True
2026-07-17 03:11:17,318 [INFO] seed=42 suite=libero_spatial task=2 episode=5 success=True
2026-07-17 03:11:55,070 [INFO] seed=42 suite=libero_spatial task=2 episode=6 success=True
2026-07-17 03:12:29,883 [INFO] seed=42 suite=libero_spatial task=2 episode=7 success=True
2026-07-17 03:13:04,033 [INFO] seed=42 suite=libero_spatial task=2 episode=8 success=True
2026-07-17 03:13:35,850 [INFO] seed=42 suite=libero_spatial task=2 episode=9 success=True
2026-07-17 03:14:09,305 [INFO] seed=42 suite=libero_spatial task=2 episode=10 success=True
2026-07-17 03:14:42,452 [INFO] seed=42 suite=libero_spatial task=2 episode=11 success=True
2026-07-17 03:15:17,046 [INFO] seed=42 suite=libero_spatial task=2 episode=12 success=True
2026-07-17 03:15:51,175 [INFO] seed=42 suite=libero_spatial task=2 episode=13 success=True
2026-07-17 03:16:23,584 [INFO] seed=42 suite=libero_spatial task=2 episode=14 success=True
2026-07-17 03:16:56,910 [INFO] seed=42 suite=libero_spatial task=2 episode=15 success=True
2026-07-17 03:17:31,297 [INFO] seed=42 suite=libero_spatial task=2 episode=16 success=True
2026-07-17 03:18:06,520 [INFO] seed=42 suite=libero_spatial task=2 episode=17 success=True
2026-07-17 03:18:39,290 [INFO] seed=42 suite=libero_spatial task=2 episode=18 success=True
2026-07-17 03:19:12,779 [INFO] seed=42 suite=libero_spatial task=2 episode=19 success=True
2026-07-17 03:19:45,822 [INFO] seed=42 suite=libero_spatial task=2 episode=20 success=True
2026-07-17 03:20:17,897 [INFO] seed=42 suite=libero_spatial task=2 episode=21 success=True
2026-07-17 03:20:52,131 [INFO] seed=42 suite=libero_spatial task=2 episode=22 success=True
2026-07-17 03:21:25,341 [INFO] seed=42 suite=libero_spatial task=2 episode=23 success=True
2026-07-17 03:21:58,605 [INFO] seed=42 suite=libero_spatial task=2 episode=24 success=True
2026-07-17 03:22:29,793 [INFO] seed=42 suite=libero_spatial task=2 episode=25 success=True
2026-07-17 03:23:03,448 [INFO] seed=42 suite=libero_spatial task=2 episode=26 success=True
2026-07-17 03:23:40,438 [INFO] seed=42 suite=libero_spatial task=2 episode=27 success=True
2026-07-17 03:24:14,577 [INFO] seed=42 suite=libero_spatial task=2 episode=28 success=True
2026-07-17 03:24:50,219 [INFO] seed=42 suite=libero_spatial task=2 episode=29 success=True
2026-07-17 03:25:24,344 [INFO] seed=42 suite=libero_spatial task=2 episode=30 success=True
2026-07-17 03:25:56,709 [INFO] seed=42 suite=libero_spatial task=2 episode=31 success=True
2026-07-17 03:26:30,110 [INFO] seed=42 suite=libero_spatial task=2 episode=32 success=True
2026-07-17 03:27:04,825 [INFO] seed=42 suite=libero_spatial task=2 episode=33 success=True
2026-07-17 03:27:37,010 [INFO] seed=42 suite=libero_spatial task=2 episode=34 success=True
2026-07-17 03:28:06,949 [INFO] seed=42 suite=libero_spatial task=2 episode=35 success=True
2026-07-17 03:28:42,053 [INFO] seed=42 suite=libero_spatial task=2 episode=36 success=True
2026-07-17 03:29:12,659 [INFO] seed=42 suite=libero_spatial task=2 episode=37 success=True
2026-07-17 03:29:43,284 [INFO] seed=42 suite=libero_spatial task=2 episode=38 success=True
2026-07-17 03:30:12,930 [INFO] seed=42 suite=libero_spatial task=2 episode=39 success=True
2026-07-17 03:30:42,850 [INFO] seed=42 suite=libero_spatial task=2 episode=40 success=True
2026-07-17 03:31:13,092 [INFO] seed=42 suite=libero_spatial task=2 episode=41 success=True
2026-07-17 03:31:45,337 [INFO] seed=42 suite=libero_spatial task=2 episode=42 success=True
2026-07-17 03:32:16,295 [INFO] seed=42 suite=libero_spatial task=2 episode=43 success=True
2026-07-17 03:32:48,257 [INFO] seed=42 suite=libero_spatial task=2 episode=44 success=True
2026-07-17 03:33:19,199 [INFO] seed=42 suite=libero_spatial task=2 episode=45 success=True
2026-07-17 03:33:49,465 [INFO] seed=42 suite=libero_spatial task=2 episode=46 success=True
2026-07-17 03:34:21,785 [INFO] seed=42 suite=libero_spatial task=2 episode=47 success=True
2026-07-17 03:34:52,004 [INFO] seed=42 suite=libero_spatial task=2 episode=48 success=True
2026-07-17 03:35:20,675 [INFO] seed=42 suite=libero_spatial task=2 episode=49 success=True
[info] using task orders [0, 1, 2, 3, 4, 5, 6, 7, 8, 9]
2026-07-17 03:35:51,005 [INFO] seed=42 suite=libero_object task=0 episode=0 success=True
2026-07-17 03:36:19,309 [INFO] seed=42 suite=libero_object task=0 episode=1 success=True
2026-07-17 03:36:48,063 [INFO] seed=42 suite=libero_object task=0 episode=2 success=True
2026-07-17 03:37:17,156 [INFO] seed=42 suite=libero_object task=0 episode=3 success=True
2026-07-17 03:37:45,604 [INFO] seed=42 suite=libero_object task=0 episode=4 success=True
2026-07-17 03:38:12,401 [INFO] seed=42 suite=libero_object task=0 episode=5 success=True
2026-07-17 03:38:39,922 [INFO] seed=42 suite=libero_object task=0 episode=6 success=True
2026-07-17 03:39:08,470 [INFO] seed=42 suite=libero_object task=0 episode=7 success=True
2026-07-17 03:39:34,926 [INFO] seed=42 suite=libero_object task=0 episode=8 success=True
2026-07-17 03:40:03,711 [INFO] seed=42 suite=libero_object task=0 episode=9 success=True
2026-07-17 03:40:32,896 [INFO] seed=42 suite=libero_object task=0 episode=10 success=True
2026-07-17 03:41:01,805 [INFO] seed=42 suite=libero_object task=0 episode=11 success=True
2026-07-17 03:41:30,185 [INFO] seed=42 suite=libero_object task=0 episode=12 success=True
2026-07-17 03:41:58,881 [INFO] seed=42 suite=libero_object task=0 episode=13 success=True
2026-07-17 03:42:27,742 [INFO] seed=42 suite=libero_object task=0 episode=14 success=True
2026-07-17 03:42:56,435 [INFO] seed=42 suite=libero_object task=0 episode=15 success=True
2026-07-17 03:43:25,884 [INFO] seed=42 suite=libero_object task=0 episode=16 success=True
2026-07-17 03:43:53,101 [INFO] seed=42 suite=libero_object task=0 episode=17 success=True
2026-07-17 03:44:22,316 [INFO] seed=42 suite=libero_object task=0 episode=18 success=True
2026-07-17 03:44:51,163 [INFO] seed=42 suite=libero_object task=0 episode=19 success=True
2026-07-17 03:45:19,281 [INFO] seed=42 suite=libero_object task=0 episode=20 success=True
2026-07-17 03:45:47,619 [INFO] seed=42 suite=libero_object task=0 episode=21 success=True
2026-07-17 03:46:16,696 [INFO] seed=42 suite=libero_object task=0 episode=22 success=True
2026-07-17 03:46:46,630 [INFO] seed=42 suite=libero_object task=0 episode=23 success=True
2026-07-17 03:47:15,422 [INFO] seed=42 suite=libero_object task=0 episode=24 success=True
2026-07-17 03:47:44,264 [INFO] seed=42 suite=libero_object task=0 episode=25 success=True
2026-07-17 03:48:13,944 [INFO] seed=42 suite=libero_object task=0 episode=26 success=True
2026-07-17 03:49:38,251 [INFO] seed=42 suite=libero_object task=0 episode=27 success=False
2026-07-17 03:50:12,816 [INFO] seed=42 suite=libero_object task=0 episode=28 success=True
2026-07-17 03:50:44,474 [INFO] seed=42 suite=libero_object task=0 episode=29 success=True
2026-07-17 03:51:16,018 [INFO] seed=42 suite=libero_object task=0 episode=30 success=True
2026-07-17 03:51:48,382 [INFO] seed=42 suite=libero_object task=0 episode=31 success=True
2026-07-17 03:52:22,524 [INFO] seed=42 suite=libero_object task=0 episode=32 success=True
2026-07-17 03:52:56,919 [INFO] seed=42 suite=libero_object task=0 episode=33 success=True
2026-07-17 03:53:30,436 [INFO] seed=42 suite=libero_object task=0 episode=34 success=True
2026-07-17 03:54:04,953 [INFO] seed=42 suite=libero_object task=0 episode=35 success=True
2026-07-17 03:54:39,236 [INFO] seed=42 suite=libero_object task=0 episode=36 success=True
2026-07-17 03:55:13,718 [INFO] seed=42 suite=libero_object task=0 episode=37 success=True
2026-07-17 03:55:47,038 [INFO] seed=42 suite=libero_object task=0 episode=38 success=True
2026-07-17 03:56:20,872 [INFO] seed=42 suite=libero_object task=0 episode=39 success=True
2026-07-17 03:56:55,203 [INFO] seed=42 suite=libero_object task=0 episode=40 success=True
2026-07-17 03:57:27,431 [INFO] seed=42 suite=libero_object task=0 episode=41 success=True
2026-07-17 03:58:00,458 [INFO] seed=42 suite=libero_object task=0 episode=42 success=True
2026-07-17 03:58:34,040 [INFO] seed=42 suite=libero_object task=0 episode=43 success=True
2026-07-17 03:59:08,349 [INFO] seed=42 suite=libero_object task=0 episode=44 success=True
2026-07-17 03:59:42,373 [INFO] seed=42 suite=libero_object task=0 episode=45 success=True
2026-07-17 04:00:15,259 [INFO] seed=42 suite=libero_object task=0 episode=46 success=True
2026-07-17 04:00:47,933 [INFO] seed=42 suite=libero_object task=0 episode=47 success=True
2026-07-17 04:01:20,386 [INFO] seed=42 suite=libero_object task=0 episode=48 success=True
2026-07-17 04:02:00,929 [INFO] seed=42 suite=libero_object task=0 episode=49 success=True
[info] using task orders [0, 1, 2, 3, 4, 5, 6, 7, 8, 9]
2026-07-17 04:02:37,177 [INFO] seed=42 suite=libero_object task=8 episode=0 success=True
2026-07-17 04:03:13,389 [INFO] seed=42 suite=libero_object task=8 episode=1 success=True
2026-07-17 04:03:47,687 [INFO] seed=42 suite=libero_object task=8 episode=2 success=True
2026-07-17 04:04:21,203 [INFO] seed=42 suite=libero_object task=8 episode=3 success=True
2026-07-17 04:04:54,803 [INFO] seed=42 suite=libero_object task=8 episode=4 success=True
2026-07-17 04:05:28,713 [INFO] seed=42 suite=libero_object task=8 episode=5 success=True
2026-07-17 04:06:03,072 [INFO] seed=42 suite=libero_object task=8 episode=6 success=True
2026-07-17 04:06:51,669 [INFO] seed=42 suite=libero_object task=8 episode=7 success=True
2026-07-17 04:07:27,542 [INFO] seed=42 suite=libero_object task=8 episode=8 success=True
2026-07-17 04:08:02,076 [INFO] seed=42 suite=libero_object task=8 episode=9 success=True
2026-07-17 04:08:36,065 [INFO] seed=42 suite=libero_object task=8 episode=10 success=True
2026-07-17 04:09:14,677 [INFO] seed=42 suite=libero_object task=8 episode=11 success=True
2026-07-17 04:09:58,280 [INFO] seed=42 suite=libero_object task=8 episode=12 success=True
2026-07-17 04:10:44,235 [INFO] seed=42 suite=libero_object task=8 episode=13 success=True
2026-07-17 04:11:26,744 [INFO] seed=42 suite=libero_object task=8 episode=14 success=True
2026-07-17 04:12:10,249 [INFO] seed=42 suite=libero_object task=8 episode=15 success=True
2026-07-17 04:12:55,896 [INFO] seed=42 suite=libero_object task=8 episode=16 success=True
2026-07-17 04:13:38,330 [INFO] seed=42 suite=libero_object task=8 episode=17 success=True
2026-07-17 04:14:21,643 [INFO] seed=42 suite=libero_object task=8 episode=18 success=True
2026-07-17 04:15:09,653 [INFO] seed=42 suite=libero_object task=8 episode=19 success=True
2026-07-17 04:15:53,778 [INFO] seed=42 suite=libero_object task=8 episode=20 success=True
2026-07-17 04:16:37,430 [INFO] seed=42 suite=libero_object task=8 episode=21 success=True
2026-07-17 04:17:24,971 [INFO] seed=42 suite=libero_object task=8 episode=22 success=True
2026-07-17 04:18:09,566 [INFO] seed=42 suite=libero_object task=8 episode=23 success=True
2026-07-17 04:18:47,970 [INFO] seed=42 suite=libero_object task=8 episode=24 success=True
2026-07-17 04:19:21,825 [INFO] seed=42 suite=libero_object task=8 episode=25 success=True
2026-07-17 04:19:57,496 [INFO] seed=42 suite=libero_object task=8 episode=26 success=True
2026-07-17 04:20:31,591 [INFO] seed=42 suite=libero_object task=8 episode=27 success=True
2026-07-17 04:21:08,333 [INFO] seed=42 suite=libero_object task=8 episode=28 success=True
2026-07-17 04:21:41,206 [INFO] seed=42 suite=libero_object task=8 episode=29 success=True
2026-07-17 04:22:11,608 [INFO] seed=42 suite=libero_object task=8 episode=30 success=True
2026-07-17 04:22:40,352 [INFO] seed=42 suite=libero_object task=8 episode=31 success=True
2026-07-17 04:23:12,417 [INFO] seed=42 suite=libero_object task=8 episode=32 success=True
2026-07-17 04:23:44,863 [INFO] seed=42 suite=libero_object task=8 episode=33 success=True
2026-07-17 04:24:15,197 [INFO] seed=42 suite=libero_object task=8 episode=34 success=True
2026-07-17 04:24:48,545 [INFO] seed=42 suite=libero_object task=8 episode=35 success=True
2026-07-17 04:25:23,916 [INFO] seed=42 suite=libero_object task=8 episode=36 success=True
2026-07-17 04:26:00,049 [INFO] seed=42 suite=libero_object task=8 episode=37 success=True
2026-07-17 04:26:34,359 [INFO] seed=42 suite=libero_object task=8 episode=38 success=True
2026-07-17 04:27:11,816 [INFO] seed=42 suite=libero_object task=8 episode=39 success=True
2026-07-17 04:27:46,615 [INFO] seed=42 suite=libero_object task=8 episode=40 success=True
2026-07-17 04:28:21,892 [INFO] seed=42 suite=libero_object task=8 episode=41 success=True
2026-07-17 04:28:57,367 [INFO] seed=42 suite=libero_object task=8 episode=42 success=True
2026-07-17 04:29:34,900 [INFO] seed=42 suite=libero_object task=8 episode=43 success=True
2026-07-17 04:30:10,968 [INFO] seed=42 suite=libero_object task=8 episode=44 success=True
2026-07-17 04:30:46,484 [INFO] seed=42 suite=libero_object task=8 episode=45 success=True
2026-07-17 04:31:20,863 [INFO] seed=42 suite=libero_object task=8 episode=46 success=True
2026-07-17 04:31:55,120 [INFO] seed=42 suite=libero_object task=8 episode=47 success=True
2026-07-17 04:32:29,631 [INFO] seed=42 suite=libero_object task=8 episode=48 success=True
2026-07-17 04:33:07,159 [INFO] seed=42 suite=libero_object task=8 episode=49 success=True
[info] using task orders [0, 1, 2, 3, 4, 5, 6, 7, 8, 9]
2026-07-17 04:33:41,147 [INFO] seed=42 suite=libero_goal task=6 episode=0 success=True
2026-07-17 04:34:13,703 [INFO] seed=42 suite=libero_goal task=6 episode=1 success=True
2026-07-17 04:34:53,704 [INFO] seed=42 suite=libero_goal task=6 episode=2 success=True
2026-07-17 04:35:25,922 [INFO] seed=42 suite=libero_goal task=6 episode=3 success=True
2026-07-17 04:36:07,342 [INFO] seed=42 suite=libero_goal task=6 episode=4 success=True
2026-07-17 04:36:48,592 [INFO] seed=42 suite=libero_goal task=6 episode=5 success=True
2026-07-17 04:37:40,516 [INFO] seed=42 suite=libero_goal task=6 episode=6 success=True
2026-07-17 04:38:12,771 [INFO] seed=42 suite=libero_goal task=6 episode=7 success=True
2026-07-17 04:38:44,308 [INFO] seed=42 suite=libero_goal task=6 episode=8 success=True
2026-07-17 04:39:15,741 [INFO] seed=42 suite=libero_goal task=6 episode=9 success=True
2026-07-17 04:39:46,440 [INFO] seed=42 suite=libero_goal task=6 episode=10 success=True
2026-07-17 04:40:18,611 [INFO] seed=42 suite=libero_goal task=6 episode=11 success=True
2026-07-17 04:40:50,333 [INFO] seed=42 suite=libero_goal task=6 episode=12 success=True
2026-07-17 04:41:22,688 [INFO] seed=42 suite=libero_goal task=6 episode=13 success=True
2026-07-17 04:41:54,877 [INFO] seed=42 suite=libero_goal task=6 episode=14 success=True
2026-07-17 04:42:27,477 [INFO] seed=42 suite=libero_goal task=6 episode=15 success=True
2026-07-17 04:43:00,879 [INFO] seed=42 suite=libero_goal task=6 episode=16 success=True
2026-07-17 04:43:32,083 [INFO] seed=42 suite=libero_goal task=6 episode=17 success=True
2026-07-17 04:44:02,775 [INFO] seed=42 suite=libero_goal task=6 episode=18 success=True
2026-07-17 04:44:36,250 [INFO] seed=42 suite=libero_goal task=6 episode=19 success=True
2026-07-17 04:45:13,782 [INFO] seed=42 suite=libero_goal task=6 episode=20 success=True
2026-07-17 04:45:51,650 [INFO] seed=42 suite=libero_goal task=6 episode=21 success=True
2026-07-17 04:46:29,867 [INFO] seed=42 suite=libero_goal task=6 episode=22 success=True
2026-07-17 04:47:37,349 [INFO] seed=42 suite=libero_goal task=6 episode=23 success=True
2026-07-17 04:48:14,617 [INFO] seed=42 suite=libero_goal task=6 episode=24 success=True
2026-07-17 04:48:51,826 [INFO] seed=42 suite=libero_goal task=6 episode=25 success=True
2026-07-17 04:49:29,669 [INFO] seed=42 suite=libero_goal task=6 episode=26 success=True
2026-07-17 04:50:07,684 [INFO] seed=42 suite=libero_goal task=6 episode=27 success=True
2026-07-17 04:52:31,970 [INFO] seed=42 suite=libero_goal task=6 episode=28 success=False
2026-07-17 04:53:10,149 [INFO] seed=42 suite=libero_goal task=6 episode=29 success=True
2026-07-17 04:53:49,172 [INFO] seed=42 suite=libero_goal task=6 episode=30 success=True
2026-07-17 04:54:40,121 [INFO] seed=42 suite=libero_goal task=6 episode=31 success=True
2026-07-17 04:55:17,924 [INFO] seed=42 suite=libero_goal task=6 episode=32 success=True
2026-07-17 04:55:56,726 [INFO] seed=42 suite=libero_goal task=6 episode=33 success=True
2026-07-17 04:56:34,221 [INFO] seed=42 suite=libero_goal task=6 episode=34 success=True
2026-07-17 04:57:08,026 [INFO] seed=42 suite=libero_goal task=6 episode=35 success=True
2026-07-17 04:57:45,680 [INFO] seed=42 suite=libero_goal task=6 episode=36 success=True
2026-07-17 04:58:23,891 [INFO] seed=42 suite=libero_goal task=6 episode=37 success=True
2026-07-17 04:59:02,951 [INFO] seed=42 suite=libero_goal task=6 episode=38 success=True
2026-07-17 05:00:47,782 [INFO] seed=42 suite=libero_goal task=6 episode=39 success=True
2026-07-17 05:01:35,968 [INFO] seed=42 suite=libero_goal task=6 episode=40 success=True
2026-07-17 05:02:14,788 [INFO] seed=42 suite=libero_goal task=6 episode=41 success=True
2026-07-17 05:02:52,983 [INFO] seed=42 suite=libero_goal task=6 episode=42 success=True
2026-07-17 05:03:29,709 [INFO] seed=42 suite=libero_goal task=6 episode=43 success=True
2026-07-17 05:04:03,925 [INFO] seed=42 suite=libero_goal task=6 episode=44 success=True
2026-07-17 05:04:40,700 [INFO] seed=42 suite=libero_goal task=6 episode=45 success=True
2026-07-17 05:05:18,391 [INFO] seed=42 suite=libero_goal task=6 episode=46 success=True
2026-07-17 05:05:57,391 [INFO] seed=42 suite=libero_goal task=6 episode=47 success=True
2026-07-17 05:06:31,303 [INFO] seed=42 suite=libero_goal task=6 episode=48 success=True
2026-07-17 05:07:09,116 [INFO] seed=42 suite=libero_goal task=6 episode=49 success=True
[info] using task orders [0, 1, 2, 3, 4, 5, 6, 7, 8, 9]
2026-07-17 05:08:15,983 [INFO] seed=42 suite=libero_10 task=4 episode=0 success=True
2026-07-17 05:09:12,233 [INFO] seed=42 suite=libero_10 task=4 episode=1 success=True
2026-07-17 05:10:09,962 [INFO] seed=42 suite=libero_10 task=4 episode=2 success=True
2026-07-17 05:11:07,999 [INFO] seed=42 suite=libero_10 task=4 episode=3 success=True
2026-07-17 05:12:08,148 [INFO] seed=42 suite=libero_10 task=4 episode=4 success=True
2026-07-17 05:13:08,982 [INFO] seed=42 suite=libero_10 task=4 episode=5 success=True
2026-07-17 05:14:07,491 [INFO] seed=42 suite=libero_10 task=4 episode=6 success=True
2026-07-17 05:15:08,453 [INFO] seed=42 suite=libero_10 task=4 episode=7 success=True
2026-07-17 05:16:04,723 [INFO] seed=42 suite=libero_10 task=4 episode=8 success=True
2026-07-17 05:19:00,673 [INFO] seed=42 suite=libero_10 task=4 episode=9 success=False
2026-07-17 05:19:57,953 [INFO] seed=42 suite=libero_10 task=4 episode=10 success=True
2026-07-17 05:21:08,262 [INFO] seed=42 suite=libero_10 task=4 episode=11 success=True
2026-07-17 05:22:04,166 [INFO] seed=42 suite=libero_10 task=4 episode=12 success=True
2026-07-17 05:23:02,555 [INFO] seed=42 suite=libero_10 task=4 episode=13 success=True
2026-07-17 05:24:02,178 [INFO] seed=42 suite=libero_10 task=4 episode=14 success=True
2026-07-17 05:25:05,960 [INFO] seed=42 suite=libero_10 task=4 episode=15 success=True
2026-07-17 05:26:03,860 [INFO] seed=42 suite=libero_10 task=4 episode=16 success=True
2026-07-17 05:27:04,494 [INFO] seed=42 suite=libero_10 task=4 episode=17 success=True
2026-07-17 05:30:03,419 [INFO] seed=42 suite=libero_10 task=4 episode=18 success=False
2026-07-17 05:31:03,470 [INFO] seed=42 suite=libero_10 task=4 episode=19 success=True
2026-07-17 05:32:02,239 [INFO] seed=42 suite=libero_10 task=4 episode=20 success=True
2026-07-17 05:33:01,117 [INFO] seed=42 suite=libero_10 task=4 episode=21 success=True
2026-07-17 05:33:58,485 [INFO] seed=42 suite=libero_10 task=4 episode=22 success=True
2026-07-17 05:35:02,523 [INFO] seed=42 suite=libero_10 task=4 episode=23 success=True
2026-07-17 05:35:59,829 [INFO] seed=42 suite=libero_10 task=4 episode=24 success=True
2026-07-17 05:36:58,460 [INFO] seed=42 suite=libero_10 task=4 episode=25 success=True
2026-07-17 05:37:58,224 [INFO] seed=42 suite=libero_10 task=4 episode=26 success=True
2026-07-17 05:40:53,886 [INFO] seed=42 suite=libero_10 task=4 episode=27 success=False
2026-07-17 05:41:54,834 [INFO] seed=42 suite=libero_10 task=4 episode=28 success=True
2026-07-17 05:42:55,048 [INFO] seed=42 suite=libero_10 task=4 episode=29 success=True
2026-07-17 05:43:55,764 [INFO] seed=42 suite=libero_10 task=4 episode=30 success=True
2026-07-17 05:44:52,620 [INFO] seed=42 suite=libero_10 task=4 episode=31 success=True
2026-07-17 05:45:52,225 [INFO] seed=42 suite=libero_10 task=4 episode=32 success=True
2026-07-17 05:46:49,564 [INFO] seed=42 suite=libero_10 task=4 episode=33 success=True
2026-07-17 05:47:53,358 [INFO] seed=42 suite=libero_10 task=4 episode=34 success=True
2026-07-17 05:48:54,734 [INFO] seed=42 suite=libero_10 task=4 episode=35 success=True
2026-07-17 05:49:51,776 [INFO] seed=42 suite=libero_10 task=4 episode=36 success=True
2026-07-17 05:52:49,946 [INFO] seed=42 suite=libero_10 task=4 episode=37 success=False
2026-07-17 05:53:50,862 [INFO] seed=42 suite=libero_10 task=4 episode=38 success=True
2026-07-17 05:54:48,939 [INFO] seed=42 suite=libero_10 task=4 episode=39 success=True
2026-07-17 05:55:49,369 [INFO] seed=42 suite=libero_10 task=4 episode=40 success=True
2026-07-17 05:56:48,865 [INFO] seed=42 suite=libero_10 task=4 episode=41 success=True
2026-07-17 05:57:55,744 [INFO] seed=42 suite=libero_10 task=4 episode=42 success=True
2026-07-17 05:58:56,086 [INFO] seed=42 suite=libero_10 task=4 episode=43 success=True
2026-07-17 05:59:59,604 [INFO] seed=42 suite=libero_10 task=4 episode=44 success=True
2026-07-17 06:00:56,662 [INFO] seed=42 suite=libero_10 task=4 episode=45 success=True
2026-07-17 06:01:55,709 [INFO] seed=42 suite=libero_10 task=4 episode=46 success=True
2026-07-17 06:02:56,918 [INFO] seed=42 suite=libero_10 task=4 episode=47 success=True
2026-07-17 06:03:56,474 [INFO] seed=42 suite=libero_10 task=4 episode=48 success=True
2026-07-17 06:04:59,846 [INFO] seed=42 suite=libero_10 task=4 episode=49 success=True
2026-07-17 06:05:00,178 [INFO] Wrote /mnt/afs/zhengmingkai/raozf/benchmark/FastWAM/result/libero_3seeds/20260716_194717/seed42/worker_002.json: 244/250 (0.9760)
