[info] using task orders [0, 1, 2, 3, 4, 5, 6, 7, 8, 9]
[info] using task orders [0, 1, 2, 3, 4, 5, 6, 7, 8, 9]
[info] using task orders [0, 1, 2, 3, 4, 5, 6, 7, 8, 9]
[info] using task orders [0, 1, 2, 3, 4, 5, 6, 7, 8, 9]
[info] using task orders [0, 1, 2, 3, 4, 5, 6, 7, 8, 9]
[info] using task orders [0, 1, 2, 3, 4, 5, 6, 7, 8, 9]
[info] using task orders [0, 1, 2, 3, 4, 5, 6, 7, 8, 9]
[info] using task orders [0, 1, 2, 3, 4, 5, 6, 7, 8, 9]
2026-07-17 03:03:24,001 [INFO] worker rank=1/8 physical_gpu=1 device=cuda:0 tasks=5 model=/mnt/afs/zhengmingkai/raozf/models/fastwam_libero
2026-07-17 03:03:58,527 [INFO] Initialized MoT with experts: ['video', 'action'], num_layers=30
2026-07-17 03:03:58,531 [INFO]   Expert 'video': num_params=5.00 B
2026-07-17 03:03:58,535 [INFO]   Expert 'action': num_params=1.02 B
2026-07-17 03:04:56,359 [INFO] Loading UMT5 sidecar: /mnt/afs/zhengmingkai/raozf/models/fastwam_libero/models_t5_umt5-xxl-enc-bf16.safetensors
2026-07-17 03:06:05,261 [INFO] Loading Wan VAE sidecar: /mnt/afs/zhengmingkai/raozf/models/fastwam_libero/Wan2.2_VAE.safetensors
2026-07-17 03:06:13,644 [INFO] Loading policy weights: /mnt/afs/zhengmingkai/raozf/models/fastwam_libero/model.safetensors
[info] using task orders [0, 1, 2, 3, 4, 5, 6, 7, 8, 9]
2026-07-17 03:07:34,446 [INFO] No OpenGL_accelerate module loaded: No module named 'OpenGL_accelerate'
/root/envs/fastwam_libero/lib/python3.10/site-packages/torch/nn/functional.py:5991: UserWarning: 1Torch was not compiled with memory efficient attention. (Triggered internally at /workspace/framework/mcPytorch/aten/src/ATen/native/transformers/cuda/sdp_utils.cpp:725.)
  return _scaled_dot_product_attention(query, key, value, attn_mask, dropout_p, is_causal, scale = scale, enable_gqa = enable_gqa)
2026-07-17 03:08:22,885 [INFO] seed=42 suite=libero_spatial task=1 episode=0 success=True
2026-07-17 03:09:01,654 [INFO] seed=42 suite=libero_spatial task=1 episode=1 success=True
2026-07-17 03:09:37,749 [INFO] seed=42 suite=libero_spatial task=1 episode=2 success=True
2026-07-17 03:10:16,727 [INFO] seed=42 suite=libero_spatial task=1 episode=3 success=True
2026-07-17 03:10:55,171 [INFO] seed=42 suite=libero_spatial task=1 episode=4 success=True
2026-07-17 03:11:31,126 [INFO] seed=42 suite=libero_spatial task=1 episode=5 success=True
2026-07-17 03:12:07,691 [INFO] seed=42 suite=libero_spatial task=1 episode=6 success=True
2026-07-17 03:12:44,638 [INFO] seed=42 suite=libero_spatial task=1 episode=7 success=True
2026-07-17 03:13:22,298 [INFO] seed=42 suite=libero_spatial task=1 episode=8 success=True
2026-07-17 03:13:58,383 [INFO] seed=42 suite=libero_spatial task=1 episode=9 success=True
2026-07-17 03:14:37,405 [INFO] seed=42 suite=libero_spatial task=1 episode=10 success=True
2026-07-17 03:15:15,128 [INFO] seed=42 suite=libero_spatial task=1 episode=11 success=True
2026-07-17 03:15:54,102 [INFO] seed=42 suite=libero_spatial task=1 episode=12 success=True
2026-07-17 03:16:31,601 [INFO] seed=42 suite=libero_spatial task=1 episode=13 success=True
2026-07-17 03:17:09,559 [INFO] seed=42 suite=libero_spatial task=1 episode=14 success=True
2026-07-17 03:17:47,802 [INFO] seed=42 suite=libero_spatial task=1 episode=15 success=True
2026-07-17 03:18:26,670 [INFO] seed=42 suite=libero_spatial task=1 episode=16 success=True
2026-07-17 03:19:04,218 [INFO] seed=42 suite=libero_spatial task=1 episode=17 success=True
2026-07-17 03:19:42,110 [INFO] seed=42 suite=libero_spatial task=1 episode=18 success=True
2026-07-17 03:20:19,526 [INFO] seed=42 suite=libero_spatial task=1 episode=19 success=True
2026-07-17 03:22:13,441 [INFO] seed=42 suite=libero_spatial task=1 episode=20 success=False
2026-07-17 03:22:52,290 [INFO] seed=42 suite=libero_spatial task=1 episode=21 success=True
2026-07-17 03:23:31,267 [INFO] seed=42 suite=libero_spatial task=1 episode=22 success=True
2026-07-17 03:24:08,348 [INFO] seed=42 suite=libero_spatial task=1 episode=23 success=True
2026-07-17 03:24:45,232 [INFO] seed=42 suite=libero_spatial task=1 episode=24 success=True
2026-07-17 03:25:22,205 [INFO] seed=42 suite=libero_spatial task=1 episode=25 success=True
2026-07-17 03:25:58,422 [INFO] seed=42 suite=libero_spatial task=1 episode=26 success=True
2026-07-17 03:26:33,844 [INFO] seed=42 suite=libero_spatial task=1 episode=27 success=True
2026-07-17 03:27:09,300 [INFO] seed=42 suite=libero_spatial task=1 episode=28 success=True
2026-07-17 03:27:43,695 [INFO] seed=42 suite=libero_spatial task=1 episode=29 success=True
2026-07-17 03:28:18,165 [INFO] seed=42 suite=libero_spatial task=1 episode=30 success=True
2026-07-17 03:28:52,048 [INFO] seed=42 suite=libero_spatial task=1 episode=31 success=True
2026-07-17 03:29:24,786 [INFO] seed=42 suite=libero_spatial task=1 episode=32 success=True
2026-07-17 03:30:00,324 [INFO] seed=42 suite=libero_spatial task=1 episode=33 success=True
2026-07-17 03:30:36,182 [INFO] seed=42 suite=libero_spatial task=1 episode=34 success=True
2026-07-17 03:31:10,199 [INFO] seed=42 suite=libero_spatial task=1 episode=35 success=True
2026-07-17 03:31:47,164 [INFO] seed=42 suite=libero_spatial task=1 episode=36 success=True
2026-07-17 03:32:20,491 [INFO] seed=42 suite=libero_spatial task=1 episode=37 success=True
2026-07-17 03:32:53,202 [INFO] seed=42 suite=libero_spatial task=1 episode=38 success=True
2026-07-17 03:33:26,165 [INFO] seed=42 suite=libero_spatial task=1 episode=39 success=True
2026-07-17 03:33:58,974 [INFO] seed=42 suite=libero_spatial task=1 episode=40 success=True
2026-07-17 03:34:32,008 [INFO] seed=42 suite=libero_spatial task=1 episode=41 success=True
2026-07-17 03:35:04,365 [INFO] seed=42 suite=libero_spatial task=1 episode=42 success=True
2026-07-17 03:35:37,133 [INFO] seed=42 suite=libero_spatial task=1 episode=43 success=True
2026-07-17 03:36:10,399 [INFO] seed=42 suite=libero_spatial task=1 episode=44 success=True
2026-07-17 03:36:45,423 [INFO] seed=42 suite=libero_spatial task=1 episode=45 success=True
2026-07-17 03:37:20,917 [INFO] seed=42 suite=libero_spatial task=1 episode=46 success=True
2026-07-17 03:37:56,075 [INFO] seed=42 suite=libero_spatial task=1 episode=47 success=True
2026-07-17 03:38:26,509 [INFO] seed=42 suite=libero_spatial task=1 episode=48 success=True
2026-07-17 03:39:01,410 [INFO] seed=42 suite=libero_spatial task=1 episode=49 success=True
[info] using task orders [0, 1, 2, 3, 4, 5, 6, 7, 8, 9]
2026-07-17 03:39:40,538 [INFO] seed=42 suite=libero_spatial task=9 episode=0 success=True
2026-07-17 03:40:17,383 [INFO] seed=42 suite=libero_spatial task=9 episode=1 success=True
2026-07-17 03:40:55,873 [INFO] seed=42 suite=libero_spatial task=9 episode=2 success=True
2026-07-17 03:41:34,626 [INFO] seed=42 suite=libero_spatial task=9 episode=3 success=True
2026-07-17 03:42:12,988 [INFO] seed=42 suite=libero_spatial task=9 episode=4 success=True
2026-07-17 03:42:51,800 [INFO] seed=42 suite=libero_spatial task=9 episode=5 success=True
2026-07-17 03:43:32,187 [INFO] seed=42 suite=libero_spatial task=9 episode=6 success=True
2026-07-17 03:44:11,613 [INFO] seed=42 suite=libero_spatial task=9 episode=7 success=True
2026-07-17 03:44:49,277 [INFO] seed=42 suite=libero_spatial task=9 episode=8 success=True
2026-07-17 03:45:29,427 [INFO] seed=42 suite=libero_spatial task=9 episode=9 success=True
2026-07-17 03:46:05,837 [INFO] seed=42 suite=libero_spatial task=9 episode=10 success=True
2026-07-17 03:46:44,177 [INFO] seed=42 suite=libero_spatial task=9 episode=11 success=True
2026-07-17 03:47:21,369 [INFO] seed=42 suite=libero_spatial task=9 episode=12 success=True
2026-07-17 03:47:59,595 [INFO] seed=42 suite=libero_spatial task=9 episode=13 success=True
2026-07-17 03:48:39,850 [INFO] seed=42 suite=libero_spatial task=9 episode=14 success=True
2026-07-17 03:49:23,182 [INFO] seed=42 suite=libero_spatial task=9 episode=15 success=True
2026-07-17 03:50:05,917 [INFO] seed=42 suite=libero_spatial task=9 episode=16 success=True
2026-07-17 03:50:47,259 [INFO] seed=42 suite=libero_spatial task=9 episode=17 success=True
2026-07-17 03:51:29,472 [INFO] seed=42 suite=libero_spatial task=9 episode=18 success=True
2026-07-17 03:52:11,680 [INFO] seed=42 suite=libero_spatial task=9 episode=19 success=True
2026-07-17 03:52:56,003 [INFO] seed=42 suite=libero_spatial task=9 episode=20 success=True
2026-07-17 03:53:39,302 [INFO] seed=42 suite=libero_spatial task=9 episode=21 success=True
2026-07-17 03:55:47,333 [INFO] seed=42 suite=libero_spatial task=9 episode=22 success=False
2026-07-17 03:56:28,702 [INFO] seed=42 suite=libero_spatial task=9 episode=23 success=True
2026-07-17 03:57:13,072 [INFO] seed=42 suite=libero_spatial task=9 episode=24 success=True
2026-07-17 03:57:57,620 [INFO] seed=42 suite=libero_spatial task=9 episode=25 success=True
2026-07-17 03:58:41,481 [INFO] seed=42 suite=libero_spatial task=9 episode=26 success=True
2026-07-17 03:59:28,079 [INFO] seed=42 suite=libero_spatial task=9 episode=27 success=True
2026-07-17 04:00:13,104 [INFO] seed=42 suite=libero_spatial task=9 episode=28 success=True
2026-07-17 04:00:57,085 [INFO] seed=42 suite=libero_spatial task=9 episode=29 success=True
2026-07-17 04:01:40,416 [INFO] seed=42 suite=libero_spatial task=9 episode=30 success=True
2026-07-17 04:02:23,610 [INFO] seed=42 suite=libero_spatial task=9 episode=31 success=True
2026-07-17 04:03:06,848 [INFO] seed=42 suite=libero_spatial task=9 episode=32 success=True
2026-07-17 04:03:52,940 [INFO] seed=42 suite=libero_spatial task=9 episode=33 success=True
2026-07-17 04:04:34,039 [INFO] seed=42 suite=libero_spatial task=9 episode=34 success=True
2026-07-17 04:05:18,204 [INFO] seed=42 suite=libero_spatial task=9 episode=35 success=True
2026-07-17 04:05:59,076 [INFO] seed=42 suite=libero_spatial task=9 episode=36 success=True
2026-07-17 04:06:41,379 [INFO] seed=42 suite=libero_spatial task=9 episode=37 success=True
2026-07-17 04:07:27,095 [INFO] seed=42 suite=libero_spatial task=9 episode=38 success=True
2026-07-17 04:08:11,742 [INFO] seed=42 suite=libero_spatial task=9 episode=39 success=True
2026-07-17 04:08:56,235 [INFO] seed=42 suite=libero_spatial task=9 episode=40 success=True
2026-07-17 04:09:56,221 [INFO] seed=42 suite=libero_spatial task=9 episode=41 success=True
2026-07-17 04:10:45,075 [INFO] seed=42 suite=libero_spatial task=9 episode=42 success=True
2026-07-17 04:11:34,173 [INFO] seed=42 suite=libero_spatial task=9 episode=43 success=True
2026-07-17 04:12:24,440 [INFO] seed=42 suite=libero_spatial task=9 episode=44 success=True
2026-07-17 04:13:12,578 [INFO] seed=42 suite=libero_spatial task=9 episode=45 success=True
2026-07-17 04:14:05,563 [INFO] seed=42 suite=libero_spatial task=9 episode=46 success=True
2026-07-17 04:14:55,198 [INFO] seed=42 suite=libero_spatial task=9 episode=47 success=True
2026-07-17 04:15:42,567 [INFO] seed=42 suite=libero_spatial task=9 episode=48 success=True
2026-07-17 04:16:31,122 [INFO] seed=42 suite=libero_spatial task=9 episode=49 success=True
[info] using task orders [0, 1, 2, 3, 4, 5, 6, 7, 8, 9]
2026-07-17 04:17:13,122 [INFO] seed=42 suite=libero_object task=7 episode=0 success=True
2026-07-17 04:17:52,186 [INFO] seed=42 suite=libero_object task=7 episode=1 success=True
2026-07-17 04:18:28,277 [INFO] seed=42 suite=libero_object task=7 episode=2 success=True
2026-07-17 04:18:58,610 [INFO] seed=42 suite=libero_object task=7 episode=3 success=True
2026-07-17 04:19:29,191 [INFO] seed=42 suite=libero_object task=7 episode=4 success=True
2026-07-17 04:20:00,127 [INFO] seed=42 suite=libero_object task=7 episode=5 success=True
2026-07-17 04:20:30,352 [INFO] seed=42 suite=libero_object task=7 episode=6 success=True
2026-07-17 04:21:01,836 [INFO] seed=42 suite=libero_object task=7 episode=7 success=True
2026-07-17 04:21:35,544 [INFO] seed=42 suite=libero_object task=7 episode=8 success=True
2026-07-17 04:22:03,219 [INFO] seed=42 suite=libero_object task=7 episode=9 success=True
2026-07-17 04:22:29,390 [INFO] seed=42 suite=libero_object task=7 episode=10 success=True
2026-07-17 04:22:56,301 [INFO] seed=42 suite=libero_object task=7 episode=11 success=True
2026-07-17 04:23:22,129 [INFO] seed=42 suite=libero_object task=7 episode=12 success=True
2026-07-17 04:23:50,926 [INFO] seed=42 suite=libero_object task=7 episode=13 success=True
2026-07-17 04:24:17,048 [INFO] seed=42 suite=libero_object task=7 episode=14 success=True
2026-07-17 04:24:46,596 [INFO] seed=42 suite=libero_object task=7 episode=15 success=True
2026-07-17 04:25:20,554 [INFO] seed=42 suite=libero_object task=7 episode=16 success=True
2026-07-17 04:25:52,039 [INFO] seed=42 suite=libero_object task=7 episode=17 success=True
2026-07-17 04:26:23,124 [INFO] seed=42 suite=libero_object task=7 episode=18 success=True
2026-07-17 04:26:54,641 [INFO] seed=42 suite=libero_object task=7 episode=19 success=True
2026-07-17 04:27:25,928 [INFO] seed=42 suite=libero_object task=7 episode=20 success=True
2026-07-17 04:27:57,999 [INFO] seed=42 suite=libero_object task=7 episode=21 success=True
2026-07-17 04:28:27,839 [INFO] seed=42 suite=libero_object task=7 episode=22 success=True
2026-07-17 04:28:59,714 [INFO] seed=42 suite=libero_object task=7 episode=23 success=True
2026-07-17 04:29:33,322 [INFO] seed=42 suite=libero_object task=7 episode=24 success=True
2026-07-17 04:30:05,571 [INFO] seed=42 suite=libero_object task=7 episode=25 success=True
2026-07-17 04:30:37,431 [INFO] seed=42 suite=libero_object task=7 episode=26 success=True
2026-07-17 04:31:08,209 [INFO] seed=42 suite=libero_object task=7 episode=27 success=True
2026-07-17 04:31:38,492 [INFO] seed=42 suite=libero_object task=7 episode=28 success=True
2026-07-17 04:32:10,423 [INFO] seed=42 suite=libero_object task=7 episode=29 success=True
2026-07-17 04:32:42,155 [INFO] seed=42 suite=libero_object task=7 episode=30 success=True
2026-07-17 04:33:14,174 [INFO] seed=42 suite=libero_object task=7 episode=31 success=True
2026-07-17 04:33:46,051 [INFO] seed=42 suite=libero_object task=7 episode=32 success=True
2026-07-17 04:34:19,228 [INFO] seed=42 suite=libero_object task=7 episode=33 success=True
2026-07-17 04:34:50,649 [INFO] seed=42 suite=libero_object task=7 episode=34 success=True
2026-07-17 04:35:21,347 [INFO] seed=42 suite=libero_object task=7 episode=35 success=True
2026-07-17 04:35:53,409 [INFO] seed=42 suite=libero_object task=7 episode=36 success=True
2026-07-17 04:36:25,876 [INFO] seed=42 suite=libero_object task=7 episode=37 success=True
2026-07-17 04:36:58,649 [INFO] seed=42 suite=libero_object task=7 episode=38 success=True
2026-07-17 04:37:31,271 [INFO] seed=42 suite=libero_object task=7 episode=39 success=True
2026-07-17 04:38:03,338 [INFO] seed=42 suite=libero_object task=7 episode=40 success=True
2026-07-17 04:38:36,083 [INFO] seed=42 suite=libero_object task=7 episode=41 success=True
2026-07-17 04:39:07,733 [INFO] seed=42 suite=libero_object task=7 episode=42 success=True
2026-07-17 04:39:39,920 [INFO] seed=42 suite=libero_object task=7 episode=43 success=True
2026-07-17 04:40:11,708 [INFO] seed=42 suite=libero_object task=7 episode=44 success=True
2026-07-17 04:40:44,043 [INFO] seed=42 suite=libero_object task=7 episode=45 success=True
2026-07-17 04:41:16,023 [INFO] seed=42 suite=libero_object task=7 episode=46 success=True
2026-07-17 04:41:47,815 [INFO] seed=42 suite=libero_object task=7 episode=47 success=True
2026-07-17 04:42:18,080 [INFO] seed=42 suite=libero_object task=7 episode=48 success=True
2026-07-17 04:42:49,094 [INFO] seed=42 suite=libero_object task=7 episode=49 success=True
[info] using task orders [0, 1, 2, 3, 4, 5, 6, 7, 8, 9]
2026-07-17 04:43:30,998 [INFO] seed=42 suite=libero_goal task=5 episode=0 success=True
2026-07-17 04:45:29,344 [INFO] seed=42 suite=libero_goal task=5 episode=1 success=False
2026-07-17 04:46:16,031 [INFO] seed=42 suite=libero_goal task=5 episode=2 success=True
2026-07-17 04:47:13,034 [INFO] seed=42 suite=libero_goal task=5 episode=3 success=True
2026-07-17 04:48:03,963 [INFO] seed=42 suite=libero_goal task=5 episode=4 success=True
2026-07-17 04:48:51,283 [INFO] seed=42 suite=libero_goal task=5 episode=5 success=True
2026-07-17 04:49:37,392 [INFO] seed=42 suite=libero_goal task=5 episode=6 success=True
2026-07-17 04:50:32,430 [INFO] seed=42 suite=libero_goal task=5 episode=7 success=True
2026-07-17 04:51:26,632 [INFO] seed=42 suite=libero_goal task=5 episode=8 success=True
2026-07-17 04:52:24,344 [INFO] seed=42 suite=libero_goal task=5 episode=9 success=True
2026-07-17 04:53:11,381 [INFO] seed=42 suite=libero_goal task=5 episode=10 success=True
2026-07-17 04:53:57,191 [INFO] seed=42 suite=libero_goal task=5 episode=11 success=True
2026-07-17 04:54:44,295 [INFO] seed=42 suite=libero_goal task=5 episode=12 success=True
2026-07-17 04:55:33,742 [INFO] seed=42 suite=libero_goal task=5 episode=13 success=True
2026-07-17 04:56:17,494 [INFO] seed=42 suite=libero_goal task=5 episode=14 success=True
2026-07-17 04:57:02,038 [INFO] seed=42 suite=libero_goal task=5 episode=15 success=True
2026-07-17 04:57:51,327 [INFO] seed=42 suite=libero_goal task=5 episode=16 success=True
2026-07-17 04:58:37,278 [INFO] seed=42 suite=libero_goal task=5 episode=17 success=True
2026-07-17 04:59:22,504 [INFO] seed=42 suite=libero_goal task=5 episode=18 success=True
2026-07-17 05:00:10,848 [INFO] seed=42 suite=libero_goal task=5 episode=19 success=True
2026-07-17 05:00:58,433 [INFO] seed=42 suite=libero_goal task=5 episode=20 success=True
2026-07-17 05:01:45,084 [INFO] seed=42 suite=libero_goal task=5 episode=21 success=True
2026-07-17 05:02:33,310 [INFO] seed=42 suite=libero_goal task=5 episode=22 success=True
2026-07-17 05:03:22,369 [INFO] seed=42 suite=libero_goal task=5 episode=23 success=True
2026-07-17 05:04:10,048 [INFO] seed=42 suite=libero_goal task=5 episode=24 success=True
2026-07-17 05:04:55,202 [INFO] seed=42 suite=libero_goal task=5 episode=25 success=True
2026-07-17 05:05:38,054 [INFO] seed=42 suite=libero_goal task=5 episode=26 success=True
2026-07-17 05:06:24,171 [INFO] seed=42 suite=libero_goal task=5 episode=27 success=True
2026-07-17 05:07:12,026 [INFO] seed=42 suite=libero_goal task=5 episode=28 success=True
2026-07-17 05:08:00,490 [INFO] seed=42 suite=libero_goal task=5 episode=29 success=True
2026-07-17 05:08:53,127 [INFO] seed=42 suite=libero_goal task=5 episode=30 success=True
2026-07-17 05:09:44,864 [INFO] seed=42 suite=libero_goal task=5 episode=31 success=True
2026-07-17 05:10:33,158 [INFO] seed=42 suite=libero_goal task=5 episode=32 success=True
2026-07-17 05:11:23,959 [INFO] seed=42 suite=libero_goal task=5 episode=33 success=True
2026-07-17 05:12:16,620 [INFO] seed=42 suite=libero_goal task=5 episode=34 success=True
2026-07-17 05:13:08,906 [INFO] seed=42 suite=libero_goal task=5 episode=35 success=True
2026-07-17 05:13:57,478 [INFO] seed=42 suite=libero_goal task=5 episode=36 success=True
2026-07-17 05:14:46,363 [INFO] seed=42 suite=libero_goal task=5 episode=37 success=True
2026-07-17 05:15:30,862 [INFO] seed=42 suite=libero_goal task=5 episode=38 success=True
2026-07-17 05:16:12,603 [INFO] seed=42 suite=libero_goal task=5 episode=39 success=True
2026-07-17 05:17:29,603 [INFO] seed=42 suite=libero_goal task=5 episode=40 success=True
2026-07-17 05:18:14,353 [INFO] seed=42 suite=libero_goal task=5 episode=41 success=True
2026-07-17 05:18:58,983 [INFO] seed=42 suite=libero_goal task=5 episode=42 success=True
2026-07-17 05:19:47,033 [INFO] seed=42 suite=libero_goal task=5 episode=43 success=True
2026-07-17 05:20:35,069 [INFO] seed=42 suite=libero_goal task=5 episode=44 success=True
2026-07-17 05:21:34,222 [INFO] seed=42 suite=libero_goal task=5 episode=45 success=True
2026-07-17 05:22:25,097 [INFO] seed=42 suite=libero_goal task=5 episode=46 success=True
2026-07-17 05:23:15,524 [INFO] seed=42 suite=libero_goal task=5 episode=47 success=True
2026-07-17 05:24:17,867 [INFO] seed=42 suite=libero_goal task=5 episode=48 success=True
2026-07-17 05:25:07,270 [INFO] seed=42 suite=libero_goal task=5 episode=49 success=True
[info] using task orders [0, 1, 2, 3, 4, 5, 6, 7, 8, 9]
2026-07-17 05:26:14,348 [INFO] seed=42 suite=libero_10 task=3 episode=0 success=True
2026-07-17 05:27:27,769 [INFO] seed=42 suite=libero_10 task=3 episode=1 success=True
2026-07-17 05:28:53,141 [INFO] seed=42 suite=libero_10 task=3 episode=2 success=True
2026-07-17 05:30:08,145 [INFO] seed=42 suite=libero_10 task=3 episode=3 success=True
2026-07-17 05:31:11,895 [INFO] seed=42 suite=libero_10 task=3 episode=4 success=True
2026-07-17 05:32:14,630 [INFO] seed=42 suite=libero_10 task=3 episode=5 success=True
2026-07-17 05:33:19,343 [INFO] seed=42 suite=libero_10 task=3 episode=6 success=True
2026-07-17 05:34:22,294 [INFO] seed=42 suite=libero_10 task=3 episode=7 success=True
2026-07-17 05:35:30,995 [INFO] seed=42 suite=libero_10 task=3 episode=8 success=True
2026-07-17 05:36:31,476 [INFO] seed=42 suite=libero_10 task=3 episode=9 success=True
2026-07-17 05:37:39,149 [INFO] seed=42 suite=libero_10 task=3 episode=10 success=True
2026-07-17 05:40:50,417 [INFO] seed=42 suite=libero_10 task=3 episode=11 success=False
2026-07-17 05:41:57,787 [INFO] seed=42 suite=libero_10 task=3 episode=12 success=True
2026-07-17 05:43:10,206 [INFO] seed=42 suite=libero_10 task=3 episode=13 success=True
2026-07-17 05:44:52,436 [INFO] seed=42 suite=libero_10 task=3 episode=14 success=True
2026-07-17 05:45:55,999 [INFO] seed=42 suite=libero_10 task=3 episode=15 success=True
2026-07-17 05:47:00,599 [INFO] seed=42 suite=libero_10 task=3 episode=16 success=True
2026-07-17 05:48:00,844 [INFO] seed=42 suite=libero_10 task=3 episode=17 success=True
2026-07-17 05:49:07,135 [INFO] seed=42 suite=libero_10 task=3 episode=18 success=True
2026-07-17 05:50:11,538 [INFO] seed=42 suite=libero_10 task=3 episode=19 success=True
2026-07-17 05:51:14,262 [INFO] seed=42 suite=libero_10 task=3 episode=20 success=True
2026-07-17 05:52:18,254 [INFO] seed=42 suite=libero_10 task=3 episode=21 success=True
2026-07-17 05:53:22,835 [INFO] seed=42 suite=libero_10 task=3 episode=22 success=True
2026-07-17 05:54:24,121 [INFO] seed=42 suite=libero_10 task=3 episode=23 success=True
2026-07-17 05:55:48,270 [INFO] seed=42 suite=libero_10 task=3 episode=24 success=True
2026-07-17 05:57:16,454 [INFO] seed=42 suite=libero_10 task=3 episode=25 success=True
2026-07-17 05:58:19,590 [INFO] seed=42 suite=libero_10 task=3 episode=26 success=True
2026-07-17 05:59:22,001 [INFO] seed=42 suite=libero_10 task=3 episode=27 success=True
2026-07-17 06:00:26,005 [INFO] seed=42 suite=libero_10 task=3 episode=28 success=True
2026-07-17 06:01:31,836 [INFO] seed=42 suite=libero_10 task=3 episode=29 success=True
2026-07-17 06:02:37,456 [INFO] seed=42 suite=libero_10 task=3 episode=30 success=True
2026-07-17 06:03:41,154 [INFO] seed=42 suite=libero_10 task=3 episode=31 success=True
2026-07-17 06:04:48,883 [INFO] seed=42 suite=libero_10 task=3 episode=32 success=True
2026-07-17 06:05:51,006 [INFO] seed=42 suite=libero_10 task=3 episode=33 success=True
2026-07-17 06:06:56,807 [INFO] seed=42 suite=libero_10 task=3 episode=34 success=True
2026-07-17 06:08:02,115 [INFO] seed=42 suite=libero_10 task=3 episode=35 success=True
2026-07-17 06:11:20,050 [INFO] seed=42 suite=libero_10 task=3 episode=36 success=False
2026-07-17 06:12:24,294 [INFO] seed=42 suite=libero_10 task=3 episode=37 success=True
2026-07-17 06:13:27,099 [INFO] seed=42 suite=libero_10 task=3 episode=38 success=True
2026-07-17 06:14:32,817 [INFO] seed=42 suite=libero_10 task=3 episode=39 success=True
2026-07-17 06:15:55,533 [INFO] seed=42 suite=libero_10 task=3 episode=40 success=True
2026-07-17 06:16:53,125 [INFO] seed=42 suite=libero_10 task=3 episode=41 success=True
2026-07-17 06:18:05,101 [INFO] seed=42 suite=libero_10 task=3 episode=42 success=True
2026-07-17 06:19:16,132 [INFO] seed=42 suite=libero_10 task=3 episode=43 success=True
2026-07-17 06:20:31,201 [INFO] seed=42 suite=libero_10 task=3 episode=44 success=True
2026-07-17 06:21:36,464 [INFO] seed=42 suite=libero_10 task=3 episode=45 success=True
2026-07-17 06:22:52,498 [INFO] seed=42 suite=libero_10 task=3 episode=46 success=True
2026-07-17 06:23:55,502 [INFO] seed=42 suite=libero_10 task=3 episode=47 success=True
2026-07-17 06:24:58,459 [INFO] seed=42 suite=libero_10 task=3 episode=48 success=True
2026-07-17 06:25:57,257 [INFO] seed=42 suite=libero_10 task=3 episode=49 success=True
2026-07-17 06:25:57,547 [INFO] Wrote /mnt/afs/zhengmingkai/raozf/benchmark/FastWAM/result/libero_3seeds/20260716_194717/seed42/worker_001.json: 245/250 (0.9800)
